; STKD=DC MINREF=E4/END=E4 ARGS: OFF=E8/MINREF=1E8/END=1E8/SHADOW=0
; SAVEDREGS: ebp.4,edi.4,ebx.4
; 1WAY-BLOCK 0 FAKE OUTBOUNDS: 1 [START=9648C6 END=9648C6] MINREFS: STK=E4/ARG=1E8, MAXBSP: 0
; DEF: (sf.1,al.1,rdi.5,cs.2,ss.2,arg+0.4)

; 2WAY-BLOCK 1 COMB INBOUNDS: 0 OUTBOUNDS: 2 3 [START=9648C6 END=9648DA] MINREFS: STK=E4/ARG=1E8, MAXBSP: E0
; USE-DEF LISTS ARE NOT READY
 jcnd    sf.1, @)(00000000000000183)                ; 9648D6 u=sf.1

; 1WAY-BLOCK 2 COMB FAKE INBOUNDS: 1 OUTBOUNDS: 3 [START=9648D6 END=9648DA] MINREFS: STK=E4/ARG=1E8, MAXBSP: D4
; USE: si.1
; DEF: al.1
; DNU: al.1
; VALRANGES: sf.1:==0
 mov     si.1{3}, al.1{3}        ; 9648D6 split1 u=si.1       d=al.1

; 0WAY-BLOCK 3 COMB INBOUNDS: 1 2 [START=9648DA END=964974] MINREFS: STK=E4/ARG=1E8, MAXBSP: D4
; USE: al.1,edi.4,cs.2,ss.2,arg+0.4,(GLBLOW,GLBHIGH)
; DEF: ax.2,ebx.4,edi.4
; DNU: ax.2,edi.4
 call    !__readeflags <fast:> => "unsigned int" .4 ; 9648E6 u=
 xds     al.1, ax.2{9}           ; 9648EA u=al.1       d=ah.1
 ext     ax.2{9},  #0x61.1 , ax.2  ; 96490A u=ax.2       d=ax.2
 mov      call !__ROR4__<fast:_DWORD  ( call !__ROL4__<fast:_DWORD  (%arg_0.4- #1.4 ) ,char  #2.1 > => _DWORD .4 - #1.4 ) ,char  #3.1 > => _DWORD .4 {10}, ebx.4{10} ; 96492B u=arg+0.4    d=ebx.4
 and      call !_byteswap_ushort<fast:"unsigned __int16" di.2> => "unsigned __int16" .2 ,  #0xFFFD.2 , di.2 ; 964930 u=di.2       d=di.2
 ext     edi.4,  #0x35.1 , edi.4   ; 96493F u=edi.4      d=edi.4
 ijmp    cs.2,  ( call !__ROL4__<fast:_DWORD  bnot( call !_byteswap_ulong<fast:"unsigned int"  ( call !_byteswap_ulong<fast:"unsigned int"  ( (ebx.4{10} ^  [ss.2: (ebx.4{10}- #4.4 ) ].4 ) - #1.4 ) > => "unsigned __int32" .4 + #1.4 ) > => "unsigned __int32" .4 ) ,char  #1.1 > => _DWORD .4 +&($loc_96494F).4)  ; 98FC85 u=ebx.4,cs.2,ss.2,(GLBLOW,GLBHIGH)

; STOP-BLOCK 4 FAKE [START=FFFFFFFF END=FFFFFFFF] MINREFS: STK=E4/ARG=1E8, MAXBSP: 0

