; STKD=D4 MINREF=0/END=DC ARGS: OFF=E0/MINREF=E0/END=1E0/SHADOW=0
; SAVEDREGS: ebx.4,ebp.4
; ????-BLOCK 0 FAKE [START=BE9E16 END=BE9E16] MINREFS: STK=0/ARG=E0, MAXBSP: 0

; ????-BLOCK 1 PROP COMB [START=BE9E16 END=BE9E8C] MINREFS: STK=0/ARG=E0, MAXBSP: D8
; USE-DEF LISTS ARE NOT READY
 mov     ecx.4, %0xD0.4          ; BE9E20 u=ecx.4      d=sp+D0.4
 mov      call !__readeflags<fast:> => "unsigned int" .4 , kr00_4.4 ; BE9E21 dontprop mbarrier u=           d=kr00_4.4
 mov     kr00_4.4, %0xCC.4       ; BE9E21 u=kr00_4.4   d=sp+CC.4
 mov     edi.4, %0xC8.4          ; BE9E2C u=edi.4      d=sp+C8.4
 mov     eax.4, %0xC4.4          ; BE9E33 u=eax.4      d=sp+C4.4
 mov      #0.4 , ecx.4             ; BE9E34 u=           d=ecx.4
 mov      #0.4 , %0xC0.4           ; BE9E39 u=           d=sp+C0.4
 bnot    eax.4, eax.4            ; BE9E3C u=eax.4      d=eax.4
 mov     %arg_8.4, ebp.4         ; BE9E41 u=arg+8.4    d=ebp.4
 mov      #1.1 , t1.1              ; BE9E49 u=           d=t1.1
 mov      call !__ROL4__<fast:_DWORD ebp.4,char t1.1> => _DWORD .4 , ebp.4 ; BE9E49 u=ebp.4,t1.1 d=ebp.4
 mov     edx.4, edi.4            ; BE9E4E u=edx.4      d=edi.4
 add     ax.2,  #1.2 , ax.2        ; BE9E50 u=ax.2       d=ax.2
 add     ebp.4,  #1.4 , ebp.4      ; BE9E53 u=ebp.4      d=ebp.4
 neg     ebp.4, ebp.4            ; BE9E54 u=ebp.4      d=ebp.4
 xds     dx.2, ebx.4             ; BE9E56 u=dx.2       d=ebx.4
 mov      call !_byteswap_ulong<fast:"unsigned int" ebx.4> => "unsigned __int32" .4 , ebx.4 ; BE9E59 u=ebx.4      d=ebx.4
 add     ebp.4,  #1.4 , ebp.4      ; BE9E5E u=ebp.4      d=ebp.4
 mov      #0x74.1 , t1.1           ; BE9E5F u=           d=t1.1
 mov      call !__ROR4__<fast:_DWORD eax.4,char t1.1> => _DWORD .4 , eax.4 ; BE9E5F u=eax.4,t1.1 d=eax.4
 mov      call !__ROR1__<fast:_BYTE al.1,char cl.1> => _BYTE .1 , al.1 ; BE9E62 u=al.1,cl.1  d=al.1
 mov      #1.1 , t1.1              ; BE9E68 u=           d=t1.1
 mov      call !__ROR4__<fast:_DWORD ebp.4,char t1.1> => _DWORD .4 , ebp.4 ; BE9E68 u=ebp.4,t1.1 d=ebp.4
 call    !_BitScanForward <fast:"unsigned __int16 *" &(bx.2)<0/2>.4,"unsigned __int16" dx.2> => "unsigned __int8" .0 ; BE9E6A u=dx.2       d=bx.2
 or      edi.4,  ( #1.4  <<l al.1) , edi.4 ; BE9E6E u=al.1,edi.4 d=edi.4
 add     ecx.4, ebp.4, ebp.4     ; BE9E71 u=ecx.4,ebp.4 d=ebp.4
 mov      #0x23.1 , al.1           ; BE9E73 u=           d=al.1
 shr     ebx.4, cl.1, ebx.4      ; BE9E79 u=cl.1,ebx.4 d=ebx.4
 mov     esp.4, esi.4            ; BE9E7B u=esp.4      d=esi.4
 or      ebx.4,  #0x29B41947.4 , ebx.4 ; BE9E7D u=ebx.4      d=ebx.4
 cfshl   cl.1,  #0x1A.1 , cf.1     ; BE9E89 u=cl.1       d=cf.1
 und     of.1                    ; BE9E89 u=           d=of.1
 setz    cl.1,  #0.1 , zf.1        ; BE9E89 u=cl.1       d=zf.1
 setp    cl.1,  #0.1 , pf.1        ; BE9E89 u=cl.1       d=pf.1
 sets    cl.1, sf.1              ; BE9E89 u=cl.1       d=sf.1

; ????-BLOCK 2 PROP COMB [START=BE9E8C END=BE9EA6] MINREFS: STK=0/ARG=E0, MAXBSP: 0
; USE: ax.2,edx.4,ebp.4,(ALLMEM)
; DEF: cf.1,zf.1,sf.1,of.1,pf.1,ax.2,rcx.8,edi.4,(ALLMEM)
; DNU: cf.1,zf.1,sf.1,of.1,pf.1,ax.2,ebx.4,edi.4
 mov     ebp.4, ebx.4            ; BE9E8C u=ebp.4      d=ebx.4
 mov      #0.4 , ecx.4             ; BE9E93 u=           d=ecx.4
 call    !_BitScanReverse <fast:"unsigned int *" &(edi.4)<0/4>.4,"unsigned int" edx.4> => "unsigned __int8" .0 ; BE9E9C u=edx.4      d=edi.4
 sub     ebx.4, ecx.4, ebx.4     ; BE9E9F u=rcx.8      d=ebx.4
 mov      #0xC.1 , t1.1            ; BE9EA1 u=           d=t1.1
 mov      call !_bittestandreset16<fast:"__int16 *" &(ax.2)<2/2>.4,"unsigned __int8" t1.1> => "unsigned __int8" .1 , cf.1 ; BE9EA1 u=ax.2,t1.1,(ALLMEM) d=cf.1,ax.2,(ALLMEM)
 und     zf.1                    ; BE9EA1 u=           d=zf.1
 und     sf.1                    ; BE9EA1 u=           d=sf.1
 und     of.1                    ; BE9EA1 u=           d=of.1
 und     pf.1                    ; BE9EA1 u=           d=pf.1

; ????-BLOCK 3 PROP COMB [START=BE9EA6 END=BE9EB7] MINREFS: STK=0/ARG=E0, MAXBSP: 0
; USE: ebp.4,ss.2,(GLBLOW,LVARS,ARGS,GLBHIGH)
; DEF: eax.4,edi.4
; DNU: eax.4,edi.4
 mov     &($loc_BE9EA6).4, edi.4 ; BE9EA6 u=           d=edi.4
 ldx     ss.2, ebp.4, eax.4      ; BE9EAE u=ebp.4,ss.2,(GLBLOW,LVARS,ARGS,GLBHIGH) d=eax.4
 goto    $loc_96FCC8             ; BE9EB2 u=

; ????-BLOCK 4 PROP COMB [START=96FCC8 END=96FCFC] MINREFS: STK=0/ARG=E0, MAXBSP: 0
; USE: eax.4,ebx.4,ebp.4,edi.4
; DEF: cf.1,zf.1,sf.1,of.1,pf.1,eax.4,ebx.4,ebp.4,edi.4
; DNU: cf.1,zf.1,sf.1,of.1,pf.1,ebx.4,ebp.4,edi.4
 add     ebp.4,  #4.4 , ebp.4      ; 96FCC8 u=ebp.4      d=ebp.4
 xor     ebx.4, eax.4, eax.4     ; 96FCD0 u=eax.4,ebx.4 d=eax.4
 sub     eax.4,  #0x52032F2.4 , eax.4 ; 96FCD2 u=eax.4      d=eax.4
 mov      #1.1 , t1.1              ; 96FCD7 u=           d=t1.1
 mov      call !__ROR4__<fast:_DWORD eax.4,char t1.1> => _DWORD .4 , eax.4 ; 96FCD7 u=eax.4,t1.1 d=eax.4
 add     eax.4,  #0x42720AA7.4 , eax.4 ; 96FCDD u=eax.4      d=eax.4
 mov      #3.1 , t1.1              ; 96FCE2 u=           d=t1.1
 mov      call !__ROL4__<fast:_DWORD eax.4,char t1.1> => _DWORD .4 , eax.4 ; 96FCE2 u=eax.4,t1.1 d=eax.4
 add     eax.4,  #1.4 , eax.4      ; 96FCE5 u=eax.4      d=eax.4
 xor     eax.4, ebx.4, ebx.4     ; 96FCE7 u=eax.4,ebx.4 d=ebx.4
 cfadd   eax.4, edi.4, cf.1      ; 96FCF5 u=eax.4,edi.4 d=cf.1
 ofadd   eax.4, edi.4, of.1      ; 96FCF5 u=eax.4,edi.4 d=of.1
 setz     (eax.4+edi.4) ,  #0.4 , zf.1 ; 96FCF5 u=eax.4,edi.4 d=zf.1
 setp     (eax.4+edi.4) ,  #0.4 , pf.1 ; 96FCF5 u=eax.4,edi.4 d=pf.1
 sets     (eax.4+edi.4) , sf.1     ; 96FCF5 u=eax.4,edi.4 d=sf.1
 add     eax.4, edi.4, edi.4     ; 96FCF5 u=eax.4,edi.4 d=edi.4
 goto    $loc_C758D7             ; 96FCF7 u=

; ????-BLOCK 5 PROP [START=C758D7 END=C758D9] MINREFS: STK=0/ARG=E0, MAXBSP: 0
; USE: edi.4,cs.2
 ijmp    cs.2, edi.4             ; C758D7 u=edi.4,cs.2

; STOP-BLOCK 6 PROP FAKE [START=FFFFFFFF END=FFFFFFFF] MINREFS: STK=0/ARG=E0, MAXBSP: 0

