; STKD=E8 MINREF=0/END=E8 ARGS: OFF=EC/MINREF=EC/END=1EC/SHADOW=0
; ????-BLOCK 0 PROP FAKE [START=C6B456 END=C6B456] MINREFS: STK=0/ARG=EC, MAXBSP: 0

; ????-BLOCK 1 PROP PUSH [START=C6B456 END=C6B4F7] MINREFS: STK=0/ARG=EC, MAXBSP: E8
; USE-DEF LISTS ARE NOT READY
 nop                             ; C6B456 u=
 push    eax.4                   ; C6B456 u=eax.4,esp.4 d=esp.4,sp+E4..
 mov     bp.2, ax.2              ; C6B457 u=bp.2       d=ax.2
 mov     al.1, t0.1              ; C6B45A u=al.1       d=t0.1
 mov     t0.1, al.1              ; C6B45A u=t0.1       d=al.1
 xds     al.1, ax.2              ; C6B45C u=al.1       d=ah.1
 nop                             ; C6B45E u=
 push    edx.4                   ; C6B45E u=edx.4,esp.4 d=esp.4,sp+E0.4
 mov      call !__readeflags<fast:> => "unsigned int" .4 , kr00_4.4 ; C6B45F dontprop mbarrier u=           d=kr00_4.4
 nop                             ; C6B45F u=
 push    kr00_4.4                ; C6B45F u=esp.4,kr00_4.4 d=esp.4,sp+DC.4
 nop                             ; C6B460 u=
 push    ebp.4                   ; C6B460 u=esp.4,ebp.4 d=esp.4,sp+D8.4
 mov      #0x2E.1 , t1.1           ; C6B461 u=           d=t1.1
 cfshr   ax.2, t1.1, tt.1        ; C6B461 u=ax.2,t1.1  d=tt.1
 mov      call !__ROR2__<fast:_WORD ax.2,char t1.1> => _WORD .2 , ax.2 ; C6B461 u=ax.2,t1.1  d=ax.2
 mov     tt.1, cf.1              ; C6B461 u=tt.1       d=cf.1
 und     of.1                    ; C6B461 u=           d=of.1
 mov      #0xAE.1 , t1.1           ; C6B465 u=           d=t1.1
 mov      call !_bittestandcomplement<fast:"int *" &(eax.4)<4/4>.4,"unsigned __int8" t1.1> => "unsigned __int8" .1 , cf.1 ; C6B465 u=eax.4,t1.1,(ALLMEM) d=cf.1,eax.4,(ALLMEM)
 und     zf.1                    ; C6B465 u=           d=zf.1
 und     sf.1                    ; C6B465 u=           d=sf.1
 und     of.1                    ; C6B465 u=           d=of.1
 und     pf.1                    ; C6B465 u=           d=pf.1
 nop                             ; C6B469 u=
 push    ebx.4                   ; C6B469 u=ebx.4,esp.4 d=esp.4,sp+D4.4
 mov     sp.2, t0.2              ; C6B46A u=sp.2       d=t0.2
 setb    t0.2, bx.2, cf.1        ; C6B46A u=bx.2,t0.2  d=cf.1
 seto    t0.2, bx.2, of.1        ; C6B46A u=bx.2,t0.2  d=of.1
 sub     t0.2, bx.2, t0.2        ; C6B46A u=bx.2,t0.2  d=t0.2
 setz    t0.2,  #0.2 , zf.1        ; C6B46A u=t0.2       d=zf.1
 setp    t0.2,  #0.2 , pf.1        ; C6B46A u=t0.2       d=pf.1
 sets    t0.2, sf.1              ; C6B46A u=t0.2       d=sf.1
 lnot     call !_BitScanReverse<fast:"unsigned int *" &(ebx.4)<0/4>.4,"unsigned int" ebx.4> => "unsigned __int8" .1 , zf.1 ; C6B46D u=ebx.4      d=zf.1,ebx.4
 und     cf.1                    ; C6B46D u=           d=cf.1
 und     sf.1                    ; C6B46D u=           d=sf.1
 und     of.1                    ; C6B46D u=           d=of.1
 und     pf.1                    ; C6B46D u=           d=pf.1
 xds     ax.2, eax.4             ; C6B470 u=ax.2       d=eax^2.2
 nop                             ; C6B471 u=
 push    esi.4                   ; C6B471 u=esp.4,esi.4 d=esp.4,sp+D0.4
 mov      call !_bittestandset<fast:"int *" &(eax.4)<4/4>.4,"unsigned int" ebx.4> => "unsigned __int8" .1 , cf.1 ; C6B472 u=eax.4,ebx.4,(ALLMEM) d=cf.1,eax.4,(ALLMEM)
 und     zf.1                    ; C6B472 u=           d=zf.1
 und     sf.1                    ; C6B472 u=           d=sf.1
 und     of.1                    ; C6B472 u=           d=of.1
 und     pf.1                    ; C6B472 u=           d=pf.1
 ofadd    #1.4 , esi.4, of.1       ; C6B475 u=esi.4      d=of.1
 add     esi.4,  #1.4 , esi.4      ; C6B475 u=esi.4      d=esi.4
 setz    esi.4,  #0.4 , zf.1       ; C6B475 u=esi.4      d=zf.1
 setp    esi.4,  #0.4 , pf.1       ; C6B475 u=esi.4      d=pf.1
 sets    esi.4, sf.1             ; C6B475 u=esi.4      d=sf.1
 nop                             ; C6B476 u=
 push    edi.4                   ; C6B476 u=esp.4,edi.4 d=esp.4,sp+CC.4
 mov      #0x41.1 , t1.1           ; C6B477 u=           d=t1.1
 mov      call !_bittestandreset<fast:"int *" &(edi.4)<4/4>.4,"unsigned __int8" t1.1> => "unsigned __int8" .1 , cf.1 ; C6B477 u=edi.4,t1.1,(ALLMEM) d=cf.1,edi.4,(ALLMEM)
 und     zf.1                    ; C6B477 u=           d=zf.1
 und     sf.1                    ; C6B477 u=           d=sf.1
 und     of.1                    ; C6B477 u=           d=of.1
 und     pf.1                    ; C6B477 u=           d=pf.1
 nop                             ; C6B47B u=
 push    ecx.4                   ; C6B47B u=ecx.4,esp.4 d=esp.4,sp+C8.4
 mov      #0x7ACE50CA.4 , et1.4    ; C6B47C u=           d=et1.4
 and     et1.4, ebp.4, ebp.4     ; C6B47C u=ebp.4,et1.4 d=ebp.4
 mov      #0.1 , cf.1              ; C6B47C u=           d=cf.1
 mov      #0.1 , of.1              ; C6B47C u=           d=of.1
 setz    ebp.4,  #0.4 , zf.1       ; C6B47C u=ebp.4      d=zf.1
 setp    ebp.4,  #0.4 , pf.1       ; C6B47C u=ebp.4      d=pf.1
 sets    ebp.4, sf.1             ; C6B47C u=ebp.4      d=sf.1
 mov      #0x32A5.2 , t1.2         ; C6B482 u=           d=t1.2
 xdu     cf.1, tt.2              ; C6B482 u=cf.1       d=tt.2
 add     tt.2, t1.2, tt.2        ; C6B482 u=t1.2,tt.2  d=tt.2
 setb    di.2, tt.2, cf.1        ; C6B482 u=di.2,tt.2  d=cf.1
 seto    di.2, tt.2, of.1        ; C6B482 u=di.2,tt.2  d=of.1
 sub     di.2, tt.2, di.2        ; C6B482 u=di.2,tt.2  d=di.2
 setz    di.2,  #0.2 , zf.1        ; C6B482 u=di.2       d=zf.1
 setp    di.2,  #0.2 , pf.1        ; C6B482 u=di.2       d=pf.1
 sets    di.2, sf.1              ; C6B482 u=di.2       d=sf.1
 xdu     si.2, edi.4             ; C6B487 u=si.2       d=edi.4
 mov      #0.4 , et1.4             ; C6B48A u=           d=et1.4
 mov     et1.4, ecx.4            ; C6B48A u=et1.4      d=ecx.4
 nop                             ; C6B48F u=
 push    ecx.4                   ; C6B48F u=ecx.4,esp.4 d=esp.4,sp+C4.4
 xdu     cf.1, tt.2              ; C6B490 u=cf.1       d=tt.2
 add     tt.2, di.2, tt.2        ; C6B490 u=di.2,tt.2  d=tt.2
 setb    bp.2, tt.2, cf.1        ; C6B490 u=bp.2,tt.2  d=cf.1
 seto    bp.2, tt.2, of.1        ; C6B490 u=bp.2,tt.2  d=of.1
 sub     bp.2, tt.2, bp.2        ; C6B490 u=bp.2,tt.2  d=bp.2
 setz    bp.2,  #0.2 , zf.1        ; C6B490 u=bp.2       d=zf.1
 setp    bp.2,  #0.2 , pf.1        ; C6B490 u=bp.2       d=pf.1
 sets    bp.2, sf.1              ; C6B490 u=bp.2       d=sf.1
 mov     esp.4, eoff.4           ; C6B493 u=esp.4      d=eoff.4
 mov     ss.2, seg.2             ; C6B493 u=ss.2       d=seg.2
 add     eoff.4,  #0x28.4 , eoff.4 ; C6B493 u=eoff.4     d=eoff.4
 ldx     seg.2, eoff.4, et1.4    ; C6B493 u=eoff.4,seg.2,(GLBLOW,LVARS,ARGS,GLBHIGH) d=et1.4
 mov     et1.4, esi.4            ; C6B493 u=et1.4      d=esi.4
 mov      #0x7BC21E20.4 , et1.4    ; C6B497 u=           d=et1.4
 or      et1.4, ebp.4, ebp.4     ; C6B497 u=ebp.4,et1.4 d=ebp.4
 mov      #0.1 , cf.1              ; C6B497 u=           d=cf.1
 mov      #0.1 , of.1              ; C6B497 u=           d=of.1
 setz    ebp.4,  #0.4 , zf.1       ; C6B497 u=ebp.4      d=zf.1
 setp    ebp.4,  #0.4 , pf.1       ; C6B497 u=ebp.4      d=pf.1
 sets    ebp.4, sf.1             ; C6B497 u=ebp.4      d=sf.1
 mov      #0xCAA.2 , t1.2          ; C6B49D u=           d=t1.2
 cfadd   t1.2, ax.2, cf.1        ; C6B49D u=ax.2,t1.2  d=cf.1
 ofadd   t1.2, ax.2, of.1        ; C6B49D u=ax.2,t1.2  d=of.1
 add     t1.2, ax.2, tt.2        ; C6B49D u=ax.2,t1.2  d=tt.2
 setz    tt.2,  #0.2 , zf.1        ; C6B49D u=tt.2       d=zf.1
 setp    tt.2,  #0.2 , pf.1        ; C6B49D u=tt.2       d=pf.1
 sets    tt.2, sf.1              ; C6B49D u=tt.2       d=sf.1
 mov     tt.2, ax.2              ; C6B49D u=tt.2       d=ax.2
 seto    ah.1,  #1.1 , of.1        ; C6B4A1 u=ah.1       d=of.1
 sub     ah.1,  #1.1 , ah.1        ; C6B4A1 u=ah.1       d=ah.1
 setz    ah.1,  #0.1 , zf.1        ; C6B4A1 u=ah.1       d=zf.1
 setp    ah.1,  #0.1 , pf.1        ; C6B4A1 u=ah.1       d=pf.1
 sets    ah.1, sf.1              ; C6B4A1 u=ah.1       d=sf.1
 neg     esi.4, esi.4            ; C6B4A3 u=esi.4      d=esi.4
 seto    esi.4,  #1.4 , of.1       ; C6B4A3 u=esi.4      d=of.1
 setnz   esi.4,  #0.4 , cf.1       ; C6B4A3 u=esi.4      d=cf.1
 setz    esi.4,  #0.4 , zf.1       ; C6B4A3 u=esi.4      d=zf.1
 setp    esi.4,  #0.4 , pf.1       ; C6B4A3 u=esi.4      d=pf.1
 sets    esi.4, sf.1             ; C6B4A3 u=esi.4      d=sf.1
 xds     al.1, ax.2              ; C6B4A5 u=al.1       d=ah.1
 mov      #3.1 , t1.1              ; C6B4A7 u=           d=t1.1
 cfshr   esi.4, t1.1, tt.1       ; C6B4A7 u=esi.4,t1.1 d=tt.1
 mov      call !__ROR4__<fast:_DWORD esi.4,char t1.1> => _DWORD .4 , esi.4 ; C6B4A7 u=esi.4,t1.1 d=esi.4
 mov     tt.1, cf.1              ; C6B4A7 u=tt.1       d=cf.1
 und     of.1                    ; C6B4A7 u=           d=of.1
 mov      call !_bittest<fast:"const int *" &(edi.4)<4/0>.4,"unsigned int" esp.4> => "unsigned __int8" .1 , cf.1 ; C6B4AA u=esp.4,edi.4,(ALLMEM) d=cf.1
 und     zf.1                    ; C6B4AA u=           d=zf.1
 und     sf.1                    ; C6B4AA u=           d=sf.1
 und     of.1                    ; C6B4AA u=           d=of.1
 und     pf.1                    ; C6B4AA u=           d=pf.1
 mov      #0x71F41E29.4 , et1.4    ; C6B4AD u=           d=et1.4
 xor     et1.4, esi.4, esi.4     ; C6B4AD u=esi.4,et1.4 d=esi.4
 mov      #0.1 , cf.1              ; C6B4AD u=           d=cf.1
 mov      #0.1 , of.1              ; C6B4AD u=           d=of.1
 setz    esi.4,  #0.4 , zf.1       ; C6B4AD u=esi.4      d=zf.1
 setp    esi.4,  #0.4 , pf.1       ; C6B4AD u=esi.4      d=pf.1
 sets    esi.4, sf.1             ; C6B4AD u=esi.4      d=sf.1
 mov      #0x1081.2 , t1.2         ; C6B4B3 u=           d=t1.2
 xor     t1.2, di.2, di.2        ; C6B4B3 u=di.2,t1.2  d=di.2
 mov      #0.1 , cf.1              ; C6B4B3 u=           d=cf.1
 mov      #0.1 , of.1              ; C6B4B3 u=           d=of.1
 setz    di.2,  #0.2 , zf.1        ; C6B4B3 u=di.2       d=zf.1
 setp    di.2,  #0.2 , pf.1        ; C6B4B3 u=di.2       d=pf.1
 sets    di.2, sf.1              ; C6B4B3 u=di.2       d=sf.1
 bnot    esi.4, esi.4            ; C6B4B8 u=esi.4      d=esi.4
 mov     pf.1, al.1              ; C6B4BA u=pf.1       d=al.1
 mov      #0x6FEB4005.4 , et1.4    ; C6B4BD u=           d=et1.4
 xdu     cf.1, ett.4             ; C6B4BD u=cf.1       d=ett.4
 add     ett.4, et1.4, ett.4     ; C6B4BD u=et1.4,ett.4 d=ett.4
 setb    eax.4, ett.4, cf.1      ; C6B4BD u=eax.4,ett.4 d=cf.1
 seto    eax.4, ett.4, of.1      ; C6B4BD u=eax.4,ett.4 d=of.1
 sub     eax.4, ett.4, eax.4     ; C6B4BD u=eax.4,ett.4 d=eax.4
 setz    eax.4,  #0.4 , zf.1       ; C6B4BD u=eax.4      d=zf.1
 setp    eax.4,  #0.4 , pf.1       ; C6B4BD u=eax.4      d=pf.1
 sets    eax.4, sf.1             ; C6B4BD u=eax.4      d=sf.1
 mov      #0x10214980.4 , et1.4    ; C6B4C2 u=           d=et1.4
 setb    esi.4, et1.4, cf.1      ; C6B4C2 u=esi.4,et1.4 d=cf.1
 seto    esi.4, et1.4, of.1      ; C6B4C2 u=esi.4,et1.4 d=of.1
 sub     esi.4, et1.4, esi.4     ; C6B4C2 u=esi.4,et1.4 d=esi.4
 setz    esi.4,  #0.4 , zf.1       ; C6B4C2 u=esi.4      d=zf.1
 setp    esi.4,  #0.4 , pf.1       ; C6B4C2 u=esi.4      d=pf.1
 sets    esi.4, sf.1             ; C6B4C2 u=esi.4      d=sf.1
 mov      call !_byteswap_ulong<fast:"unsigned int" esi.4> => "unsigned __int32" .4 , esi.4 ; C6B4C8 u=esi.4      d=esi.4
 mov     fl.1, ah.1              ; C6B4CA u=fl.1       d=ah.1
 bnot    esi.4, esi.4            ; C6B4CB u=esi.4      d=esi.4
 mov      call !_byteswap_ulong<fast:"unsigned int" ebp.4> => "unsigned __int32" .4 , ebp.4 ; C6B4CD u=ebp.4      d=ebp.4
 ofadd    #1.4 , esi.4, of.1       ; C6B4CF u=esi.4      d=of.1
 add     esi.4,  #1.4 , esi.4      ; C6B4CF u=esi.4      d=esi.4
 setz    esi.4,  #0.4 , zf.1       ; C6B4CF u=esi.4      d=zf.1
 setp    esi.4,  #0.4 , pf.1       ; C6B4CF u=esi.4      d=pf.1
 sets    esi.4, sf.1             ; C6B4CF u=esi.4      d=sf.1
 bnot    esi.4, esi.4            ; C6B4D0 u=esi.4      d=esi.4
 neg     esi.4, esi.4            ; C6B4D2 u=esi.4      d=esi.4
 seto    esi.4,  #1.4 , of.1       ; C6B4D2 u=esi.4      d=of.1
 setnz   esi.4,  #0.4 , cf.1       ; C6B4D2 u=esi.4      d=cf.1
 setz    esi.4,  #0.4 , zf.1       ; C6B4D2 u=esi.4      d=zf.1
 setp    esi.4,  #0.4 , pf.1       ; C6B4D2 u=esi.4      d=pf.1
 sets    esi.4, sf.1             ; C6B4D2 u=esi.4      d=sf.1
 mov      #0x48DC2A1F.4 , et1.4    ; C6B4D4 u=           d=et1.4
 xor     et1.4, esi.4, esi.4     ; C6B4D4 u=esi.4,et1.4 d=esi.4
 mov      #0.1 , cf.1              ; C6B4D4 u=           d=cf.1
 mov      #0.1 , of.1              ; C6B4D4 u=           d=of.1
 setz    esi.4,  #0.4 , zf.1       ; C6B4D4 u=esi.4      d=zf.1
 setp    esi.4,  #0.4 , pf.1       ; C6B4D4 u=esi.4      d=pf.1
 sets    esi.4, sf.1             ; C6B4D4 u=esi.4      d=sf.1
 mov      #0x2C.1 , t1.1           ; C6B4DA u=           d=t1.1
 cfshr   bx.2, t1.1, tt.1        ; C6B4DA u=bx.2,t1.1  d=tt.1
 mov      call !__ROR2__<fast:_WORD bx.2,char t1.1> => _WORD .2 , bx.2 ; C6B4DA u=bx.2,t1.1  d=bx.2
 mov     tt.1, cf.1              ; C6B4DA u=tt.1       d=cf.1
 und     of.1                    ; C6B4DA u=           d=of.1
 mov      call !_byteswap_ulong<fast:"unsigned int" edi.4> => "unsigned __int32" .4 , edi.4 ; C6B4DE u=edi.4      d=edi.4
 cfadd   ecx.4, esi.4, cf.1      ; C6B4E0 u=ecx.4,esi.4 d=cf.1
 ofadd   ecx.4, esi.4, of.1      ; C6B4E0 u=ecx.4,esi.4 d=of.1
 add     ecx.4, esi.4, ett.4     ; C6B4E0 u=ecx.4,esi.4 d=ett.4
 setz    ett.4,  #0.4 , zf.1       ; C6B4E0 u=ett.4      d=zf.1
 setp    ett.4,  #0.4 , pf.1       ; C6B4E0 u=ett.4      d=pf.1
 sets    ett.4, sf.1             ; C6B4E0 u=ett.4      d=sf.1
 mov     ett.4, esi.4            ; C6B4E0 u=ett.4      d=esi.4
 mov      call !_bittestandreset<fast:"int *" &(ecx.4)<4/4>.4,"unsigned int" esp.4> => "unsigned __int8" .1 , cf.1 ; C6B4E2 u=ecx.4,esp.4,(ALLMEM) d=cf.1,ecx.4,(ALLMEM)
 und     zf.1                    ; C6B4E2 u=           d=zf.1
 und     sf.1                    ; C6B4E2 u=           d=sf.1
 und     of.1                    ; C6B4E2 u=           d=of.1
 und     pf.1                    ; C6B4E2 u=           d=pf.1
 ofadd    #1.4 , ebp.4, of.1       ; C6B4E5 u=ebp.4      d=of.1
 add     ebp.4,  #1.4 , ebp.4      ; C6B4E5 u=ebp.4      d=ebp.4
 setz    ebp.4,  #0.4 , zf.1       ; C6B4E5 u=ebp.4      d=zf.1
 setp    ebp.4,  #0.4 , pf.1       ; C6B4E5 u=ebp.4      d=pf.1
 sets    ebp.4, sf.1             ; C6B4E5 u=ebp.4      d=sf.1
 mov     esp.4, edi.4            ; C6B4E6 u=esp.4      d=edi.4
 mov      #0xC0.4 , et1.4          ; C6B4E8 u=           d=et1.4
 setb    esp.4, et1.4, cf.1      ; C6B4E8 u=esp.4,et1.4 d=cf.1
 seto    esp.4, et1.4, of.1      ; C6B4E8 u=esp.4,et1.4 d=of.1
 sub     esp.4, et1.4, esp.4     ; C6B4E8 u=esp.4,et1.4 d=esp.4
 setz    esp.4,  #0.4 , zf.1       ; C6B4E8 u=esp.4      d=zf.1
 setp    esp.4,  #0.4 , pf.1       ; C6B4E8 u=esp.4      d=pf.1
 sets    esp.4, sf.1             ; C6B4E8 u=esp.4      d=sf.1
 mov      #0xE3.1 , t1.1           ; C6B4EE u=           d=t1.1
 cfshr   ax.2, t1.1, cf.1        ; C6B4EE u=ax.2,t1.1  d=cf.1
 shr     ax.2, t1.1, ax.2        ; C6B4EE u=ax.2,t1.1  d=ax.2
 und     of.1                    ; C6B4EE u=           d=of.1
 setz    ax.2,  #0.2 , zf.1        ; C6B4EE u=ax.2       d=zf.1
 setp    ax.2,  #0.2 , pf.1        ; C6B4EE u=ax.2       d=pf.1
 sets    ax.2, sf.1              ; C6B4EE u=ax.2       d=sf.1
 xor     sf.1, of.1, t0.1        ; C6B4F2 u=sf.1,of.1  d=t0.1
 lnot    t0.1, ch.1              ; C6B4F2 u=t0.1       d=ch.1
 mov      call !_byteswap_ulong<fast:"unsigned int" ecx.4> => "unsigned __int32" .4 , ecx.4 ; C6B4F5 u=ecx.4      d=ecx.4

; ????-BLOCK 2 PROP [START=C6B4F7 END=C6B508] MINREFS: STK=0/ARG=EC, MAXBSP: 4
; USE-DEF LISTS ARE NOT READY
 mov     esi.4, ebx.4            ; C6B4F7 u=esi.4      d=ebx.4
 mov      #0.4 , et1.4             ; C6B4F9 u=           d=et1.4
 mov     et1.4, ecx.4            ; C6B4F9 u=et1.4      d=ecx.4
 mov      call !_bittestandreset16<fast:"__int16 *" &(bp.2)<2/2>.4,"unsigned __int16" ax.2> => "unsigned __int8" .1 , cf.1 ; C6B4FE u=ax.2,bp.2,(ALLMEM) d=cf.1,bp.2,(ALLMEM)
 und     zf.1                    ; C6B4FE u=           d=zf.1
 und     sf.1                    ; C6B4FE u=           d=sf.1
 und     of.1                    ; C6B4FE u=           d=of.1
 und     pf.1                    ; C6B4FE u=           d=pf.1
 setb    ebx.4, ecx.4, cf.1      ; C6B502 u=rcx.8      d=cf.1
 seto    ebx.4, ecx.4, of.1      ; C6B502 u=rcx.8      d=of.1
 sub     ebx.4, ecx.4, ebx.4     ; C6B502 u=rcx.8      d=ebx.4
 setz    ebx.4,  #0.4 , zf.1       ; C6B502 u=ebx.4      d=zf.1
 setp    ebx.4,  #0.4 , pf.1       ; C6B502 u=ebx.4      d=pf.1
 sets    ebx.4, sf.1             ; C6B502 u=ebx.4      d=sf.1
 mov      #0x7F.1 , t1.1           ; C6B504 u=           d=t1.1
 mov      call !_bittest<fast:"const int *" &(eax.4)<4/0>.4,"unsigned __int8" t1.1> => "unsigned __int8" .1 , cf.1 ; C6B504 u=eax.4,t1.1,(ALLMEM) d=cf.1
 und     zf.1                    ; C6B504 u=           d=zf.1
 und     sf.1                    ; C6B504 u=           d=sf.1
 und     of.1                    ; C6B504 u=           d=of.1
 und     pf.1                    ; C6B504 u=           d=pf.1

; ????-BLOCK 3 PROP [START=C6B508 END=C6B534] MINREFS: STK=0/ARG=EC, MAXBSP: 4
; USE-DEF LISTS ARE NOT READY
 mov     &($loc_C6B508).4, et1.4 ; C6B508 u=           d=et1.4
 mov     et1.4, ebp.4            ; C6B508 u=et1.4      d=ebp.4
 mov      #0x4F.1 , t1.1           ; C6B50E u=           d=t1.1
 mov     cf.1, tt.1              ; C6B50E u=cf.1       d=tt.1
 add     tt.1, t1.1, tt.1        ; C6B50E u=t1.1,tt.1  d=tt.1
 setb    al.1, tt.1, cf.1        ; C6B50E u=al.1,tt.1  d=cf.1
 seto    al.1, tt.1, of.1        ; C6B50E u=al.1,tt.1  d=of.1
 sub     al.1, tt.1, al.1        ; C6B50E u=al.1,tt.1  d=al.1
 setz    al.1,  #0.1 , zf.1        ; C6B50E u=al.1       d=zf.1
 setp    al.1,  #0.1 , pf.1        ; C6B50E u=al.1       d=pf.1
 sets    al.1, sf.1              ; C6B50E u=al.1       d=sf.1
 mov      #4.4 , et1.4             ; C6B510 u=           d=et1.4
 setb    esi.4, et1.4, cf.1      ; C6B510 u=esi.4,et1.4 d=cf.1
 seto    esi.4, et1.4, of.1      ; C6B510 u=esi.4,et1.4 d=of.1
 sub     esi.4, et1.4, esi.4     ; C6B510 u=esi.4,et1.4 d=esi.4
 setz    esi.4,  #0.4 , zf.1       ; C6B510 u=esi.4      d=zf.1
 setp    esi.4,  #0.4 , pf.1       ; C6B510 u=esi.4      d=pf.1
 sets    esi.4, sf.1             ; C6B510 u=esi.4      d=sf.1
 mov     esi.4, eoff.4           ; C6B516 u=esi.4      d=eoff.4
 mov     ds.2, seg.2             ; C6B516 u=ds.2       d=seg.2
 ldx     seg.2, eoff.4, et1.4    ; C6B516 u=eoff.4,seg.2,(GLBLOW,LVARS,ARGS,GLBHIGH) d=et1.4
 mov     et1.4, eax.4            ; C6B516 u=et1.4      d=eax.4
 mov      #0xE9.1 , t1.1           ; C6B518 u=           d=t1.1
 mov     al.1, t0.1              ; C6B518 u=al.1       d=t0.1
 and     t1.1, t0.1, t0.1        ; C6B518 u=t0.1,t1.1  d=t0.1
 mov      #0.1 , cf.1              ; C6B518 u=           d=cf.1
 mov      #0.1 , of.1              ; C6B518 u=           d=of.1
 setz    t0.1,  #0.1 , zf.1        ; C6B518 u=t0.1       d=zf.1
 setp    t0.1,  #0.1 , pf.1        ; C6B518 u=t0.1       d=pf.1
 sets    t0.1, sf.1              ; C6B518 u=t0.1       d=sf.1
 xor     ebx.4, eax.4, eax.4     ; C6B51A u=eax.4,ebx.4 d=eax.4
 mov      #0.1 , cf.1              ; C6B51A u=           d=cf.1
 mov      #0.1 , of.1              ; C6B51A u=           d=of.1
 setz    eax.4,  #0.4 , zf.1       ; C6B51A u=eax.4      d=zf.1
 setp    eax.4,  #0.4 , pf.1       ; C6B51A u=eax.4      d=pf.1
 sets    eax.4, sf.1             ; C6B51A u=eax.4      d=sf.1
 mov      #0x76F63CFA.4 , et1.4    ; C6B51C u=           d=et1.4
 cfadd   et1.4, eax.4, cf.1      ; C6B51C u=eax.4,et1.4 d=cf.1
 ofadd   et1.4, eax.4, of.1      ; C6B51C u=eax.4,et1.4 d=of.1
 add     et1.4, eax.4, ett.4     ; C6B51C u=eax.4,et1.4 d=ett.4
 setz    ett.4,  #0.4 , zf.1       ; C6B51C u=ett.4      d=zf.1
 setp    ett.4,  #0.4 , pf.1       ; C6B51C u=ett.4      d=pf.1
 sets    ett.4, sf.1             ; C6B51C u=ett.4      d=sf.1
 mov     ett.4, eax.4            ; C6B51C u=ett.4      d=eax.4
 mov      #1.1 , cf.1              ; C6B521 u=           d=cf.1
 mov      #1.1 , t1.1              ; C6B522 u=           d=t1.1
 cfshl   eax.4, t1.1, tt.1       ; C6B522 u=eax.4,t1.1 d=tt.1
 mov      call !__ROL4__<fast:_DWORD eax.4,char t1.1> => _DWORD .4 , eax.4 ; C6B522 u=eax.4,t1.1 d=eax.4
 mov     tt.1, cf.1              ; C6B522 u=tt.1       d=cf.1
 und     of.1                    ; C6B522 u=           d=of.1
 seto    eax.4,  #1.4 , of.1       ; C6B524 u=eax.4      d=of.1
 sub     eax.4,  #1.4 , eax.4      ; C6B524 u=eax.4      d=eax.4
 setz    eax.4,  #0.4 , zf.1       ; C6B524 u=eax.4      d=zf.1
 setp    eax.4,  #0.4 , pf.1       ; C6B524 u=eax.4      d=pf.1
 sets    eax.4, sf.1             ; C6B524 u=eax.4      d=sf.1
 mov     dh.1, t0.1              ; C6B525 u=dh.1       d=t0.1
 setb    t0.1, bl.1, cf.1        ; C6B525 u=bl.1,t0.1  d=cf.1
 seto    t0.1, bl.1, of.1        ; C6B525 u=bl.1,t0.1  d=of.1
 sub     t0.1, bl.1, t0.1        ; C6B525 u=bl.1,t0.1  d=t0.1
 setz    t0.1,  #0.1 , zf.1        ; C6B525 u=t0.1       d=zf.1
 setp    t0.1,  #0.1 , pf.1        ; C6B525 u=t0.1       d=pf.1
 sets    t0.1, sf.1              ; C6B525 u=t0.1       d=sf.1
 mov      #0x3C0C1A8A.4 , et1.4    ; C6B527 u=           d=et1.4
 mov     esi.4, et0.4            ; C6B527 u=esi.4      d=et0.4
 and     et1.4, et0.4, et0.4     ; C6B527 u=et0.4,et1.4 d=et0.4
 mov      #0.1 , cf.1              ; C6B527 u=           d=cf.1
 mov      #0.1 , of.1              ; C6B527 u=           d=of.1
 setz    et0.4,  #0.4 , zf.1       ; C6B527 u=et0.4      d=zf.1
 setp    et0.4,  #0.4 , pf.1       ; C6B527 u=et0.4      d=pf.1
 sets    et0.4, sf.1             ; C6B527 u=et0.4      d=sf.1
 neg     eax.4, eax.4            ; C6B52D u=eax.4      d=eax.4
 seto    eax.4,  #1.4 , of.1       ; C6B52D u=eax.4      d=of.1
 setnz   eax.4,  #0.4 , cf.1       ; C6B52D u=eax.4      d=cf.1
 setz    eax.4,  #0.4 , zf.1       ; C6B52D u=eax.4      d=zf.1
 setp    eax.4,  #0.4 , pf.1       ; C6B52D u=eax.4      d=pf.1
 sets    eax.4, sf.1             ; C6B52D u=eax.4      d=sf.1
 mov     cs.2, seg.2             ; C6B52F u=cs.2       d=seg.2
 mov      #0x981ED4.4 , eoff.4     ; C6B52F u=           d=eoff.4
 goto    $loc_981ED4             ; C6B52F u=

; ????-BLOCK 4 PROP PUSH [START=92CC38 END=92CC3A] MINREFS: STK=0/ARG=EC, MAXBSP: 4
; USE-DEF LISTS ARE NOT READY
 nop                             ; 92CC38 u=
 nop                             ; 92CC38 u=
 nop                             ; 92CC39 u=
 mov     ebp.4, eoff.4           ; 92CC39 u=ebp.4      d=eoff.4
 mov     cs.2, seg.2             ; 92CC39 u=cs.2       d=seg.2
 ijmp    seg.2, eoff.4           ; 92CC39 u=eoff.4,seg.2

; ????-BLOCK 5 PROP [START=981ED4 END=981EDA] MINREFS: STK=0/ARG=EC, MAXBSP: 4
; USE-DEF LISTS ARE NOT READY
 seto    eax.4,  #1.4 , of.1       ; 981ED4 u=eax.4      d=of.1
 sub     eax.4,  #1.4 , eax.4      ; 981ED4 u=eax.4      d=eax.4
 setz    eax.4,  #0.4 , zf.1       ; 981ED4 u=eax.4      d=zf.1
 setp    eax.4,  #0.4 , pf.1       ; 981ED4 u=eax.4      d=pf.1
 sets    eax.4, sf.1             ; 981ED4 u=eax.4      d=sf.1
 mov     cs.2, seg.2             ; 981ED5 u=cs.2       d=seg.2
 mov      #0xDC1B05.4 , eoff.4     ; 981ED5 u=           d=eoff.4
 goto    $loc_DC1B05             ; 981ED5 u=

; ????-BLOCK 6 PROP [START=DC1B05 END=DC1B13] MINREFS: STK=0/ARG=EC, MAXBSP: 4
; USE-DEF LISTS ARE NOT READY
 mov      #1.1 , t1.1              ; DC1B05 u=           d=t1.1
 cfshl   eax.4, t1.1, tt.1       ; DC1B05 u=eax.4,t1.1 d=tt.1
 mov      call !__ROL4__<fast:_DWORD eax.4,char t1.1> => _DWORD .4 , eax.4 ; DC1B05 u=eax.4,t1.1 d=eax.4
 mov     tt.1, cf.1              ; DC1B05 u=tt.1       d=cf.1
 und     of.1                    ; DC1B05 u=           d=of.1
 xor     eax.4, ebx.4, ebx.4     ; DC1B07 u=eax.4,ebx.4 d=ebx.4
 mov      #0.1 , cf.1              ; DC1B07 u=           d=cf.1
 mov      #0.1 , of.1              ; DC1B07 u=           d=of.1
 setz    ebx.4,  #0.4 , zf.1       ; DC1B07 u=ebx.4      d=zf.1
 setp    ebx.4,  #0.4 , pf.1       ; DC1B07 u=ebx.4      d=pf.1
 sets    ebx.4, sf.1             ; DC1B07 u=ebx.4      d=sf.1
 mov     si.2, t0.2              ; DC1B09 u=si.2       d=t0.2
 and     cx.2, t0.2, t0.2        ; DC1B09 u=cx.2,t0.2  d=t0.2
 mov      #0.1 , cf.1              ; DC1B09 u=           d=cf.1
 mov      #0.1 , of.1              ; DC1B09 u=           d=of.1
 setz    t0.2,  #0.2 , zf.1        ; DC1B09 u=t0.2       d=zf.1
 setp    t0.2,  #0.2 , pf.1        ; DC1B09 u=t0.2       d=pf.1
 sets    t0.2, sf.1              ; DC1B09 u=t0.2       d=sf.1
 cfadd   eax.4, ebp.4, cf.1      ; DC1B0C u=eax.4,ebp.4 d=cf.1
 ofadd   eax.4, ebp.4, of.1      ; DC1B0C u=eax.4,ebp.4 d=of.1
 add     eax.4, ebp.4, ett.4     ; DC1B0C u=eax.4,ebp.4 d=ett.4
 setz    ett.4,  #0.4 , zf.1       ; DC1B0C u=ett.4      d=zf.1
 setp    ett.4,  #0.4 , pf.1       ; DC1B0C u=ett.4      d=pf.1
 sets    ett.4, sf.1             ; DC1B0C u=ett.4      d=sf.1
 mov     ett.4, ebp.4            ; DC1B0C u=ett.4      d=ebp.4
 mov     cs.2, seg.2             ; DC1B0E u=cs.2       d=seg.2
 mov      #0x92CC38.4 , eoff.4     ; DC1B0E u=           d=eoff.4
 goto    $loc_92CC38             ; DC1B0E u=

; STOP-BLOCK 7 PROP FAKE [START=FFFFFFFF END=FFFFFFFF] MINREFS: STK=0/ARG=EC, MAXBSP: 0

