; STKD=E8 MINREF=0/END=E8 ARGS: OFF=EC/MINREF=EC/END=1EC/SHADOW=0
; 1WAY-BLOCK 0 FAKE OUTBOUNDS: 1 [START=C6B456 END=C6B456] MINREFS: STK=0/ARG=EC, MAXBSP: 0
; DEF: (rax.8,rcx.8,esp.4,ebp.4,rdi.8,cs.2,ds.2,fl.1,arg+0.4)

; 1WAY-BLOCK 1 PROP INBOUNDS: 0 OUTBOUNDS: 2 [START=C6B456 END=C6B4F7] MINREFS: STK=0/ARG=EC, MAXBSP: E8
; USE-DEF LISTS ARE NOT READY
 mov     eax.4, %0xE4.4          ; C6B456 u=eax.4      d=sp+E4..
 mov     edx.4, %0xE0.4          ; C6B45E u=edx.4      d=sp+E0.4
 mov      call !__readeflags<fast:> => "unsigned int" .4 , kr00_4.4 ; C6B45F dontprop mbarrier u=           d=kr00_4.4
 mov     kr00_4.4, %0xDC.4       ; C6B45F u=kr00_4.4   d=sp+DC.4
 mov     ebp.4, %0xD8.4          ; C6B460 u=ebp.4      d=sp+D8.4
 mov      call !__ROR2__<fast:_WORD  xds.2(bp.1) ,char  #0x2E.1 > => _WORD .2 , ax.2 ; C6B461 u=bp.1       d=ax.2
 mov     ebx.4, %0xD4.4          ; C6B469 u=ebx.4      d=sp+D4.4
 call    !_BitScanReverse <fast:"unsigned int *" &(ebx.4)<0/4>.4,"unsigned int" ebx.4> => "unsigned __int8" .0 ; C6B46D u=ebx.4      d=ebx.4
 mov     esi.4, %0xD0.4          ; C6B471 u=esi.4      d=sp+D0.4
 or       xds.4( (ax.2 ^  #0x4000.2 ) ) ,  ( #1.4  <<l bl.1) , eax.4 ; C6B472 u=ax.2,bl.1  d=eax.4
 mov     edi.4, %0xCC.4          ; C6B476 u=edi.4      d=sp+CC.4
 mov     ecx.4, %0xC8.4          ; C6B47B u=ecx.4      d=sp+C8.4
 and     ebp.4,  #0x7ACE50CA.4 , ebp.4 ; C6B47C u=ebp.4      d=ebp.4
 setb     (di.2 &  #0xFFFD.2 ) ,  #0x32A5.2 , cf.1 ; C6B482 u=di.2       d=cf.1
 add     si.2,  #1.2 , di.2        ; C6B487 split2 u=si.2       d=di.2
 mov      #0.4 , %0xC4.4           ; C6B48F u=           d=sp+C4.4
 sub     bp.2,  ( xdu.2(cf.1) + (si.2+ #1.2 ) ) , bp.2 ; C6B490 u=cf.1,bp.2,si.2 d=bp.2
 xds      (al.1- #0x56.1 ) , ax.2    ; C6B4A5 u=al.1       d=ax.2
 mov      call !__ROR4__<fast:_DWORD  -(%arg_0.4) ,char  #3.1 > => _DWORD .4 , esi.4 ; C6B4A7 u=arg+0.4    d=esi.4
 setp     (di.2 ^  #0x1081.2 ) ,  #0.2 , al.1 ; C6B4BA u=di.2       d=al.1
 sub     eax.4,  #0x6FEB4005.4 , eax.4 ; C6B4BD u=eax.4      d=eax.4
 mov      call !_byteswap_ulong<fast:"unsigned int"  ( (esi.4 ^  #0x8E0BE1D6.4 ) - #0x10214980.4 ) > => "unsigned __int32" .4 , esi.4 ; C6B4C8 u=esi.4      d=esi.4
 mov     fl.1, ah.1              ; C6B4CA u=fl.1       d=ah.1
 mov      call !_byteswap_ulong<fast:"unsigned int"  (ebp.4 |  #0x7BC21E20.4 ) > => "unsigned __int32" .4 , ebp.4 ; C6B4CD u=ebp.4      d=ebp.4
 mov      call !__ROR2__<fast:_WORD bx.2,char  #0x2C.1 > => _WORD .2 , bx.2 ; C6B4DA u=bx.2       d=bx.2
 xor      ( #1.4 -esi.4) ,  #0x48DC2A1F.4 , esi.4 ; C6B4E0 u=esi.4      d=esi.4
 mov      #0.1 , cl.1              ; C6B4E2 split1 u=           d=cl.1
 add     ebp.4,  #1.4 , ebp.4      ; C6B4E5 u=ebp.4      d=ebp.4
 mov     &(%0xC4).4, edi.4       ; C6B4E6 u=           d=edi.4
 cfshr   ax.2,  #0xE3.1 , cf.1     ; C6B4EE u=ax.2       d=cf.1
 shr     ax.2,  #3.1 , ax.2        ; C6B4EE u=ax.2       d=ax.2
 und     of.1                    ; C6B4EE u=           d=of.1
 setz    ax.2,  #0.2 , zf.1        ; C6B4EE u=ax.2       d=zf.1
 setp    ax.2,  #0.2 , pf.1        ; C6B4EE u=ax.2       d=pf.1
 mov      #0.1 , sf.1              ; C6B4EE u=           d=sf.1
 lnot    of.1, ch.1              ; C6B4F2 u=of.1       d=ch.1
 mov      call !_byteswap_ulong<fast:"unsigned int"  xdu.4(cx.2) > => "unsigned __int32" .4 , ecx.4 ; C6B4F5 u=cx.2       d=ecx.4

; 1WAY-BLOCK 2 INBOUNDS: 1 OUTBOUNDS: 3 [START=C6B4F7 END=C6B508] MINREFS: STK=0/ARG=EC, MAXBSP: 4
; USE: eax.4,bp.2,esi.4
; DEF: cf.1,zf.1,sf.1,of.1,pf.1,rcx.8,bp.2
; DNU: cf.1,zf.1,sf.1,of.1,pf.1,rcx.8,bp.2
 mov     esi.4, ebx.4            ; C6B4F7 u=esi.4      d=ebx.4
 mov      #0.4 , ecx.4             ; C6B4F9 u=           d=ecx.4
 and     bp.2,  bnot( ( #1.2  <<l  (al.1 &  #0xF.1 ) ) ) , bp.2 ; C6B4FE u=al.1,bp.2  d=bp.2
 sets    eax.4, cf.1             ; C6B504 u=eax.4      d=cf.1
 und     zf.1                    ; C6B504 u=           d=zf.1
 und     sf.1                    ; C6B504 u=           d=sf.1
 und     of.1                    ; C6B504 u=           d=of.1
 und     pf.1                    ; C6B504 u=           d=pf.1

; 1WAY-BLOCK 3 INBOUNDS: 2 OUTBOUNDS: 5 [START=C6B508 END=C6B534] MINREFS: STK=0/ARG=EC, MAXBSP: 4
; USE: ebx.4,esi.4,ds.2,(GLBLOW,LVARS,ARGS,GLBHIGH)
; DEF: cf.1,zf.1,sf.1,of.1,pf.1,eax.4,ebp.4,esi.4
; DNU: cf.1,zf.1,sf.1,of.1,pf.1,ebp.4
 mov     &($loc_C6B508).4, ebp.4 ; C6B508 u=           d=ebp.4
 sub     esi.4,  #4.4 , esi.4      ; C6B510 u=esi.4      d=esi.4
 mov      call !__ROL4__<fast:_DWORD  ( (ebx.4 ^  [ds.2:esi.4].4 ) + #0x76F63CFA.4 ) ,char  #1.1 > => _DWORD .4 , eax.4 ; C6B522 u=ebx.4,esi.4,ds.2,(GLBLOW,LVARS,ARGS,GLBHIGH) d=eax.4
 sub      #1.4 , eax.4, eax.4      ; C6B52D u=eax.4      d=eax.4
 seto    eax.4,  #1.4 , of.1       ; C6B52D u=eax.4      d=of.1
 setnz   eax.4,  #0.4 , cf.1       ; C6B52D u=eax.4      d=cf.1
 setz    eax.4,  #0.4 , zf.1       ; C6B52D u=eax.4      d=zf.1
 setp    eax.4,  #0.4 , pf.1       ; C6B52D u=eax.4      d=pf.1
 sets    eax.4, sf.1             ; C6B52D u=eax.4      d=sf.1
 goto    @)(00000000000000285)                      ; C6B52F u=

; 0WAY-BLOCK 4 INBOUNDS: 6 [START=92CC38 END=92CC3A] MINREFS: STK=0/ARG=EC, MAXBSP: 4
; USE: ebp.4,cs.2
 ijmp    cs.2, ebp.4             ; 92CC39 u=ebp.4,cs.2

; 1WAY-BLOCK 5 INBOUNDS: 3 OUTBOUNDS: 6 [START=981ED4 END=981EDA] MINREFS: STK=0/ARG=EC, MAXBSP: 4
; USE: eax.4
; DEF: zf.1,sf.1,of.1,pf.1,eax.4
; DNU: zf.1,sf.1,of.1,pf.1
 seto    eax.4,  #1.4 , of.1       ; 981ED4 u=eax.4      d=of.1
 sub     eax.4,  #1.4 , eax.4      ; 981ED4 u=eax.4      d=eax.4
 setz    eax.4,  #0.4 , zf.1       ; 981ED4 u=eax.4      d=zf.1
 setp    eax.4,  #0.4 , pf.1       ; 981ED4 u=eax.4      d=pf.1
 sets    eax.4, sf.1             ; 981ED4 u=eax.4      d=sf.1

; 1WAY-BLOCK 6 INBOUNDS: 5 OUTBOUNDS: 4 [START=DC1B05 END=DC1B13] MINREFS: STK=0/ARG=EC, MAXBSP: 4
; USE: eax.4,ebx.4,ebp.4
; DEF: cf.1,zf.1,sf.1,of.1,pf.1,eax.4,ebx.4,ebp.4
; DNU: cf.1,zf.1,sf.1,of.1,pf.1,ebx.4,ebp.4
 mov      call !__ROL4__<fast:_DWORD eax.4,char  #1.1 > => _DWORD .4 , eax.4 ; DC1B05 u=eax.4      d=eax.4
 xor     eax.4, ebx.4, ebx.4     ; DC1B07 u=eax.4,ebx.4 d=ebx.4
 cfadd   eax.4, ebp.4, cf.1      ; DC1B0C u=eax.4,ebp.4 d=cf.1
 ofadd   eax.4, ebp.4, of.1      ; DC1B0C u=eax.4,ebp.4 d=of.1
 setz     (eax.4+ebp.4) ,  #0.4 , zf.1 ; DC1B0C u=eax.4,ebp.4 d=zf.1
 setp     (eax.4+ebp.4) ,  #0.4 , pf.1 ; DC1B0C u=eax.4,ebp.4 d=pf.1
 sets     (eax.4+ebp.4) , sf.1     ; DC1B0C u=eax.4,ebp.4 d=sf.1
 add     eax.4, ebp.4, ebp.4     ; DC1B0C u=eax.4,ebp.4 d=ebp.4
 goto    @)(00000000000000204)                      ; DC1B0E u=

; STOP-BLOCK 7 FAKE [START=FFFFFFFF END=FFFFFFFF] MINREFS: STK=0/ARG=EC, MAXBSP: 0
; USE: (rax.8,ebx.4,ebp.4,rdi.8,st7.8,xmm0.16)

