; STKD=18 MINREF=C/END=130 ARGS: OFF=134/MINREF=234/END=234/SHADOW=0
; SAVEDREGS: ebp.4,ebx.4,edi.4,esi.4
; 1WAY-BLOCK 0 FAKE OUTBOUNDS: 1 [START=C6CFD7 END=C6CFD7] MINREFS: STK=130/ARG=234, MAXBSP: 0
; DEF: (rax.8,rcx.8,ebp.4,rdi.8,ss.2,ds.2,sp+0.C,sp+11C..12C,arg+0.C)

; 1WAY-BLOCK 1 INBOUNDS: 0 OUTBOUNDS: 69 [START=C6CFD7 END=C6CFF3] MINREFS: STK=12C/ARG=234, MAXBSP: 12C
; USE-DEF LISTS ARE NOT READY
 mov     &(%__saved_registers).4, ebp.4{1} ; C6CFD8 u=           d=ebp.4
 mov     %arg_0.4{2}, edi.4{2}   ; C6CFE8 u=arg+0.4    d=edi.4
 goto    @)(000000000000022869)                     ; C6CFEE u=

; 2WAY-BLOCK 2 INBOUNDS: 20 OUTBOUNDS: 3 13 [START=928DC9 END=928DCF] MINREFS: STK=12C/ARG=234, MAXBSP: C
; USE: eax.4,rdi.8,ds.2,(GLBLOW,sp+C..,GLBHIGH)
; VALRANGES: esi.4:(<10000u|==FFFFFFFF), %0x124.4:(<10000u|==FFFFFFFF)
 jae     esi.4,  [ds.2: ( (eax.4+edi.4{2}) + #0x14.4 ) ].4 , @)(000000000000006813) ; 928DC9 u=eax.4,rdi.8,ds.2,(GLBLOW,sp+C..,GLBHIGH)

; 1WAY-BLOCK 3 INBOUNDS: 2 OUTBOUNDS: 73 [START=928DCF END=928DEE] MINREFS: STK=12C/ARG=234, MAXBSP: C
; USE: eax.4,rdi.8,ds.2,(GLBLOW,sp+C..,GLBHIGH)
; DEF: ecx.4
; DNU: ecx.4
; VALRANGES: esi.4:(<10000u|==FFFFFFFF), %0x124.4:(<10000u|==FFFFFFFF)
 ldx     ds.2{3},  ( ( [ds.2{3}: ( (eax.4+edi.4{2}) + #0x1C.4 ) ].4 + ( #4.4 *esi.4) ) +edi.4{2}) , ecx.4{4} ; 928DE4 u=eax.4,rdi.8,ds.2,(GLBLOW,sp+C..,GLBHIGH) d=ecx.4
 goto    @)(000000000000024873)                     ; 928DE9 u=

; 2WAY-BLOCK 4 INBOUNDS: 27 OUTBOUNDS: 5 15 [START=97AFF7 END=97AFFF] MINREFS: STK=18/ARG=234, MAXBSP: C
; USE: al.1,esi.4,ds.2
; DEF: (GLBLOW,sp+C..,GLBHIGH)
; VALRANGES: eax^1.3:unk, edx.4:<104u
 stx     al.1{22}, ds.2, esi.4{21} ; 97AFF7 u=al.1,esi.4,ds.2 d=(GLBLOW,sp+C..,GLBHIGH)
 jz      al.1{22},  #0.1 , @)(000000000000007815)     ; 97AFF9 u=al.1

; 1WAY-BLOCK 5 INBOUNDS: 4 OUTBOUNDS: 14 [START=97AFFF END=97B00F] MINREFS: STK=18/ARG=234, MAXBSP: C
; USE: edx.4
; DEF: edx.4
; DNU: edx.4
; VALRANGES: al.1:!=0, eax^1.3:unk, edx.4:<104u
 add     edx.4,  #1.4 , edx.4{5}   ; 97AFFF u=edx.4      d=edx.4
 goto    @)(000000000000007014)                     ; 97B00A u=

; 2WAY-BLOCK 6 PROP COMB INBOUNDS: 64 OUTBOUNDS: 7 65 [START=97F0EB END=97F104] MINREFS: STK=12C/ARG=234, MAXBSP: C
; USE-DEF LISTS ARE NOT READY
; VALRANGES: %0x124.4:(<10000u|==FFFFFFFF)
 mov      call $sub_DADACA<cdecl:_DWORD %0x8.4{53}> => int .4 , eax.4{6} ; 97F0EB u=sp+8.4,(GLBLOW,sp+12C..,GLBHIGH) d=eax.4,(cf.1,zf.1,sf.1,of.1,pf.1,edx.4,ecx.4,fps.2,fl.1,c0.1,c2.1,c3.1,df.1,if.1,GLBLOW,sp+8.4,sp+12C..,GLBHIGH)
 jz      eax.4{6},  #0xFFFFFFFF.4 , @)(000000000000020865) ; 97F0FE u=eax.4

; 1WAY-BLOCK 7 INBOUNDS: 6 OUTBOUNDS: 45 [START=97F104 END=97F10B] MINREFS: STK=12C/ARG=234, MAXBSP: C
; VALRANGES: eax.4:!=FFFFFFFF, %0x124.4:(<10000u|==FFFFFFFF)
 goto    @)(000000000000016845)                     ; 97F106 u=

; 2WAY-BLOCK 8 INBOUNDS: 56 OUTBOUNDS: 9 57 [START=98E4F7 END=98E509] MINREFS: STK=12C/ARG=234, MAXBSP: 14
; USE: ds.2,arg+0.4,(GLBLOW,sp+C..,GLBHIGH)
; DEF: edx.4
; VALRANGES: ecx.4:!=0, %0x134.4:!=0
 add     %arg_0.4{7},  [ds.2{8}: (%arg_0.4{7}+ #0x3C.4 ) ].4 , edx.4{9} ; 98E4FB u=ds.2,arg+0.4,(GLBLOW,sp+C..,GLBHIGH) d=edx.4
 jnz      [ds.2{8}:edx.4{9}].4 ,  #0x4550.4 , @)(00000000000001C857) ; 98E503 u=edx.4,ds.2,(GLBLOW,sp+C..,GLBHIGH)

; 1WAY-BLOCK 9 PROP COMB INBOUNDS: 8 OUTBOUNDS: 60 [START=98E509 END=98E511] MINREFS: STK=12C/ARG=234, MAXBSP: 14
; USE-DEF LISTS ARE NOT READY
; VALRANGES: ecx.4:!=0, %0x134.4:!=0
 ldx     ds.2,  (edx.4{9}+ #0x78.4 ) , eax.4{10} ; 98E509 u=edx.4,ds.2,(GLBLOW,sp+C..,GLBHIGH) d=eax.4
 mov     eax.4{10}, %var_4.4{10} ; DD83C9 u=eax.4      d=sp+128.4
 goto    @)(00000000000001E060)                     ; DD83D5 u=

; 2WAY-BLOCK 10 INBOUNDS: 34 OUTBOUNDS: 11 59 [START=9A0EEA END=9A0EF0] MINREFS: STK=18/ARG=234, MAXBSP: C
; USE: eax.4,ds.2,(GLBLOW,sp+C..,GLBHIGH)
; VALRANGES: ecx.4:!=0
 jz       [ds.2:eax.4].1 ,  #0.1 , @)(00000000000001D859) ; 9A0EEA u=eax.4,ds.2,(GLBLOW,sp+C..,GLBHIGH)

; 1WAY-BLOCK 11 PROP COMB INBOUNDS: 10 OUTBOUNDS: 58 [START=9A0EF0 END=9A0F00] MINREFS: STK=18/ARG=234, MAXBSP: C
; USE-DEF LISTS ARE NOT READY
; VALRANGES: ecx.4:!=0
 stx     dl.1{28}, ds.2,  (ebx.4{27}+eax.4)  ; 9A0EF0 u=rax.5,ebx.4,ds.2 d=(GLBLOW,sp+C..,GLBHIGH)
 add     %arg_0.4,  #1.4 , edx.4{11} ; 9A0EFA u=arg+0.4    d=edx.4
 add     eax.4,  #1.4 , eax.4      ; C1841A u=eax.4      d=eax.4
 mov     edx.4{11}, %arg_0.4{11} ; C1841D u=edx.4      d=arg+0.4
 goto    @)(00000000000001D058)                     ; C18422 u=

; 2WAY-BLOCK 12 INBOUNDS: 30 OUTBOUNDS: 13 29 [START=9B011E END=9B0124] MINREFS: STK=12C/ARG=234, MAXBSP: C
; USE: cl.1
; VALRANGES: %0x124.4:(<10000u|==FFFFFFFF)
 jnz     cl.1{23},  #0.1 , @)(00000000000000E829)     ; 9B011E u=cl.1

; 1WAY-BLOCK 13 PROP COMB INBOUNDS: 2 12 28 31 35 49 73 OUTBOUNDS: 77 [START=9B012F END=9B0135] MINREFS: STK=18/ARG=234, MAXBSP: 130
; USE-DEF LISTS ARE NOT READY
 mov      call $nullsub_3<cdecl:_DWORD %arg_0.4> => int .4 , eax.4 ; DFF24C tailcall u=arg+0.4,(GLBLOW,GLBHIGH) d=eax.4,(cf.1,zf.1,sf.1,of.1,pf.1,edx.4,ecx.4,fps.2,fl.1,c0.1,c2.1,c3.1,df.1,if.1,GLBLOW,sp+18..,RET,arg+0.4,GLBHIGH)
 goto    @)(000000000000026877)                     ; DFF24C u=

; 2WAY-BLOCK 14 INBOUNDS: 5 OUTBOUNDS: 15 27 [START=BF1865 END=BF186B] MINREFS: STK=18/ARG=234, MAXBSP: C
; USE: edx.4
; VALRANGES: al.1:!=0, eax^1.3:unk
 jb      edx.4{5},  #0x104.4 , @)(00000000000000D827) ; BF1865 u=edx.4

; 1WAY-BLOCK 15 PROP COMB INBOUNDS: 4 14 OUTBOUNDS: 77 [START=BF186B END=BF1876] MINREFS: STK=18/ARG=234, MAXBSP: 130
; USE-DEF LISTS ARE NOT READY
; VALRANGES: eax^1.3:unk
 mov     &(%ModuleName).4, %0x8.4{24} ; C73F6B u=           d=sp+8.4
 mov     edi.4{2}, %0x4.4{2}     ; C73F71 u=edi.4      d=sp+4.4
 call    $GetProcAddress <std:"HMODULE hModule" %0x4.4{2},"LPCSTR lpProcName" %0x8.4{24}> => FARPROC .0 ; D8D1E6 u=sp+4.8,(GLBLOW,sp+18..,GLBHIGH) d=(cf.1,zf.1,sf.1,of.1,pf.1,rax.8,ecx.4,fps.2,fl.1,c0.1,c2.1,c3.1,df.1,if.1,GLBLOW,sp+4.8,sp+18..,GLBHIGH)
 mov      call $nullsub_4<cdecl:_DWORD %arg_0.4> => int .4 , eax.4 ; D6C0B9 tailcall u=arg+0.4,(GLBLOW,GLBHIGH) d=eax.4,(cf.1,zf.1,sf.1,of.1,pf.1,edx.4,ecx.4,fps.2,fl.1,c0.1,c2.1,c3.1,df.1,if.1,GLBLOW,sp+18..,RET,arg+0.4,GLBHIGH)
 goto    @)(000000000000026877)                     ; D6C0B9 u=

; 2WAY-BLOCK 16 INBOUNDS: 68 OUTBOUNDS: 17 22 [START=BFA627 END=BFA62D] MINREFS: STK=18/ARG=234, MAXBSP: C
; USE: esi.4,ds.2,(GLBLOW,sp+C..,GLBHIGH)
; VALRANGES: eax.4:!=0
 jz       [ds.2: (esi.4+ #1.4 ) ].1 ,  #0x23.1 , @)(00000000000000B022) ; BFA627 u=esi.4,ds.2,(GLBLOW,sp+C..,GLBHIGH)

; 1WAY-BLOCK 17 PROP COMB INBOUNDS: 16 OUTBOUNDS: 77 [START=BFA62D END=BFA634] MINREFS: STK=C/ARG=234, MAXBSP: 130
; USE-DEF LISTS ARE NOT READY
; VALRANGES: eax.4:!=0
 mov      #0.4 , %0x8.4{13}        ; BFA62D u=           d=sp+8.4
 add     esi.4,  #1.4 , %0x4.4{55} ; DF49B8 u=esi.4      d=sp+4.4
 mov     eax.4{29}, %0x0.4{29}   ; D5EA7A u=eax.4      d=sp+0.4
 mov      call $sub_C6CFD7<cdecl:int %0x0.4{29},"LPCSTR lpProcName" %0x4.4{55},int %0x8.4{13}> => int .4 , eax.4 ; E1D068 u=sp+0.C,(GLBLOW,sp+18..,GLBHIGH) d=eax.4,(cf.1,zf.1,sf.1,of.1,pf.1,edx.4,ecx.4,fps.2,fl.1,c0.1,c2.1,c3.1,df.1,if.1,GLBLOW,sp+0.C,sp+18..,GLBHIGH)
 mov      call !_byteswap_ushort<fast:"unsigned __int16" di.2{2}> => "unsigned __int16" .2 , di.2 ; E1D070 u=di.2       d=di.2
 goto    @)(000000000000026877)                     ; DC2F21 u=

; 2WAY-BLOCK 18 INBOUNDS: 66 OUTBOUNDS: 19 63 [START=C069C8 END=C069CE] MINREFS: STK=12C/ARG=234, MAXBSP: C
; USE: ebx.4,ebp.4,ss.2,(GLBLOW,sp+C..,GLBHIGH)
; VALRANGES: %0x124.4:(<10000u|==FFFFFFFF)
 jle      [ss.2: (ebp.4{1}+ #8.4 ) ].4 , ebx.4, @)(00000000000001F863) ; C069C8 u=ebx.4,ebp.4,ss.2,(GLBLOW,sp+C..,GLBHIGH)

; 1WAY-BLOCK 19 INBOUNDS: 18 OUTBOUNDS: 20 [START=C069CE END=C069DB] MINREFS: STK=12C/ARG=234, MAXBSP: C
; USE: sp+124.8
; DEF: eax.4,esi.4
; DNU: eax.4,esi.4
; VALRANGES: %0x124.4:(<10000u|==FFFFFFFF)
 mov     %var_4.4{14}, eax.4{14} ; C069CE u=sp+128.4   d=eax.4
 mov     %var_8.4{15}, esi.4{15} ; C069D1 u=sp+124.4   d=esi.4

; 1WAY-BLOCK 20 INBOUNDS: 19 23 53 OUTBOUNDS: 2 [START=C069DB END=C069E4] MINREFS: STK=12C/ARG=234, MAXBSP: C
; VALRANGES: esi.4:(<10000u|==FFFFFFFF), %0x124.4:(<10000u|==FFFFFFFF)
 goto    @)(00000000000000102)                      ; C069DF u=

; 1WAY-BLOCK 21 PROP COMB INBOUNDS: 25 OUTBOUNDS: 77 [START=C23B74 END=C23B7C] MINREFS: STK=18/ARG=234, MAXBSP: 130
; USE-DEF LISTS ARE NOT READY
; VALRANGES: eax.4:!=0
 mov     %lpProcName.4{32}, %0x8.4{32} ; D7516A u=arg+4.4    d=sp+8.4
 mov     edi.4{2}, %0x4.4{2}     ; D7516B u=edi.4      d=sp+4.4
 call    $GetProcAddress <std:"HMODULE hModule" %0x4.4{2},"LPCSTR lpProcName" %0x8.4{32}> => FARPROC .0 ; DFD9D1 u=sp+4.8,(GLBLOW,sp+18..,GLBHIGH) d=(cf.1,zf.1,sf.1,of.1,pf.1,rax.8,ecx.4,fps.2,fl.1,c0.1,c2.1,c3.1,df.1,if.1,GLBLOW,sp+4.8,sp+18..,GLBHIGH)
 mov      call $nullsub_5<cdecl:_DWORD %arg_0.4> => int .4 , eax.4 ; 98D38A tailcall u=arg+0.4,(GLBLOW,GLBHIGH) d=eax.4,(cf.1,zf.1,sf.1,of.1,pf.1,edx.4,ecx.4,fps.2,fl.1,c0.1,c2.1,c3.1,df.1,if.1,GLBLOW,sp+18..,RET,arg+0.4,GLBHIGH)
 goto    @)(000000000000026877)                     ; 98D38A u=

; 1WAY-BLOCK 22 PROP COMB INBOUNDS: 16 OUTBOUNDS: 51 [START=C406D0 END=C406E1] MINREFS: STK=18/ARG=234, MAXBSP: C
; USE-DEF LISTS ARE NOT READY
; VALRANGES: eax.4:!=0
 ldx     ds.2,  (esi.4{17}+ #2.4 ) , cl.1{18} ; C406D0 u=esi.4,ds.2,(GLBLOW,sp+C..,GLBHIGH) d=cl.1
 add     esi.4{17},  #2.4 , esi.4  ; C406D8 u=esi.4      d=esi.4
 mov      #0.4 , edx.4             ; C9A267 u=           d=edx.4
 goto    @)(000000000000019851)                     ; C9A273 u=

; 2WAY-BLOCK 23 INBOUNDS: 54 OUTBOUNDS: 24 20 [START=C58943 END=C58949] MINREFS: STK=12C/ARG=234, MAXBSP: C
; USE: ebx.4
; VALRANGES: eax.4:!=0, ecx.4:>=10000u, esi.4:==FFFFFFFF, %0x124.4:==FFFFFFFF, %0x134.4:==0
 jl      ebx.4{44},  #0.4 , @)(00000000000000A020)    ; C58943 u=ebx.4

; 1WAY-BLOCK 24 INBOUNDS: 23 OUTBOUNDS: 64 [START=C58949 END=C5894E] MINREFS: STK=12C/ARG=234, MAXBSP: C
; VALRANGES: eax.4:!=0, ecx.4:>=10000u, ebx.4:>=0, esi.4:==FFFFFFFF, %0x124.4:==FFFFFFFF, %0x134.4:==0
 goto    @)(000000000000020064)                     ; C58949 u=

; 2WAY-BLOCK 25 INBOUNDS: 37 OUTBOUNDS: 26 21 [START=C61A29 END=C61A2F] MINREFS: STK=18/ARG=234, MAXBSP: C
; USE: ebp.4,ss.2,(GLBLOW,sp+C..,GLBHIGH)
; VALRANGES: eax.4:!=0
 jz       [ss.2: (ebp.4{1}+ #0x10.4 ) ].1 ,  #0.1 , @)(00000000000000A821) ; C61A29 u=ebp.4,ss.2,(GLBLOW,sp+C..,GLBHIGH)

; 1WAY-BLOCK 26 INBOUNDS: 25 OUTBOUNDS: 27 [START=C61A2F END=C61A45] MINREFS: STK=18/ARG=234, MAXBSP: C
; USE: arg+4.4
; DEF: edx.4,ebx.4
; DNU: edx.4,ebx.4
; VALRANGES: eax.4:!=0
 mov      #0.4 , edx.4             ; C61A3D u=           d=edx.4
 sub     %lpProcName.4, &(%ModuleName).4, ebx.4{19} ; C61A41 u=arg+4.4    d=ebx.4

; 1WAY-BLOCK 27 PROP INBOUNDS: 14 26 OUTBOUNDS: 4 [START=C61A45 END=C61A70] MINREFS: STK=18/ARG=234, MAXBSP: C
; USE: edx.4,ebx.4,ds.2,(GLBLOW,sp+C..,GLBHIGH)
; DEF: al.1,esi.4
; DNU: al.1
; VALRANGES: eax.4:unk, edx.4:<104u
 sub      (&(%__saved_registers).4+edx.4{20}) ,  #0x114.4 , esi.4{21} ; C61A55 u=edx.4      d=esi.4
 xor      [ds.2: (ebx.4{19}+esi.4{21}) ].1 ,  (dl.1{20}+ low.1( call !__ROL4__<fast:_DWORD  #0x18EF4CA5.4 ,char dl.1{20}> => _DWORD .4 ) ) , al.1{22} ; C61A68 u=dl.1,ebx.4,esi.4,ds.2,(GLBLOW,sp+C..,GLBHIGH) d=al.1
 goto    @)(00000000000000204)                      ; C61A6B u=

; 2WAY-BLOCK 28 INBOUNDS: 76 OUTBOUNDS: 29 13 [START=C6FD8B END=C6FD91] MINREFS: STK=12C/ARG=234, MAXBSP: C
; USE: cl.1
; VALRANGES: %0x124.4:(<10000u|==FFFFFFFF)
 jz      cl.1{63},  #0.1 , @)(000000000000006813)     ; C6FD8B u=cl.1

; 2WAY-BLOCK 29 INBOUNDS: 12 28 OUTBOUNDS: 30 31 [START=C6FD95 END=C6FD9E] MINREFS: STK=12C/ARG=234, MAXBSP: C
; USE: cl.1
; VALRANGES: cl.1:!=0, %0x124.4:(<10000u|==FFFFFFFF)
 jz      cl.1,  #0x2E.1 , @)(00000000000000F831)      ; C6FD98 u=cl.1

; 1WAY-BLOCK 30 PROP COMB INBOUNDS: 29 OUTBOUNDS: 12 [START=C6FD9E END=C6FDA6] MINREFS: STK=12C/ARG=234, MAXBSP: C
; USE-DEF LISTS ARE NOT READY
; VALRANGES: cl.1:(1..2D|>=2Fu), %0x124.4:(<10000u|==FFFFFFFF)
 ldx     ds.2,  (esi.4+ #1.4 ) , cl.1{23} ; C6FD9E u=esi.4,ds.2,(GLBLOW,sp+C..,GLBHIGH) d=cl.1
 add     esi.4,  #1.4 , esi.4      ; E2EBAE u=esi.4      d=esi.4
 goto    @)(000000000000006012)                     ; E2EBB1 u=

; 2WAY-BLOCK 31 INBOUNDS: 29 OUTBOUNDS: 32 13 [START=C779CD END=C779DD] MINREFS: STK=12C/ARG=234, MAXBSP: C
; USE: eax.4,esi.4
; DEF: ecx.4
; DNU: ecx.4
; VALRANGES: cl.1:==2E, %0x124.4:(<10000u|==FFFFFFFF)
 sub     esi.4{25}, eax.4{62}, ecx.4{26} ; C779CF u=eax.4,esi.4 d=ecx.4
 jae      (esi.4{25}-eax.4{62}) ,  #0x104.4 , @)(000000000000006813) ; C779D7 u=eax.4,esi.4

; 2WAY-BLOCK 32 PROP COMB INBOUNDS: 31 OUTBOUNDS: 33 59 [START=C779DD END=C779EB] MINREFS: STK=12C/ARG=234, MAXBSP: C
; USE-DEF LISTS ARE NOT READY
; VALRANGES: %0x124.4:(<10000u|==FFFFFFFF)
 mov      #0.4 , %arg_0.4          ; C779DD u=           d=arg+0.4
 jz      ecx.4{26},  #0.4 , @)(00000000000001D859)    ; C8AAA5 u=ecx.4

; 1WAY-BLOCK 33 INBOUNDS: 32 OUTBOUNDS: 34 [START=C8AAAB END=C8AAB3] MINREFS: STK=18/ARG=234, MAXBSP: C
; USE: eax.4
; DEF: ebx.4
; DNU: ebx.4
; VALRANGES: ecx.4:!=0, %0x124.4:(<10000u|==FFFFFFFF), %0x134.4:==0
 sub     &(%ModuleName).4, eax.4{62}, ebx.4{27} ; C8AAB1 u=eax.4      d=ebx.4

; 1WAY-BLOCK 34 INBOUNDS: 33 58 OUTBOUNDS: 10 [START=C8AAB3 END=C8AABC] MINREFS: STK=18/ARG=234, MAXBSP: C
; USE: eax.4,ds.2,(GLBLOW,sp+C..,GLBHIGH)
; DEF: dl.1
; DNU: dl.1
; VALRANGES: ecx.4:!=0
 ldx     ds.2, eax.4, dl.1{28}   ; C8AAB3 u=eax.4,ds.2,(GLBLOW,sp+C..,GLBHIGH) d=dl.1
 goto    @)(000000000000005010)                     ; C8AAB7 u=

; 2WAY-BLOCK 35 INBOUNDS: 41 OUTBOUNDS: 36 13 [START=D653ED END=D653F3] MINREFS: STK=18/ARG=234, MAXBSP: C
; USE: eax.4
 jz      eax.4{36},  #0.4 , @)(000000000000006813)    ; D653ED u=eax.4

; 2WAY-BLOCK 36 INBOUNDS: 35 40 OUTBOUNDS: 37 68 [START=D653F3 END=D653FB] MINREFS: STK=18/ARG=234, MAXBSP: C
; USE: eax.4,edi.4
; VALRANGES: eax.4:!=0
 jnz     eax.4, edi.4{2}, @)(000000000000022068)    ; D653F5 u=eax.4,edi.4

; 1WAY-BLOCK 37 INBOUNDS: 36 OUTBOUNDS: 25 [START=D653FB END=D65404] MINREFS: STK=18/ARG=234, MAXBSP: C
; VALRANGES: eax.4:!=0
 goto    @)(00000000000000C825)                     ; D653FF u=

; 2WAY-BLOCK 38 INBOUNDS: 52 OUTBOUNDS: 39 43 [START=D666EC END=D666F2] MINREFS: STK=18/ARG=234, MAXBSP: C
; USE: bl.1
; VALRANGES: eax.4:!=0, cl.1:!=0
 ja      bl.1{43},  #9.1 , @)(000000000000015843)     ; D666EC u=bl.1

; 1WAY-BLOCK 39 COMB INBOUNDS: 38 OUTBOUNDS: 42 [START=D666F2 END=D66703] MINREFS: STK=18/ARG=234, MAXBSP: C
; USE: edx.4,cl.1,esi.4,ds.2,(GLBLOW,sp+C..,GLBHIGH)
; DEF: edx.4,cl.1
; DNU: edx.4,cl.1
; VALRANGES: eax.4:!=0, cl.1:!=0, bl.1:<Au
 sub      ( xds.4(cl.1) + ( #0xA.4 *edx.4) ) ,  #0x30.4 , edx.4 ; D666F8 u=edx.4,cl.1 d=edx.4
 ldx     ds.2, esi.4{12}, cl.1{30} ; D666FC u=esi.4,ds.2,(GLBLOW,sp+C..,GLBHIGH) d=cl.1
 goto    @)(000000000000015042)                     ; D8B6BC u=

; 2WAY-BLOCK 40 PROP COMB INBOUNDS: 59 OUTBOUNDS: 41 36 [START=D721DD END=D721E3] MINREFS: STK=18/ARG=234, MAXBSP: C
; USE-DEF LISTS ARE NOT READY
 sub     ebp.4{1},  #0x114.4 , %0x8.4{31} ; D721DD u=ebp.4      d=sp+8.4
 stx      #0.1 , ss.2,  ( (&(%__saved_registers).4+eax.4{49}) - #0x114.4 )  ; C69764 u=eax.4,ss.2 d=(GLBLOW,sp+C..,GLBHIGH)
 mov      call $GetModuleHandleA<std:"LPCSTR lpModuleName" %0x8.4{31}> => HMODULE .4 , eax.4{33} ; D81518 u=sp+8.4,(GLBLOW,sp+18..,GLBHIGH) d=eax.4,(cf.1,zf.1,sf.1,of.1,pf.1,edx.4,ecx.4,fps.2,fl.1,c0.1,c2.1,c3.1,df.1,if.1,GLBLOW,sp+8.4,sp+18..,GLBHIGH)
 jnz     eax.4{33},  #0.4 , @)(000000000000012036)    ; D8151C u=eax.4

; 1WAY-BLOCK 41 PROP COMB INBOUNDS: 40 OUTBOUNDS: 35 [START=D81522 END=D8153F] MINREFS: STK=18/ARG=234, MAXBSP: C
; USE-DEF LISTS ARE NOT READY
; VALRANGES: eax.4:==0
 mov     &(%ModuleName).4, %0x8.4{34} ; D81532 u=           d=sp+8.4
 mov      call $LoadLibraryA<std:"LPCSTR lpLibFileName" %0x8.4{34}> => HMODULE .4 , eax.4{36} ; D9BC60 u=sp+8.4,(GLBLOW,sp+18..,GLBHIGH) d=eax.4,(cf.1,zf.1,sf.1,of.1,pf.1,edx.4,ecx.4,fps.2,fl.1,c0.1,c2.1,c3.1,df.1,if.1,GLBLOW,sp+8.4,sp+18..,GLBHIGH)
 goto    @)(000000000000011835)                     ; D9BC64 u=

; 2WAY-BLOCK 42 INBOUNDS: 39 OUTBOUNDS: 43 52 [START=D95F1C END=D95F22] MINREFS: STK=18/ARG=234, MAXBSP: C
; USE: cl.1
; VALRANGES: eax.4:!=0, bl.1:<Au
 jnz     cl.1{30},  #0.1 , @)(00000000000001A052)     ; D95F1C u=cl.1

; 1WAY-BLOCK 43 PROP COMB INBOUNDS: 38 42 51 OUTBOUNDS: 77 [START=D95F22 END=D95F29] MINREFS: STK=C/ARG=234, MAXBSP: 130
; USE-DEF LISTS ARE NOT READY
; VALRANGES: eax.4:!=0
 mov      #0.4 , %0x8.4{35}        ; D95F22 u=           d=sp+8.4
 mov     edx.4{16}, %0x4.4{16}   ; C3310A u=edx.4      d=sp+4.4
 low      call $sub_C6CFD7<cdecl:int eax.4,"LPCSTR lpProcName" %0x4.4{16},int %0x8.4{35}> => int .4 , ax.2 ; D5DAF3 u=eax.4,sp+4.8,(GLBLOW,sp+18..,GLBHIGH) d=ax.2,(cf.1,zf.1,sf.1,of.1,pf.1,eax^2.2,edx.4,ecx.4,fps.2,fl.1,c0.1,c2.1,c3.1,df.1,if.1,GLBLOW,sp+0.C,sp+18..,GLBHIGH)
 mov      call !_byteswap_ulong<fast:"unsigned int" esi.4> => "unsigned __int32" .4 , esi.4 ; D5DAFB u=esi.4      d=esi.4
 mov      call $nullsub_6<cdecl:_DWORD %arg_0.4> => int .4 , eax.4 ; D5F48B tailcall u=arg+0.4,(GLBLOW,GLBHIGH) d=eax.4,(cf.1,zf.1,sf.1,of.1,pf.1,edx.4,ecx.4,fps.2,fl.1,c0.1,c2.1,c3.1,df.1,if.1,GLBLOW,sp+C..,RET,arg+0.4,GLBHIGH)
 goto    @)(000000000000026877)                     ; D5F48B u=

; 1WAY-BLOCK 44 INBOUNDS: 48 OUTBOUNDS: 53 [START=D9E497 END=D9E4A3] MINREFS: STK=12C/ARG=234, MAXBSP: C
; USE: eax.4,edi.4,ds.2,(GLBLOW,sp+C..,GLBHIGH)
; DEF: ebx.4
; DNU: ebx.4
; VALRANGES: eax.4:!=0, ecx.4:>=10000u, esi.4:==FFFFFFFF, %0x124.4:==FFFFFFFF, %0x134.4:!=0
 ldx     ds.2,  ( (eax.4{10}+edi.4{2}) + #0x18.4 ) , ebx.4{37} ; D9E497 u=eax.4,edi.4,ds.2,(GLBLOW,sp+C..,GLBHIGH) d=ebx.4
 goto    @)(00000000000001A853)                     ; D9E49E u=

; 2WAY-BLOCK 45 INBOUNDS: 7 OUTBOUNDS: 46 67 [START=DC4FE7 END=DC4FED] MINREFS: STK=12C/ARG=234, MAXBSP: C
; USE: eax.4
; VALRANGES: eax.4:!=FFFFFFFF, %0x124.4:(<10000u|==FFFFFFFF)
 jz      eax.4{6},  #0.4 , @)(000000000000021867)     ; DC4FE7 u=eax.4

; 2WAY-BLOCK 46 INBOUNDS: 45 OUTBOUNDS: 47 66 [START=DC4FED END=DC4FF6] MINREFS: STK=12C/ARG=234, MAXBSP: C
; USE: eax.4
; VALRANGES: eax.4:(1..FFFFFFFE), %0x124.4:(<10000u|==FFFFFFFF)
 jnz     eax.4{6},  #1.4 , @)(000000000000021066)     ; DC4FF0 u=eax.4

; 1WAY-BLOCK 47 INBOUNDS: 46 OUTBOUNDS: 66 [START=DC4FF6 END=DC4FFF] MINREFS: STK=12C/ARG=234, MAXBSP: C
; USE: esi.4
; DEF: arg+0.4
; DNU: arg+0.4
; VALRANGES: eax.4:==1, %0x124.4:(<10000u|==FFFFFFFF)
 mov      #1.4 , eax.4             ; DC4FF6 assert u=           d=eax.4
 add     esi.4{54},  #1.4 , %arg_0.4 ; DC4FF7 u=esi.4      d=arg+0.4
 goto    @)(000000000000021066)                     ; DC4FFA u=

; 2WAY-BLOCK 48 INBOUNDS: 61 OUTBOUNDS: 49 44 [START=DCCCA8 END=DCCCAE] MINREFS: STK=12C/ARG=234, MAXBSP: C
; USE: ecx.4
; VALRANGES: eax.4:!=0, ecx.4:!=0, esi.4:==FFFFFFFF, %0x124.4:==FFFFFFFF, %0x134.4:!=0
 ja      ecx.4{58},  #0xFFFF.4 , @)(000000000000016044) ; DCCCA8 u=ecx.4

; 2WAY-BLOCK 49 INBOUNDS: 48 OUTBOUNDS: 50 13 [START=DCCCAE END=DCCCBE] MINREFS: STK=12C/ARG=234, MAXBSP: C
; USE: eax.4,ecx.4,edi.4,ds.2,(GLBLOW,sp+C..,GLBHIGH)
; DEF: ecx.4
; VALRANGES: eax.4:!=0, ecx.4:(1..FFFF), esi.4:==FFFFFFFF, %0x124.4:==FFFFFFFF, %0x134.4:!=0
 sub     ecx.4{58},  [ds.2{38}: ( (eax.4{10}+edi.4{2}) {39}+ #0x10.4 ) ].4 , ecx.4{40} ; DCCCAE u=eax.4,ecx.4,edi.4,ds.2,(GLBLOW,sp+C..,GLBHIGH) d=ecx.4
 jae     ecx.4{40},  [ds.2{38}: ( (eax.4{10}+edi.4{2}) {39}+ #0x14.4 ) ].4 , @)(000000000000006813) ; DCCCB8 u=eax.4,ecx.4,edi.4,ds.2,(GLBLOW,sp+C..,GLBHIGH)

; 1WAY-BLOCK 50 INBOUNDS: 49 OUTBOUNDS: 71 [START=DCCCBE END=DCCCD2] MINREFS: STK=12C/ARG=234, MAXBSP: C
; USE: eax.4,ecx.4,edi.4,ds.2,(GLBLOW,sp+C..,GLBHIGH)
; DEF: ecx.4
; DNU: ecx.4
; VALRANGES: eax.4:!=0, esi.4:==FFFFFFFF, %0x124.4:==FFFFFFFF, %0x134.4:!=0
 ldx     ds.2{41},  ( ( [ds.2{41}: ( (eax.4{10}+edi.4{2}) + #0x1C.4 ) ].4 + ( #4.4 *ecx.4{40}) ) +edi.4{2}) , ecx.4{42} ; DCCCC5 u=eax.4,ecx.4,edi.4,ds.2,(GLBLOW,sp+C..,GLBHIGH) d=ecx.4
 goto    @)(000000000000023871)                     ; DCCCCD u=

; 2WAY-BLOCK 51 INBOUNDS: 22 OUTBOUNDS: 52 43 [START=DD6D9D END=DD6DA3] MINREFS: STK=18/ARG=234, MAXBSP: C
; USE: cl.1
; VALRANGES: eax.4:!=0, edx.4:==0
 jz      cl.1{18},  #0.1 , @)(000000000000015843)     ; DD6D9D u=cl.1

; 1WAY-BLOCK 52 PROP COMB INBOUNDS: 42 51 OUTBOUNDS: 38 [START=DD6DA3 END=DD6DAE] MINREFS: STK=18/ARG=234, MAXBSP: C
; USE-DEF LISTS ARE NOT READY
; VALRANGES: eax.4:!=0, cl.1:!=0
 sub     cl.1,  #0x30.1 , bl.1{43} ; DD6DA6 u=cl.1       d=bl.1
 add     esi.4,  #1.4 , esi.4{12}  ; BF83F8 u=esi.4      d=esi.4
 goto    @)(000000000000013038)                     ; BF83FC u=

; 2WAY-BLOCK 53 INBOUNDS: 44 OUTBOUNDS: 54 20 [START=DDE891 END=DDE897] MINREFS: STK=12C/ARG=234, MAXBSP: C
; USE: ebx.4
; VALRANGES: eax.4:!=0, ecx.4:>=10000u, esi.4:==FFFFFFFF, %0x124.4:==FFFFFFFF, %0x134.4:!=0
 jz      ebx.4{37},  #0.4 , @)(00000000000000A020)    ; DDE891 u=ebx.4

; 1WAY-BLOCK 54 COMB INBOUNDS: 53 OUTBOUNDS: 23 [START=DDE897 END=DDE8B6] MINREFS: STK=12C/ARG=234, MAXBSP: C
; USE: eax.4,ebx.4,edi.4,ds.2,(GLBLOW,sp+C..,GLBHIGH)
; DEF: edx.4,ebx.4,sp+120.4,arg+0.4
; DNU: edx.4,ebx.4,arg+0.4
; VALRANGES: eax.4:!=0, ecx.4:>=10000u, ebx.4:!=0, esi.4:==FFFFFFFF, %0x124.4:==FFFFFFFF, %0x134.4:!=0
 sub     ebx.4{37},  #1.4 , ebx.4{44} ; DDE89B u=ebx.4      d=ebx.4
 add     edi.4{2},  [ds.2{46}: ( (eax.4{10}+edi.4{2}) {48}+ #0x20.4 ) {47}].4 {45}, edx.4 ; DDE89C u=eax.4,edi.4,ds.2,(GLBLOW,sp+C..,GLBHIGH) d=edx.4
 mov      #0.4 , %arg_0.4          ; DDE89F u=           d=arg+0.4
 add     edi.4{2},  [ds.2{46}: ( (eax.4{10}+edi.4{2}) {48}+ #0x20.4 ) {47}].4 {45}, %var_C.4 ; DDE8AD u=eax.4,edi.4,ds.2,(GLBLOW,sp+C..,GLBHIGH) d=sp+120.4
 goto    @)(00000000000000B823)                     ; C3E02E u=

; 2WAY-BLOCK 55 INBOUNDS: 70 OUTBOUNDS: 56 57 [START=DDECA6 END=DDECAC] MINREFS: STK=12C/ARG=234, MAXBSP: 14
; USE: ecx.4
; VALRANGES: %0x134.4:!=0
 jz      ecx.4{58},  #0.4 , @)(00000000000001C857)    ; DDECA6 u=ecx.4

; 2WAY-BLOCK 56 INBOUNDS: 55 OUTBOUNDS: 57 8 [START=DDECAC END=DDECBF] MINREFS: STK=12C/ARG=234, MAXBSP: 14
; USE: ds.2,arg+0.4,(GLBLOW,sp+C..,GLBHIGH)
; VALRANGES: ecx.4:!=0, %0x134.4:!=0
 jz       [ds.2:%arg_0.4].2 ,  #0x5A4D.2 , @)(00000000000000408) ; DDECB9 u=ds.2,arg+0.4,(GLBLOW,sp+C..,GLBHIGH)

; 1WAY-BLOCK 57 PROP COMB INBOUNDS: 8 55 56 60 69 OUTBOUNDS: 77 [START=DDECBF END=DDECC7] MINREFS: STK=12C/ARG=234, MAXBSP: 130
; USE-DEF LISTS ARE NOT READY
 mov      #0.4 , eax.4             ; DDECBF u=           d=eax.4
 mov      call $nullsub_2<> => int .4 , eax.4 ; BFBDF6 tailcall u=(GLBLOW,GLBHIGH) d=eax.4,(cf.1,zf.1,sf.1,of.1,pf.1,edx.4,ecx.4,fps.2,fl.1,c0.1,c2.1,c3.1,df.1,if.1,GLBLOW,sp+12C..,RET,GLBHIGH)
 goto    @)(000000000000026877)                     ; BFBDF6 u=

; 2WAY-BLOCK 58 INBOUNDS: 11 OUTBOUNDS: 59 34 [START=DDFE51 END=DDFE57] MINREFS: STK=18/ARG=234, MAXBSP: C
; USE: edx.4,ecx.4
; VALRANGES: ecx.4:!=0
 jb      edx.4{11}, ecx.4{26}, @)(000000000000011034) ; DDFE51 u=edx.4,ecx.4

; 1WAY-BLOCK 59 INBOUNDS: 10 32 58 OUTBOUNDS: 40 [START=DDFE57 END=DDFE67] MINREFS: STK=18/ARG=234, MAXBSP: C
; USE: arg+0.4
; DEF: eax.4
; DNU: eax.4
 mov     %arg_0.4{49}, eax.4{49} ; DDFE57 u=arg+0.4    d=eax.4
 goto    @)(000000000000014040)                     ; DDFE62 u=

; 2WAY-BLOCK 60 INBOUNDS: 9 OUTBOUNDS: 61 57 [START=DEEA34 END=DEEA3A] MINREFS: STK=12C/ARG=234, MAXBSP: 14
; USE: eax.4
; VALRANGES: ecx.4:!=0, %0x134.4:!=0
 jz      eax.4{10},  #0.4 , @)(00000000000001C857)    ; DEEA34 u=eax.4

; 1WAY-BLOCK 61 PROP COMB INBOUNDS: 60 OUTBOUNDS: 48 [START=DEEA3A END=DEEA42] MINREFS: STK=12C/ARG=234, MAXBSP: 14
; USE-DEF LISTS ARE NOT READY
; VALRANGES: eax.4:!=0, ecx.4:!=0, %0x134.4:!=0
 ldx     ds.2,  (edx.4{9}+ #0x7C.4 ) , edx.4{50} ; DEEA3A u=edx.4,ds.2,(GLBLOW,sp+C..,GLBHIGH) d=edx.4
 mov      #0xFFFFFFFF.4 , esi.4    ; C73612 u=           d=esi.4
 mov     edx.4{50}, %var_10.4{50} ; C7361B u=edx.4      d=sp+11C.4
 mov      #0xFFFFFFFF.4 , %var_8.4 ; D78786 u=           d=sp+124.4
 goto    @)(000000000000018048)                     ; D7878F u=

; 1WAY-BLOCK 62 PROP COMB INBOUNDS: 74 75 OUTBOUNDS: 77 [START=DF21B1 END=DF21BB] MINREFS: STK=12C/ARG=234, MAXBSP: 130
; USE-DEF LISTS ARE NOT READY
; VALRANGES: ecx.4:!=0, esi.4:(<10000u|==FFFFFFFF), %0x124.4:(<10000u|==FFFFFFFF)
 add     ecx.4, edi.4{2}, eax.4  ; DACDE7 u=ecx.4,edi.4 d=eax.4
 goto    @)(000000000000026877)                     ; DACDF7 u=

; 1WAY-BLOCK 63 INBOUNDS: 18 OUTBOUNDS: 64 [START=DF3D77 END=DF3D7D] MINREFS: STK=12C/ARG=234, MAXBSP: C
; USE: sp+120.4,arg+4.4
; DEF: edx.4,ecx.4
; DNU: edx.4,ecx.4
; VALRANGES: %0x124.4:(<10000u|==FFFFFFFF)
 mov     %lpProcName.4{51}, ecx.4{51} ; DF3D77 u=arg+4.4    d=ecx.4
 mov     %var_C.4{52}, edx.4{52} ; DF3D7A u=sp+120.4   d=edx.4

; 1WAY-BLOCK 64 INBOUNDS: 24 63 OUTBOUNDS: 6 [START=DF3D7D END=DF3DA2] MINREFS: STK=12C/ARG=234, MAXBSP: C
; USE: ebx.4,arg+0.4,arg+8.4
; DEF: esi.4,sp+8.4
; DNU: esi.4,sp+8.4
; VALRANGES: %0x124.4:(<10000u|==FFFFFFFF)
 mov     %arg_8.4{53}, %0x8.4{53} ; DF3D8F u=arg+8.4    d=sp+8.4
 sar      (ebx.4+%arg_0.4) ,  #1.1 , esi.4{54} ; DF3D90 u=ebx.4,arg+0.4 d=esi.4
 goto    @)(00000000000000306)                      ; DF3D9D u=

; 1WAY-BLOCK 65 INBOUNDS: 6 OUTBOUNDS: 66 [START=DF7560 END=DF7563] MINREFS: STK=12C/ARG=234, MAXBSP: C
; USE: esi.4
; DEF: ebx.4
; DNU: ebx.4
; VALRANGES: eax.4:==FFFFFFFF, %0x124.4:(<10000u|==FFFFFFFF)
 mov      #0xFFFFFFFF.4 , eax.4    ; DF7560 assert u=           d=eax.4
 sub     esi.4{54},  #1.4 , ebx.4  ; DF7560 u=esi.4      d=ebx.4

; 1WAY-BLOCK 66 INBOUNDS: 67 46 65 47 OUTBOUNDS: 18 [START=DF7563 END=DF756B] MINREFS: STK=12C/ARG=234, MAXBSP: C
; VALRANGES: %0x124.4:(<10000u|==FFFFFFFF)
 goto    @)(000000000000009018)                     ; DF7566 u=

; 1WAY-BLOCK 67 PROP COMB INBOUNDS: 45 OUTBOUNDS: 66 [START=DFC05A END=DFC080] MINREFS: STK=12C/ARG=234, MAXBSP: C
; USE-DEF LISTS ARE NOT READY
; VALRANGES: eax.4:==0, %0x124.4:(<10000u|==FFFFFFFF)
 mov      #0.4 , eax.4             ; DFC05A assert u=           d=eax.4
 add     ebx.4,  #1.4 , edx.4{56}  ; DFC075 u=ebx.4      d=edx.4
 xdu      [ds.2{57}: ( ( [ds.2{57}: ( (%var_4.4+edi.4{2}) + #0x24.4 ) ].4 + ( #2.4 *esi.4{54}) ) +edi.4{2}) ].2 , %var_8.4 ; DFC078 u=rdi.8,ds.2,sp+128.4,(GLBLOW,sp+C..128,sp+12C..,GLBHIGH) d=sp+124.4
 mov     edx.4{56}, %arg_0.4{56} ; D8F04C u=edx.4      d=arg+0.4
 goto    @)(000000000000021066)                     ; D8F04F u=

; 1WAY-BLOCK 68 INBOUNDS: 36 OUTBOUNDS: 16 [START=E0B064 END=E0B076] MINREFS: STK=18/ARG=234, MAXBSP: C
; VALRANGES: eax.4:!=0
 goto    @)(000000000000008016)                     ; E0B071 u=

; 2WAY-BLOCK 69 INBOUNDS: 1 OUTBOUNDS: 70 57 [START=E111C2 END=E111C8] MINREFS: STK=12C/ARG=234, MAXBSP: 14
; USE: arg+0.4
 jz      %arg_0.4,  #0.4 , @)(00000000000001C857)     ; E111C2 u=arg+0.4

; 1WAY-BLOCK 70 COMB INBOUNDS: 69 OUTBOUNDS: 55 [START=E111C8 END=E111D0] MINREFS: STK=12C/ARG=234, MAXBSP: 14
; USE: arg+4.4
; DEF: ecx.4
; DNU: ecx.4
; VALRANGES: %0x134.4:!=0
 mov     %lpProcName.4{58}, ecx.4{58} ; E111C8 u=arg+4.4    d=ecx.4
 goto    @)(00000000000001B855)                     ; E03C59 u=

; 2WAY-BLOCK 71 INBOUNDS: 50 OUTBOUNDS: 72 74 [START=E1C17C END=E1C182] MINREFS: STK=12C/ARG=234, MAXBSP: C
; USE: ecx.4
; VALRANGES: eax.4:!=0, esi.4:==FFFFFFFF, %0x124.4:==FFFFFFFF, %0x134.4:!=0
 jnz     ecx.4{42},  #0.4 , @)(000000000000025074)    ; E1C17C u=ecx.4

; 1WAY-BLOCK 72 INBOUNDS: 71 OUTBOUNDS: 77 [START=E1C182 END=E1C191] MINREFS: STK=12C/ARG=234, MAXBSP: 130
; DEF: eax.4
; DNU: eax.4
; VALRANGES: eax.4:!=0, ecx.4:==0, esi.4:==FFFFFFFF, %0x124.4:==FFFFFFFF, %0x134.4:!=0
 mov      #0.4 , ecx.4             ; E1C182 assert u=           d=ecx.4
 mov      #0.4 , eax.4             ; E1C187 u=           d=eax.4
 goto    @)(000000000000026877)                     ; E1C190 u=

; 2WAY-BLOCK 73 INBOUNDS: 3 OUTBOUNDS: 74 13 [START=E289FD END=E28A03] MINREFS: STK=12C/ARG=234, MAXBSP: C
; USE: ecx.4
; VALRANGES: esi.4:(<10000u|==FFFFFFFF), %0x124.4:(<10000u|==FFFFFFFF)
 jz      ecx.4{4},  #0.4 , @)(000000000000006813)     ; E289FD u=ecx.4

; 2WAY-BLOCK 74 INBOUNDS: 71 73 OUTBOUNDS: 75 62 [START=E28A03 END=E28A0B] MINREFS: STK=12C/ARG=234, MAXBSP: C
; USE: eax.4,ecx.4
; VALRANGES: ecx.4:!=0, esi.4:(<10000u|==FFFFFFFF), %0x124.4:(<10000u|==FFFFFFFF)
 jb      ecx.4, eax.4, @)(00000000000001F062)       ; E28A05 u=eax.4,ecx.4

; 2WAY-BLOCK 75 INBOUNDS: 74 OUTBOUNDS: 76 62 [START=E28A0B END=E28A20] MINREFS: STK=12C/ARG=234, MAXBSP: C
; USE: eax.4,ecx.4,sp+11C.4
; DEF: edx.4
; DNU: edx.4
; VALRANGES: ecx.4:!=0, esi.4:(<10000u|==FFFFFFFF), %0x124.4:(<10000u|==FFFFFFFF)
 add     %var_10.4{59}, eax.4{60}, edx.4 ; E28A15 u=eax.4,sp+11C.4 d=edx.4
 jae     ecx.4,  (%var_10.4{59}+eax.4{60}) , @)(00000000000001F062) ; E28A1A u=eax.4,ecx.4,sp+11C.4

; 1WAY-BLOCK 76 INBOUNDS: 75 OUTBOUNDS: 28 [START=E28A20 END=E28A3F] MINREFS: STK=12C/ARG=234, MAXBSP: C
; USE: ecx.4,edi.4,ds.2,(GLBLOW,sp+C..,GLBHIGH)
; DEF: eax.4,cl.1,esi.4
; DNU: cl.1,esi.4
; VALRANGES: ecx.4:!=0, esi.4:(<10000u|==FFFFFFFF), %0x124.4:(<10000u|==FFFFFFFF)
 add     ecx.4{61}, edi.4{2}, eax.4{62} ; E28A20 u=ecx.4,edi.4 d=eax.4
 ldx     ds.2,  (ecx.4{61}+edi.4{2}) , cl.1{63} ; E28A23 u=ecx.4,edi.4,ds.2,(GLBLOW,sp+C..,GLBHIGH) d=cl.1
 mov     eax.4{62}, esi.4{62}    ; E28A2D u=eax.4      d=esi.4
 goto    @)(00000000000000E028)                     ; E28A3A u=

; STOP-BLOCK 77 FAKE INBOUNDS: 21 57 43 15 62 17 13 72 [START=FFFFFFFF END=FFFFFFFF] MINREFS: STK=130/ARG=234, MAXBSP: 0
; USE: (eax.4)

