; STKD=18 MINREF=0/END=130 ARGS: OFF=134/MINREF=134/END=234/SHADOW=0
; SAVEDREGS: ebp.4
; 1WAY-BLOCK 0 FAKE OUTBOUNDS: 1 [START=C6CFD7 END=C6CFD7] MINREFS: STK=0/ARG=134, MAXBSP: 0
; DEF: (cf.1,zf.1,sf.1,of.1,rax.8,rcx.8,esp.4,ebp.4,rdi.8,cs.2,ss.2,ds.2,sp+C.C)

; 1WAY-BLOCK 1 PROP INBOUNDS: 0 OUTBOUNDS: 117 [START=C6CFD7 END=C6CFF3] MINREFS: STK=0/ARG=134, MAXBSP: 12C
; USE-DEF LISTS ARE NOT READY
 mov     &(%__saved_registers).4, ebp.4 ; C6CFD8 u=           d=ebp.4
 mov     edi.4, %0x14.4          ; C6CFE3 u=edi.4      d=sp+14.4
 ldx     ss.2,  (ebp.4+ #8.4 ) , edi.4 ; C6CFE8 u=ebp.4,ss.2,(GLBLOW,LVARS,ARGS,GLBHIGH) d=edi.4
 mov      #0.1 , cf.1              ; C6CFEC u=           d=cf.1
 mov      #0.1 , of.1              ; C6CFEC u=           d=of.1
 setz    edi.4,  #0.4 , zf.1       ; C6CFEC u=edi.4      d=zf.1
 setp    edi.4,  #0.4 , pf.1       ; C6CFEC u=edi.4      d=pf.1
 sets    edi.4, sf.1             ; C6CFEC u=edi.4      d=sf.1
 goto    @)(00000000000003A8117)                    ; C6CFEE u=

; 2WAY-BLOCK 2 INBOUNDS: 28 OUTBOUNDS: 3 16 [START=928DC9 END=928DCF] MINREFS: STK=0/ARG=134, MAXBSP: C
; USE: cf.1
 jcnd     lnot(cf.1) , @)(000000000000008016)         ; 928DC9 u=cf.1

; 1WAY-BLOCK 3 INBOUNDS: 2 OUTBOUNDS: 127 [START=928DCF END=928DEE] MINREFS: STK=0/ARG=134, MAXBSP: C
; USE: eax.4,rdi.8,ds.2,(GLBLOW,LVARS,ARGS,GLBHIGH)
; DEF: cf.1,zf.1,sf.1,of.1,pf.1,edx.4,ecx.4
; DNU: cf.1,zf.1,sf.1,of.1,pf.1
 add      [ds.2: ( (eax.4+edi.4) + #0x1C.4 ) ].4 ,  ( #4.4 *esi.4) , edx.4 ; 928DD6 u=eax.4,rdi.8,ds.2,(GLBLOW,LVARS,ARGS,GLBHIGH) d=edx.4
 ldx     ds.2,  (edx.4+edi.4) , ecx.4 ; 928DE4 u=edx.4,edi.4,ds.2,(GLBLOW,LVARS,ARGS,GLBHIGH) d=ecx.4
 mov      #0.1 , cf.1              ; 928DE7 u=           d=cf.1
 mov      #0.1 , of.1              ; 928DE7 u=           d=of.1
 setz    ecx.4,  #0.4 , zf.1       ; 928DE7 u=ecx.4      d=zf.1
 setp    ecx.4,  #0.4 , pf.1       ; 928DE7 u=ecx.4      d=pf.1
 sets    ecx.4, sf.1             ; 928DE7 u=ecx.4      d=sf.1
 goto    @)(00000000000003F8127)                    ; 928DE9 u=

; 2WAY-BLOCK 4 INBOUNDS: 38 OUTBOUNDS: 5 20 [START=97AFF7 END=97AFFF] MINREFS: STK=0/ARG=134, MAXBSP: C
; USE: zf.1,al.1,esi.4,ds.2
; DEF: (GLBLOW,LVARS,ARGS,GLBHIGH)
 stx     al.1, ds.2, esi.4       ; 97AFF7 u=al.1,esi.4,ds.2 d=(GLBLOW,LVARS,ARGS,GLBHIGH)
 jcnd    zf.1, @)(00000000000000A020)               ; 97AFF9 u=zf.1

; 1WAY-BLOCK 5 INBOUNDS: 4 OUTBOUNDS: 19 [START=97AFFF END=97B00F] MINREFS: STK=0/ARG=134, MAXBSP: C
; USE: edx.4
; DEF: cf.1,zf.1,sf.1,of.1,pf.1,edx.4
; DNU: cf.1,zf.1,sf.1,of.1,pf.1
 add     edx.4,  #1.4 , edx.4      ; 97AFFF u=edx.4      d=edx.4
 setb    edx.4,  #0x104.4 , cf.1   ; 97B004 u=edx.4      d=cf.1
 seto    edx.4,  #0x104.4 , of.1   ; 97B004 u=edx.4      d=of.1
 setz    edx.4,  #0x104.4 , zf.1   ; 97B004 u=edx.4      d=zf.1
 setp    edx.4,  #0x104.4 , pf.1   ; 97B004 u=edx.4      d=pf.1
 sets     (edx.4- #0x104.4 ) , sf.1  ; 97B004 u=edx.4      d=sf.1
 goto    @)(000000000000009819)                     ; 97B00A u=

; 1WAY-BLOCK 6 INBOUNDS: 105 OUTBOUNDS: 7 [START=97F0EB END=97F0F0] MINREFS: STK=0/ARG=134, MAXBSP: 8
; USE: (rax.8,rcx.8,ebp.4,rdi.8,st0.8,st1.8,st2.8,st3.8,st4.8,st5.8,st6.8,st7.8,mm0.8,mm1.8,mm2.8,mm3.8,mm4.8,mm5.8,mm6.8,mm7.8,xmm0.16,xmm1.16,xmm2.16,xmm3.16,xmm4.16,xmm5.16,xmm6.16,xmm7.16,xmm8.16,xmm9.16,xmm10.16,xmm11.16,xmm12.16,xmm13.16,xmm14.16,xmm15.16,GLBLOW,LVARS,ARGS,GLBHIGH)
; DEF: (cf.1,zf.1,sf.1,of.1,pf.1,rax.8,ecx.4,fps.2,st7.8,fl.1,c0.1,c2.1,c3.1,df.1,if.1,xmm0.16,ALLMEM)
 call    $sub_DADACA             ; 97F0EB u=(rax.8,rcx.8,ebp.4,rdi.8,st0.8,st1.8,st2.8,st3.8,st4.8,st5.8,st6.8,st7.8,mm0.8,mm1.8,mm2.8,mm3.8,mm4.8,mm5.8,mm6.8,mm7.8,xmm0.16,xmm1.16,xmm2.16,xmm3.16,xmm4.16,xmm5.16,xmm6.16,xmm7.16,xmm8.16,xmm9.16,xmm10.16,xmm11.16,xmm12.16,xmm13.16,xmm14.16,xmm15.16,GLBLOW,LVARS,ARGS,GLBHIGH) d=(cf.1,zf.1,sf.1,of.1,pf.1,rax.8,ecx.4,fps.2,st7.8,fl.1,c0.1,c2.1,c3.1,df.1,if.1,xmm0.16,ALLMEM)

; 2WAY-BLOCK 7 INBOUNDS: 6 OUTBOUNDS: 8 107 [START=97F0F0 END=97F104] MINREFS: STK=0/ARG=134, MAXBSP: C
; USE: eax.4
; DEF: cf.1,zf.1,sf.1,of.1,pf.1
; DNU: cf.1,zf.1,sf.1,of.1,pf.1
 setnz   eax.4,  #0xFFFFFFFF.4 , cf.1 ; 97F0FB u=eax.4      d=cf.1
 seto    eax.4,  #0xFFFFFFFF.4 , of.1 ; 97F0FB u=eax.4      d=of.1
 setz     (eax.4+ #1.4 ) ,  #0.4 , zf.1 ; 97F0FB u=eax.4      d=zf.1
 setp     (eax.4+ #1.4 ) ,  #0.4 , pf.1 ; 97F0FB u=eax.4      d=pf.1
 sets     (eax.4+ #1.4 ) , sf.1      ; 97F0FB u=eax.4      d=sf.1
 jz      eax.4,  #0xFFFFFFFF.4 , @)(0000000000000358107) ; 97F0FE u=eax.4

; 1WAY-BLOCK 8 INBOUNDS: 7 OUTBOUNDS: 85 [START=97F104 END=97F10B] MINREFS: STK=0/ARG=134, MAXBSP: C
; USE: eax.4
; DEF: cf.1,zf.1,sf.1,of.1,pf.1
; DNU: cf.1,zf.1,sf.1,of.1,pf.1
 mov      #0.1 , cf.1              ; 97F104 u=           d=cf.1
 mov      #0.1 , of.1              ; 97F104 u=           d=of.1
 setz    eax.4,  #0.4 , zf.1       ; 97F104 u=eax.4      d=zf.1
 setp    eax.4,  #0.4 , pf.1       ; 97F104 u=eax.4      d=pf.1
 sets    eax.4, sf.1             ; 97F104 u=eax.4      d=sf.1
 goto    @)(00000000000002A885)                     ; 97F106 u=

; 1WAY-BLOCK 9 TAILCALL INBOUNDS: 111 OUTBOUNDS: 10 [START=98D387 END=98D38F] MINREFS: STK=0/ARG=134, MAXBSP: 130
; USE: (rax.8,rcx.8,ebp.4,rdi.8,st0.8,st1.8,st2.8,st3.8,st4.8,st5.8,st6.8,st7.8,mm0.8,mm1.8,mm2.8,mm3.8,mm4.8,mm5.8,mm6.8,mm7.8,xmm0.16,xmm1.16,xmm2.16,xmm3.16,xmm4.16,xmm5.16,xmm6.16,xmm7.16,xmm8.16,xmm9.16,xmm10.16,xmm11.16,xmm12.16,xmm13.16,xmm14.16,xmm15.16,GLBLOW,LVARS,ARGS,GLBHIGH)
; DEF: (cf.1,zf.1,sf.1,of.1,pf.1,rax.8,ecx.4,fps.2,st7.8,fl.1,c0.1,c2.1,c3.1,df.1,if.1,xmm0.16,ALLMEM)
 call    $nullsub_5              ; 98D38A tailcall u=(rax.8,rcx.8,ebp.4,rdi.8,st0.8,st1.8,st2.8,st3.8,st4.8,st5.8,st6.8,st7.8,mm0.8,mm1.8,mm2.8,mm3.8,mm4.8,mm5.8,mm6.8,mm7.8,xmm0.16,xmm1.16,xmm2.16,xmm3.16,xmm4.16,xmm5.16,xmm6.16,xmm7.16,xmm8.16,xmm9.16,xmm10.16,xmm11.16,xmm12.16,xmm13.16,xmm14.16,xmm15.16,GLBLOW,LVARS,ARGS,GLBHIGH) d=(cf.1,zf.1,sf.1,of.1,pf.1,rax.8,ecx.4,fps.2,st7.8,fl.1,c0.1,c2.1,c3.1,df.1,if.1,xmm0.16,ALLMEM)

; 1WAY-BLOCK 10 FAKE INBOUNDS: 9 OUTBOUNDS: 132 [START=98D38A END=98D38F] MINREFS: STK=0/ARG=134, MAXBSP: 130
 goto    @)(0000000000000420132)                    ; 98D38A u=

; 2WAY-BLOCK 11 INBOUNDS: 97 OUTBOUNDS: 12 98 [START=98E4F7 END=98E509] MINREFS: STK=0/ARG=134, MAXBSP: 14
; USE: edi.4,ds.2,(GLBLOW,LVARS,ARGS,GLBHIGH)
; DEF: cf.1,zf.1,sf.1,of.1,pf.1,edx.4
; DNU: cf.1,zf.1,sf.1,of.1,pf.1
 add     edi.4,  [ds.2: (edi.4+ #0x3C.4 ) ].4 , edx.4 ; 98E4FB u=edi.4,ds.2,(GLBLOW,LVARS,ARGS,GLBHIGH) d=edx.4
 setb     [ds.2:edx.4].4 ,  #0x4550.4 , cf.1 ; 98E4FD u=edx.4,ds.2,(GLBLOW,LVARS,ARGS,GLBHIGH) d=cf.1
 seto     [ds.2:edx.4].4 ,  #0x4550.4 , of.1 ; 98E4FD u=edx.4,ds.2,(GLBLOW,LVARS,ARGS,GLBHIGH) d=of.1
 setz     [ds.2:edx.4].4 ,  #0x4550.4 , zf.1 ; 98E4FD u=edx.4,ds.2,(GLBLOW,LVARS,ARGS,GLBHIGH) d=zf.1
 setp     [ds.2:edx.4].4 ,  #0x4550.4 , pf.1 ; 98E4FD u=edx.4,ds.2,(GLBLOW,LVARS,ARGS,GLBHIGH) d=pf.1
 sets     ( [ds.2:edx.4].4 - #0x4550.4 ) , sf.1 ; 98E4FD u=edx.4,ds.2,(GLBLOW,LVARS,ARGS,GLBHIGH) d=sf.1
 jnz      [ds.2:edx.4].4 ,  #0x4550.4 , @)(000000000000031098) ; 98E503 u=edx.4,ds.2,(GLBLOW,LVARS,ARGS,GLBHIGH)

; 1WAY-BLOCK 12 INBOUNDS: 11 OUTBOUNDS: 93 [START=98E509 END=98E511] MINREFS: STK=0/ARG=134, MAXBSP: 14
; USE: edx.4,ds.2,(GLBLOW,LVARS,ARGS,GLBHIGH)
; DEF: eax.4
; DNU: eax.4
 ldx     ds.2,  (edx.4+ #0x78.4 ) , eax.4 ; 98E509 u=edx.4,ds.2,(GLBLOW,LVARS,ARGS,GLBHIGH) d=eax.4
 goto    @)(00000000000002E893)                     ; 98E50C u=

; 2WAY-BLOCK 13 INBOUNDS: 50 OUTBOUNDS: 14 100 [START=9A0EEA END=9A0EF0] MINREFS: STK=0/ARG=134, MAXBSP: C
; USE: zf.1
 jcnd    zf.1, @)(0000000000000320100)              ; 9A0EEA u=zf.1

; 1WAY-BLOCK 14 INBOUNDS: 13 OUTBOUNDS: 29 [START=9A0EF0 END=9A0F00] MINREFS: STK=0/ARG=134, MAXBSP: C
; USE: rax.5,ebx.4,ebp.4,ss.2,ds.2,(GLBLOW,LVARS,ARGS,GLBHIGH)
; DEF: zf.1,sf.1,of.1,pf.1,edx.4,(GLBLOW,LVARS,ARGS,GLBHIGH)
; DNU: zf.1,sf.1,of.1,pf.1
 stx     dl.1, ds.2,  (ebx.4+eax.4)  ; 9A0EF0 u=rax.5,ebx.4,ds.2 d=(GLBLOW,LVARS,ARGS,GLBHIGH)
 ldx     ss.2,  (ebp.4+ #8.4 ) , edx.4 ; 9A0EF7 u=ebp.4,ss.2,(GLBLOW,LVARS,ARGS,GLBHIGH) d=edx.4
 ofadd    #1.4 , edx.4, of.1       ; 9A0EFA u=edx.4      d=of.1
 add     edx.4,  #1.4 , edx.4      ; 9A0EFA u=edx.4      d=edx.4
 setz    edx.4,  #0.4 , zf.1       ; 9A0EFA u=edx.4      d=zf.1
 setp    edx.4,  #0.4 , pf.1       ; 9A0EFA u=edx.4      d=pf.1
 sets    edx.4, sf.1             ; 9A0EFA u=edx.4      d=sf.1
 goto    @)(00000000000000E829)                     ; 9A0EFB u=

; 2WAY-BLOCK 15 INBOUNDS: 131 OUTBOUNDS: 16 42 [START=9B011E END=9B0124] MINREFS: STK=0/ARG=134, MAXBSP: C
; USE: zf.1
 jcnd     lnot(zf.1) , @)(000000000000015042)         ; 9B011E u=zf.1

; 1WAY-BLOCK 16 INBOUNDS: 2 15 40 46 61 89 127 OUTBOUNDS: 18 [START=9B0124 END=9B012F] MINREFS: STK=0/ARG=134, MAXBSP: 14
; USE: bl.1,di.2,sp+C.8
; DEF: cf.1,zf.1,sf.1,of.1,pf.1,eax.4,ebx.4,di.2,esi.4
; DNU: cf.1,zf.1,sf.1,of.1,pf.1,eax.4,ebx.4,di.2,esi.4
 mov     %0xC.4, esi.4           ; 9B0124 u=sp+C.4     d=esi.4
 xor     di.2,  ( #1.2  <<l  (bl.1 &  #0xF.1 ) ) , di.2 ; 9B0125 u=bl.1,di.2  d=di.2
 mov     %0x10.4, ebx.4          ; 9B0129 u=sp+10.4    d=ebx.4
 mov      #0.4 , eax.4             ; 9B012A u=           d=eax.4
 mov      #0.1 , cf.1              ; 9B012A u=           d=cf.1
 mov      #0.1 , of.1              ; 9B012A u=           d=of.1
 mov      #1.1 , zf.1              ; 9B012A u=           d=zf.1
 setp     #0.4 ,  #0.4 , pf.1        ; 9B012A u=           d=pf.1
 mov      #0.1 , sf.1              ; 9B012A u=           d=sf.1
 goto    @)(000000000000009018)                     ; 9B012C u=

; 1WAY-BLOCK 17 FAKE OUTBOUNDS: 18 [START=9B012C END=9B012F] MINREFS: STK=0/ARG=134, MAXBSP: 14
; USE: eax.4
; DEF: edi.4
; DNU: edi.4
 mov     eax.4, edi.4            ; 9B012C u=eax.4      d=edi.4

; 1WAY-BLOCK 18 INBOUNDS: 16 17 OUTBOUNDS: 112 [START=9B012F END=9B0135] MINREFS: STK=0/ARG=134, MAXBSP: 18
; USE: sp+14.4
; DEF: edi.4
; DNU: edi.4
 mov     %0x14.4, edi.4          ; 9B012F u=sp+14.4    d=edi.4
 goto    @)(0000000000000380112)                    ; 9B0130 u=

; 2WAY-BLOCK 19 INBOUNDS: 5 OUTBOUNDS: 20 38 [START=BF1865 END=BF186B] MINREFS: STK=0/ARG=134, MAXBSP: C
; USE: cf.1
 jcnd    cf.1, @)(000000000000013038)               ; BF1865 u=cf.1

; 1WAY-BLOCK 20 INBOUNDS: 4 19 OUTBOUNDS: 45 [START=BF186B END=BF1876] MINREFS: STK=0/ARG=134, MAXBSP: C
; USE: ebp.4
; DEF: eax.4
; DNU: eax.4
 sub     ebp.4,  #0x114.4 , eax.4  ; BF186B u=ebp.4      d=eax.4
 goto    @)(000000000000016845)                     ; BF1871 u=

; 1WAY-BLOCK 21 INBOUNDS: 92 OUTBOUNDS: 64 [START=BF83F8 END=BF8401] MINREFS: STK=0/ARG=134, MAXBSP: C
; USE: bl.1,esi.4
; DEF: cf.1,zf.1,sf.1,of.1,pf.1,esi.4
; DNU: cf.1,zf.1,sf.1,of.1,pf.1,esi.4
 add     esi.4,  #1.4 , esi.4      ; BF83F8 u=esi.4      d=esi.4
 setb    bl.1,  #9.1 , cf.1        ; BF83F9 u=bl.1       d=cf.1
 seto    bl.1,  #9.1 , of.1        ; BF83F9 u=bl.1       d=of.1
 setz    bl.1,  #9.1 , zf.1        ; BF83F9 u=bl.1       d=zf.1
 setp    bl.1,  #9.1 , pf.1        ; BF83F9 u=bl.1       d=pf.1
 sets     (bl.1- #9.1 ) , sf.1       ; BF83F9 u=bl.1       d=sf.1
 goto    @)(000000000000020064)                     ; BF83FC u=

; 2WAY-BLOCK 22 INBOUNDS: 116 OUTBOUNDS: 23 33 [START=BFA627 END=BFA62D] MINREFS: STK=0/ARG=134, MAXBSP: C
; USE: zf.1
 jcnd    zf.1, @)(000000000000010833)               ; BFA627 u=zf.1

; 1WAY-BLOCK 23 INBOUNDS: 22 OUTBOUNDS: 106 [START=BFA62D END=BFA634] MINREFS: STK=0/ARG=134, MAXBSP: C
; DEF: sp+8.4
 mov      #0.4 , %0x8.4            ; BFA62D u=           d=sp+8.4
 goto    @)(0000000000000350106)                    ; BFA62F u=

; 1WAY-BLOCK 24 TAILCALL INBOUNDS: 98 OUTBOUNDS: 25 [START=BFBDF3 END=BFBDFB] MINREFS: STK=0/ARG=134, MAXBSP: 130
; USE: (rax.8,rcx.8,ebp.4,rdi.8,st0.8,st1.8,st2.8,st3.8,st4.8,st5.8,st6.8,st7.8,mm0.8,mm1.8,mm2.8,mm3.8,mm4.8,mm5.8,mm6.8,mm7.8,xmm0.16,xmm1.16,xmm2.16,xmm3.16,xmm4.16,xmm5.16,xmm6.16,xmm7.16,xmm8.16,xmm9.16,xmm10.16,xmm11.16,xmm12.16,xmm13.16,xmm14.16,xmm15.16,GLBLOW,LVARS,ARGS,GLBHIGH)
; DEF: (cf.1,zf.1,sf.1,of.1,pf.1,rax.8,ecx.4,fps.2,st7.8,fl.1,c0.1,c2.1,c3.1,df.1,if.1,xmm0.16,ALLMEM)
 call    $nullsub_2              ; BFBDF6 tailcall u=(rax.8,rcx.8,ebp.4,rdi.8,st0.8,st1.8,st2.8,st3.8,st4.8,st5.8,st6.8,st7.8,mm0.8,mm1.8,mm2.8,mm3.8,mm4.8,mm5.8,mm6.8,mm7.8,xmm0.16,xmm1.16,xmm2.16,xmm3.16,xmm4.16,xmm5.16,xmm6.16,xmm7.16,xmm8.16,xmm9.16,xmm10.16,xmm11.16,xmm12.16,xmm13.16,xmm14.16,xmm15.16,GLBLOW,LVARS,ARGS,GLBHIGH) d=(cf.1,zf.1,sf.1,of.1,pf.1,rax.8,ecx.4,fps.2,st7.8,fl.1,c0.1,c2.1,c3.1,df.1,if.1,xmm0.16,ALLMEM)

; 1WAY-BLOCK 25 FAKE INBOUNDS: 24 OUTBOUNDS: 132 [START=BFBDF6 END=BFBDFB] MINREFS: STK=0/ARG=134, MAXBSP: 130
 goto    @)(0000000000000420132)                    ; BFBDF6 u=

; 2WAY-BLOCK 26 INBOUNDS: 108 OUTBOUNDS: 27 104 [START=C069C8 END=C069CE] MINREFS: STK=0/ARG=134, MAXBSP: C
; USE: zf.1,sf.1,of.1
 jcnd     ( (sf.1 ^ of.1)  | zf.1) , @)(0000000000000340104) ; C069C8 u=zf.1,sf.1,of.1

; 1WAY-BLOCK 27 INBOUNDS: 26 OUTBOUNDS: 28 [START=C069CE END=C069DB] MINREFS: STK=0/ARG=134, MAXBSP: C
; USE: ebp.4,ss.2,(GLBLOW,LVARS,ARGS,GLBHIGH)
; DEF: cf.1,zf.1,sf.1,of.1,pf.1,eax.4,esi.4
; DNU: cf.1,zf.1,sf.1,of.1,pf.1,al.1,eax^2.2,esi.4
 ldx     ss.2,  (ebp.4- #4.4 ) , eax.4 ; C069CE u=ebp.4,ss.2,(GLBLOW,LVARS,ARGS,GLBHIGH) d=eax.4
 ldx     ss.2,  (ebp.4- #8.4 ) , esi.4 ; C069D1 u=ebp.4,ss.2,(GLBLOW,LVARS,ARGS,GLBHIGH) d=esi.4
 setb    ah.1,  #0xEA.1 , cf.1     ; C069D8 u=ah.1       d=cf.1
 seto    ah.1,  #0xEA.1 , of.1     ; C069D8 u=ah.1       d=of.1
 setz     (ah.1+ #0x16.1 ) ,  #0.1 , zf.1 ; C069D8 u=ah.1       d=zf.1
 setp     (ah.1+ #0x16.1 ) ,  #0.1 , pf.1 ; C069D8 u=ah.1       d=pf.1
 sets     (ah.1+ #0x16.1 ) , sf.1    ; C069D8 u=ah.1       d=sf.1

; 1WAY-BLOCK 28 INBOUNDS: 27 34 94 OUTBOUNDS: 2 [START=C069DB END=C069E4] MINREFS: STK=0/ARG=134, MAXBSP: C
; USE: eax.4,rdi.8,ds.2,(GLBLOW,LVARS,ARGS,GLBHIGH)
; DEF: cf.1,zf.1,sf.1,of.1,pf.1
; DNU: cf.1,zf.1,sf.1,of.1,pf.1
 setb    esi.4,  [ds.2: ( (eax.4+edi.4) + #0x14.4 ) ].4 , cf.1 ; C069DB u=eax.4,rdi.8,ds.2,(GLBLOW,LVARS,ARGS,GLBHIGH) d=cf.1
 seto    esi.4,  [ds.2: ( (eax.4+edi.4) + #0x14.4 ) ].4 , of.1 ; C069DB u=eax.4,rdi.8,ds.2,(GLBLOW,LVARS,ARGS,GLBHIGH) d=of.1
 setz    esi.4,  [ds.2: ( (eax.4+edi.4) + #0x14.4 ) ].4 , zf.1 ; C069DB u=eax.4,rdi.8,ds.2,(GLBLOW,LVARS,ARGS,GLBHIGH) d=zf.1
 setp    esi.4,  [ds.2: ( (eax.4+edi.4) + #0x14.4 ) ].4 , pf.1 ; C069DB u=eax.4,rdi.8,ds.2,(GLBLOW,LVARS,ARGS,GLBHIGH) d=pf.1
 sets     (esi.4- [ds.2: ( (eax.4+edi.4) + #0x14.4 ) ].4 ) , sf.1 ; C069DB u=eax.4,rdi.8,ds.2,(GLBLOW,LVARS,ARGS,GLBHIGH) d=sf.1
 goto    @)(00000000000000102)                      ; C069DF u=

; 1WAY-BLOCK 29 INBOUNDS: 14 OUTBOUNDS: 99 [START=C1841A END=C18427] MINREFS: STK=0/ARG=134, MAXBSP: C
; USE: rax.8,ecx.4,ebp.4,ss.2
; DEF: cf.1,zf.1,sf.1,of.1,pf.1,eax.4,(GLBLOW,LVARS,ARGS,GLBHIGH)
; DNU: cf.1,zf.1,sf.1,of.1,pf.1,eax.4
 add     eax.4,  #1.4 , eax.4      ; C1841A u=eax.4      d=eax.4
 stx     edx.4, ss.2,  (ebp.4+ #8.4 )  ; C1841D u=edx.4,ebp.4,ss.2 d=(GLBLOW,LVARS,ARGS,GLBHIGH)
 setb    edx.4, ecx.4, cf.1      ; C18420 u=edx.4,ecx.4 d=cf.1
 seto    edx.4, ecx.4, of.1      ; C18420 u=edx.4,ecx.4 d=of.1
 setz    edx.4, ecx.4, zf.1      ; C18420 u=edx.4,ecx.4 d=zf.1
 setp    edx.4, ecx.4, pf.1      ; C18420 u=edx.4,ecx.4 d=pf.1
 sets     (edx.4-ecx.4) , sf.1     ; C18420 u=edx.4,ecx.4 d=sf.1
 goto    @)(000000000000031899)                     ; C18422 u=

; 1WAY-BLOCK 30 INBOUNDS: 36 OUTBOUNDS: 69 [START=C23B74 END=C23B7C] MINREFS: STK=0/ARG=134, MAXBSP: C
; USE: ebp.4,ss.2,(GLBLOW,LVARS,ARGS,GLBHIGH)
; DEF: eax.4
; DNU: eax.4
 ldx     ss.2,  (ebp.4+ #0xC.4 ) , eax.4 ; C23B74 u=ebp.4,ss.2,(GLBLOW,LVARS,ARGS,GLBHIGH) d=eax.4
 goto    @)(000000000000022869)                     ; C23B77 u=

; 1WAY-BLOCK 31 INBOUNDS: 79 OUTBOUNDS: 52 [START=C3310A END=C33110] MINREFS: STK=0/ARG=134, MAXBSP: 8
; USE: edx.4
; DEF: sp+4.4
 mov     edx.4, %0x4.4           ; C3310A u=edx.4      d=sp+4.4
 goto    @)(00000000000001A052)                     ; C3310B u=

; 1WAY-BLOCK 32 INBOUNDS: 95 OUTBOUNDS: 34 [START=C3E02C END=C3E033] MINREFS: STK=0/ARG=134, MAXBSP: C
; USE: ebx.4
; DEF: cf.1,zf.1,sf.1,of.1,pf.1
; DNU: cf.1,zf.1,sf.1,of.1,pf.1
 mov      #0.1 , cf.1              ; C3E02C u=           d=cf.1
 mov      #0.1 , of.1              ; C3E02C u=           d=of.1
 setz    ebx.4,  #0.4 , zf.1       ; C3E02C u=ebx.4      d=zf.1
 setp    ebx.4,  #0.4 , pf.1       ; C3E02C u=ebx.4      d=pf.1
 sets    ebx.4, sf.1             ; C3E02C u=ebx.4      d=sf.1
 goto    @)(000000000000011034)                     ; C3E02E u=

; 1WAY-BLOCK 33 INBOUNDS: 22 OUTBOUNDS: 51 [START=C406D0 END=C406E1] MINREFS: STK=0/ARG=134, MAXBSP: C
; USE: esi.4,ds.2,(GLBLOW,LVARS,ARGS,GLBHIGH)
; DEF: cf.1,zf.1,sf.1,of.1,pf.1,cl.1,esi.4
; DNU: cf.1,zf.1,sf.1,of.1,pf.1,cl.1,esi.4
 ldx     ds.2,  (esi.4+ #2.4 ) , cl.1 ; C406D0 u=esi.4,ds.2,(GLBLOW,LVARS,ARGS,GLBHIGH) d=cl.1
 ofadd    #2.4 , esi.4, of.1       ; C406D8 u=esi.4      d=of.1
 setz     (esi.4+ #2.4 ) ,  #0.4 , zf.1 ; C406D8 u=esi.4      d=zf.1
 setp     (esi.4+ #2.4 ) ,  #0.4 , pf.1 ; C406D8 u=esi.4      d=pf.1
 sets     (esi.4+ #2.4 ) , sf.1      ; C406D8 u=esi.4      d=sf.1
 add     esi.4,  #2.4 , esi.4      ; C406D8 u=esi.4      d=esi.4
 mov      #1.1 , cf.1              ; C406DB u=           d=cf.1
 goto    @)(000000000000019851)                     ; C406DC u=

; 2WAY-BLOCK 34 INBOUNDS: 32 OUTBOUNDS: 35 28 [START=C58943 END=C58949] MINREFS: STK=0/ARG=134, MAXBSP: C
; USE: sf.1,of.1
 jcnd     (sf.1 ^ of.1) , @)(00000000000000E028)      ; C58943 u=sf.1,of.1

; 1WAY-BLOCK 35 INBOUNDS: 34 OUTBOUNDS: 105 [START=C58949 END=C5894E] MINREFS: STK=0/ARG=134, MAXBSP: C
 goto    @)(0000000000000348105)                    ; C58949 u=

; 2WAY-BLOCK 36 INBOUNDS: 63 OUTBOUNDS: 37 30 [START=C61A29 END=C61A2F] MINREFS: STK=0/ARG=134, MAXBSP: C
; USE: zf.1
 jcnd    zf.1, @)(00000000000000F030)               ; C61A29 u=zf.1

; 1WAY-BLOCK 37 INBOUNDS: 36 OUTBOUNDS: 38 [START=C61A2F END=C61A45] MINREFS: STK=0/ARG=134, MAXBSP: C
; USE: cl.1,ebp.4,ss.2,(GLBLOW,LVARS,ARGS,GLBHIGH)
; DEF: cf.1,zf.1,sf.1,of.1,pf.1,rax.8,cl.1,ebx.4
; DNU: cf.1,zf.1,sf.1,of.1,pf.1,rax.8,cl.1
 ldx     ss.2,  (ebp.4+ #0xC.4 ) , ebx.4 ; C61A2F u=ebp.4,ss.2,(GLBLOW,LVARS,ARGS,GLBHIGH) d=ebx.4
 sub     ebp.4,  #0x114.4 , eax.4  ; C61A34 u=ebp.4      d=eax.4
 mov      #0.4 , edx.4             ; C61A3D u=           d=edx.4
 shl      (cl.1 >>a cl.1) ,  (cl.1 >>a cl.1) , cl.1 ; C61A3F u=cl.1       d=cl.1
 setb    ebx.4,  (ebp.4- #0x114.4 ) , cf.1 ; C61A41 u=ebx.4,ebp.4 d=cf.1
 seto    ebx.4,  (ebp.4- #0x114.4 ) , of.1 ; C61A41 u=ebx.4,ebp.4 d=of.1
 sub     ebx.4,  (ebp.4- #0x114.4 ) , ebx.4 ; C61A41 u=ebx.4,ebp.4 d=ebx.4
 setz    ebx.4,  #0.4 , zf.1       ; C61A41 u=ebx.4      d=zf.1
 setp    ebx.4,  #0.4 , pf.1       ; C61A41 u=ebx.4      d=pf.1
 sets    ebx.4, sf.1             ; C61A41 u=ebx.4      d=sf.1

; 1WAY-BLOCK 38 INBOUNDS: 19 37 OUTBOUNDS: 4 [START=C61A45 END=C61A70] MINREFS: STK=0/ARG=134, MAXBSP: C
; USE: edx.4,ebx.4,ebp.4,ds.2,(GLBLOW,LVARS,ARGS,GLBHIGH)
; DEF: cf.1,zf.1,sf.1,of.1,pf.1,eax.4,cl.1,esi.4
; DNU: cf.1,zf.1,sf.1,of.1,pf.1,eax^1.3,cl.1
 mov     dl.1, cl.1              ; C61A4A u=dl.1       d=cl.1
 mov      call !__ROL4__<fast:_DWORD  #0x18EF4CA5.4 ,char dl.1> => _DWORD .4 , eax.4 ; C61A50 u=dl.1       d=eax.4
 sub      (ebp.4+edx.4) ,  #0x114.4 , esi.4 ; C61A55 u=edx.4,ebp.4 d=esi.4
 xor      [ds.2: (ebx.4+esi.4) ].1 ,  (dl.1+al.1) , al.1 ; C61A68 u=al.1,dl.1,ebx.4,esi.4,ds.2,(GLBLOW,LVARS,ARGS,GLBHIGH) d=al.1
 mov      #0.1 , cf.1              ; C61A68 u=           d=cf.1
 mov      #0.1 , of.1              ; C61A68 u=           d=of.1
 setz    al.1,  #0.1 , zf.1        ; C61A68 u=al.1       d=zf.1
 setp    al.1,  #0.1 , pf.1        ; C61A68 u=al.1       d=pf.1
 sets    al.1, sf.1              ; C61A68 u=al.1       d=sf.1
 goto    @)(00000000000000204)                      ; C61A6B u=

; 1WAY-BLOCK 39 INBOUNDS: 68 OUTBOUNDS: 71 [START=C69764 END=C6977A] MINREFS: STK=0/ARG=134, MAXBSP: 8
; USE: eax.4,ebp.4,ss.2
; DEF: eax.4,(GLBLOW,LVARS,ARGS,GLBHIGH)
; DNU: eax.4
 stx      #0.1 , ss.2,  ( (ebp.4+eax.4) - #0x114.4 )  ; C69764 u=eax.4,ebp.4,ss.2 d=(GLBLOW,LVARS,ARGS,GLBHIGH)
 mov     $GetModuleHandleA.4, eax.4 ; C69770 u=           d=eax.4
 goto    @)(000000000000023871)                     ; C69775 u=

; 2WAY-BLOCK 40 INBOUNDS: 130 OUTBOUNDS: 41 16 [START=C6FD8B END=C6FD91] MINREFS: STK=0/ARG=134, MAXBSP: C
; USE: zf.1
 jcnd    zf.1, @)(000000000000008016)               ; C6FD8B u=zf.1

; 1WAY-BLOCK 41 INBOUNDS: 40 OUTBOUNDS: 42 [START=C6FD91 END=C6FD95] MINREFS: STK=0/ARG=134, MAXBSP: C
; USE: ah.1,cl.1
; DEF: cf.1,zf.1,sf.1,of.1,pf.1
; DNU: cf.1,zf.1,sf.1,of.1,pf.1
 mov      #0.1 , cf.1              ; C6FD93 u=           d=cf.1
 mov      #0.1 , of.1              ; C6FD93 u=           d=of.1
 setz     (cl.1 & ah.1) ,  #0.1 , zf.1 ; C6FD93 u=ah.1,cl.1  d=zf.1
 setp     (cl.1 & ah.1) ,  #0.1 , pf.1 ; C6FD93 u=ah.1,cl.1  d=pf.1
 sets     (cl.1 & ah.1) , sf.1     ; C6FD93 u=ah.1,cl.1  d=sf.1

; 2WAY-BLOCK 42 INBOUNDS: 15 41 OUTBOUNDS: 43 46 [START=C6FD95 END=C6FD9E] MINREFS: STK=0/ARG=134, MAXBSP: C
; USE: cl.1
; DEF: cf.1,zf.1,sf.1,of.1,pf.1
; DNU: cf.1,zf.1,sf.1,of.1,pf.1
 setb    cl.1,  #0x2E.1 , cf.1     ; C6FD95 u=cl.1       d=cf.1
 seto    cl.1,  #0x2E.1 , of.1     ; C6FD95 u=cl.1       d=of.1
 setz    cl.1,  #0x2E.1 , zf.1     ; C6FD95 u=cl.1       d=zf.1
 setp    cl.1,  #0x2E.1 , pf.1     ; C6FD95 u=cl.1       d=pf.1
 sets     (cl.1- #0x2E.1 ) , sf.1    ; C6FD95 u=cl.1       d=sf.1
 jz      cl.1,  #0x2E.1 , @)(000000000000017046)      ; C6FD98 u=cl.1

; 1WAY-BLOCK 43 INBOUNDS: 42 OUTBOUNDS: 131 [START=C6FD9E END=C6FDA6] MINREFS: STK=0/ARG=134, MAXBSP: C
; USE: esi.4,ds.2,(GLBLOW,LVARS,ARGS,GLBHIGH)
; DEF: cl.1
; DNU: cl.1
 ldx     ds.2,  (esi.4+ #1.4 ) , cl.1 ; C6FD9E u=esi.4,ds.2,(GLBLOW,LVARS,ARGS,GLBHIGH) d=cl.1
 goto    @)(0000000000000418131)                    ; C6FDA1 u=

; 1WAY-BLOCK 44 PROP INBOUNDS: 102 OUTBOUNDS: 70 [START=C7360B END=C73623] MINREFS: STK=0/ARG=134, MAXBSP: 14
; USE-DEF LISTS ARE NOT READY
 mov     ebx.4, %0x10.4          ; C7360B u=ebx.4      d=sp+10.4
 mov     esi.4, %0xC.4           ; C7360C u=esi.4      d=sp+C.4
 mov      #0xFFFFFFFF.4 , esi.4    ; C73612 u=           d=esi.4
 mov      #0.1 , cf.1              ; C73615 u=           d=cf.1
 mov      #0.1 , of.1              ; C73615 u=           d=of.1
 setz     (&(%0xC).4 &  #0x7F6F296A.4 ) ,  #0.4 , zf.1 ; C73615 u=           d=zf.1
 setp     (&(%0xC).4 &  #0x7F6F296A.4 ) ,  #0.4 , pf.1 ; C73615 u=           d=pf.1
 mov      #0.1 , sf.1              ; C73615 u=           d=sf.1
 stx     edx.4, ss.2,  (ebp.4- #0x10.4 )  ; C7361B u=edx.4,ebp.4,ss.2 d=(GLBLOW,LVARS,ARGS,GLBHIGH)
 goto    @)(000000000000023070)                     ; C7361E u=

; 1WAY-BLOCK 45 INBOUNDS: 20 OUTBOUNDS: 75 [START=C73F6B END=C73F7E] MINREFS: STK=0/ARG=134, MAXBSP: C
; USE: eax.4,edi.4
; DEF: eax.4,sp+4.8
; DNU: eax.4
 mov     eax.4, %0x8.4           ; C73F6B u=eax.4      d=sp+8.4
 mov     edi.4, %0x4.4           ; C73F71 u=edi.4      d=sp+4.4
 mov     $GetProcAddress.4, eax.4 ; C73F74 u=           d=eax.4
 goto    @)(000000000000025875)                     ; C73F79 u=

; 2WAY-BLOCK 46 INBOUNDS: 42 OUTBOUNDS: 47 16 [START=C779CD END=C779DD] MINREFS: STK=0/ARG=134, MAXBSP: C
; USE: eax.4,esi.4
; DEF: cf.1,zf.1,sf.1,of.1,pf.1,ecx.4
; DNU: cf.1,zf.1,sf.1,of.1,pf.1,ecx.4
 sub     esi.4, eax.4, ecx.4     ; C779CF u=eax.4,esi.4 d=ecx.4
 setb     (esi.4-eax.4) ,  #0x104.4 , cf.1 ; C779D1 u=eax.4,esi.4 d=cf.1
 seto     (esi.4-eax.4) ,  #0x104.4 , of.1 ; C779D1 u=eax.4,esi.4 d=of.1
 setz     (esi.4-eax.4) ,  #0x104.4 , zf.1 ; C779D1 u=eax.4,esi.4 d=zf.1
 setp     (esi.4-eax.4) ,  #0x104.4 , pf.1 ; C779D1 u=eax.4,esi.4 d=pf.1
 sets     ( (esi.4-eax.4) - #0x104.4 ) , sf.1 ; C779D1 u=eax.4,esi.4 d=sf.1
 jae      (esi.4-eax.4) ,  #0x104.4 , @)(000000000000008016) ; C779D7 u=eax.4,esi.4

; 1WAY-BLOCK 47 INBOUNDS: 46 OUTBOUNDS: 48 [START=C779DD END=C779EB] MINREFS: STK=0/ARG=134, MAXBSP: C
; USE: ecx.4,ebp.4,ss.2
; DEF: cf.1,zf.1,sf.1,of.1,pf.1,(GLBLOW,LVARS,ARGS,GLBHIGH)
; DNU: cf.1,zf.1,sf.1,of.1,pf.1
 stx      #0.4 , ss.2,  (ebp.4+ #8.4 )  ; C779DD u=ebp.4,ss.2 d=(GLBLOW,LVARS,ARGS,GLBHIGH)
 mov      #0.1 , cf.1              ; C779E4 u=           d=cf.1
 mov      #0.1 , of.1              ; C779E4 u=           d=of.1
 setz    ecx.4,  #0.4 , zf.1       ; C779E4 u=ecx.4      d=zf.1
 setp    ecx.4,  #0.4 , pf.1       ; C779E4 u=ecx.4      d=pf.1
 sets    ecx.4, sf.1             ; C779E4 u=ecx.4      d=sf.1

; 2WAY-BLOCK 48 INBOUNDS: 47 OUTBOUNDS: 49 100 [START=C8AAA5 END=C8AAAB] MINREFS: STK=0/ARG=134, MAXBSP: C
; USE: cf.1,zf.1
 jcnd     (cf.1 | zf.1) , @)(0000000000000320100)     ; C8AAA5 u=cf.1,zf.1

; 1WAY-BLOCK 49 INBOUNDS: 48 OUTBOUNDS: 50 [START=C8AAAB END=C8AAB3] MINREFS: STK=0/ARG=134, MAXBSP: C
; USE: eax.4,ebp.4
; DEF: cf.1,zf.1,sf.1,of.1,pf.1,ebx.4
; DNU: cf.1,zf.1,sf.1,of.1,pf.1,ebx.4
 setb     (ebp.4- #0x114.4 ) , eax.4, cf.1 ; C8AAB1 u=eax.4,ebp.4 d=cf.1
 seto     (ebp.4- #0x114.4 ) , eax.4, of.1 ; C8AAB1 u=eax.4,ebp.4 d=of.1
 sub      (ebp.4- #0x114.4 ) , eax.4, ebx.4 ; C8AAB1 u=eax.4,ebp.4 d=ebx.4
 setz     (ebp.4- #0x114.4 ) , eax.4, zf.1 ; C8AAB1 u=eax.4,ebp.4 d=zf.1
 setp     (ebp.4- #0x114.4 ) , eax.4, pf.1 ; C8AAB1 u=eax.4,ebp.4 d=pf.1
 sets     ( (ebp.4- #0x114.4 ) -eax.4) , sf.1 ; C8AAB1 u=eax.4,ebp.4 d=sf.1

; 1WAY-BLOCK 50 INBOUNDS: 49 99 OUTBOUNDS: 13 [START=C8AAB3 END=C8AABC] MINREFS: STK=0/ARG=134, MAXBSP: C
; USE: eax.4,ds.2,(GLBLOW,LVARS,ARGS,GLBHIGH)
; DEF: cf.1,zf.1,sf.1,of.1,pf.1,dl.1
; DNU: cf.1,zf.1,sf.1,of.1,pf.1,dl.1
 ldx     ds.2, eax.4, dl.1       ; C8AAB3 u=eax.4,ds.2,(GLBLOW,LVARS,ARGS,GLBHIGH) d=dl.1
 mov      #0.1 , cf.1              ; C8AAB5 u=           d=cf.1
 mov      #0.1 , of.1              ; C8AAB5 u=           d=of.1
 setz     [ds.2:eax.4].1 ,  #0.1 , zf.1 ; C8AAB5 u=eax.4,ds.2,(GLBLOW,LVARS,ARGS,GLBHIGH) d=zf.1
 setp     [ds.2:eax.4].1 ,  #0.1 , pf.1 ; C8AAB5 u=eax.4,ds.2,(GLBLOW,LVARS,ARGS,GLBHIGH) d=pf.1
 sets     [ds.2:eax.4].1 , sf.1    ; C8AAB5 u=eax.4,ds.2,(GLBLOW,LVARS,ARGS,GLBHIGH) d=sf.1
 goto    @)(000000000000006813)                     ; C8AAB7 u=

; 1WAY-BLOCK 51 INBOUNDS: 33 OUTBOUNDS: 91 [START=C9A267 END=C9A278] MINREFS: STK=0/ARG=134, MAXBSP: C
; USE: cl.1
; DEF: cf.1,zf.1,sf.1,of.1,pf.1,edx.4
; DNU: cf.1,zf.1,sf.1,of.1,pf.1,edx.4
 mov      #0.4 , edx.4             ; C9A267 u=           d=edx.4
 mov      #0.1 , cf.1              ; C9A271 u=           d=cf.1
 mov      #0.1 , of.1              ; C9A271 u=           d=of.1
 setz    cl.1,  #0.1 , zf.1        ; C9A271 u=cl.1       d=zf.1
 setp    cl.1,  #0.1 , pf.1        ; C9A271 u=cl.1       d=pf.1
 sets    cl.1, sf.1              ; C9A271 u=cl.1       d=sf.1
 goto    @)(00000000000002D891)                     ; C9A273 u=

; 1WAY-BLOCK 52 INBOUNDS: 31 OUTBOUNDS: 53 [START=D5DAF2 END=D5DAF8] MINREFS: STK=0/ARG=134, MAXBSP: 4
; USE: eax.4,(edx.4,rcx.8,ebp.4,rdi.8,st0.8,st1.8,st2.8,st3.8,st4.8,st5.8,st6.8,st7.8,mm0.8,mm1.8,mm2.8,mm3.8,mm4.8,mm5.8,mm6.8,mm7.8,xmm0.16,xmm1.16,xmm2.16,xmm3.16,xmm4.16,xmm5.16,xmm6.16,xmm7.16,xmm8.16,xmm9.16,xmm10.16,xmm11.16,xmm12.16,xmm13.16,xmm14.16,xmm15.16,GLBLOW,LVARS,ARGS,GLBHIGH)
; DEF: sp+0.4,(cf.1,zf.1,sf.1,of.1,pf.1,rax.8,ecx.4,fps.2,st7.8,fl.1,c0.1,c2.1,c3.1,df.1,if.1,xmm0.16,GLBLOW,sp+4..,RET,ARGS,GLBHIGH)
 mov     eax.4, %0x0.4           ; D5DAF2 u=eax.4      d=sp+0.4
 call    $sub_C6CFD7             ; D5DAF3 u=(rax.8,rcx.8,ebp.4,rdi.8,st0.8,st1.8,st2.8,st3.8,st4.8,st5.8,st6.8,st7.8,mm0.8,mm1.8,mm2.8,mm3.8,mm4.8,mm5.8,mm6.8,mm7.8,xmm0.16,xmm1.16,xmm2.16,xmm3.16,xmm4.16,xmm5.16,xmm6.16,xmm7.16,xmm8.16,xmm9.16,xmm10.16,xmm11.16,xmm12.16,xmm13.16,xmm14.16,xmm15.16,GLBLOW,LVARS,ARGS,GLBHIGH) d=(cf.1,zf.1,sf.1,of.1,pf.1,rax.8,ecx.4,fps.2,st7.8,fl.1,c0.1,c2.1,c3.1,df.1,if.1,xmm0.16,ALLMEM)

; 2WAY-BLOCK 53 PROP INBOUNDS: 52 OUTBOUNDS: 54 55 [START=D5DAF8 END=D5DB01] MINREFS: STK=0/ARG=134, MAXBSP: C
; USE-DEF LISTS ARE NOT READY
 cfadd   &(%0x0).4,  #0xC.4 , cf.1 ; D5DAF8 u=           d=cf.1
 ofadd    #0xC.4 , &(%0x0).4, of.1 ; D5DAF8 u=           d=of.1
 setz    &(%0xC).4,  #0.4 , zf.1   ; D5DAF8 u=           d=zf.1
 setp    &(%0xC).4,  #0.4 , pf.1   ; D5DAF8 u=           d=pf.1
 sets    &(%0xC).4, sf.1         ; D5DAF8 u=           d=sf.1
 mov      call !_byteswap_ulong<fast:"unsigned int" esi.4> => "unsigned __int32" .4 , esi.4 ; D5DAFB u=esi.4      d=esi.4
 jcnd    sf.1, @)(00000000000001B855)               ; D5DAFD u=sf.1

; 1WAY-BLOCK 54 FAKE INBOUNDS: 53 OUTBOUNDS: 55 [START=D5DAFD END=D5DB01] MINREFS: STK=0/ARG=134, MAXBSP: C
; USE: cx.2
; DEF: di.2
; DNU: di.2
 mov     cx.2, di.2              ; D5DAFD u=cx.2       d=di.2

; 2WAY-BLOCK 55 INBOUNDS: 53 54 OUTBOUNDS: 56 57 [START=D5DB01 END=D5DB08] MINREFS: STK=0/ARG=134, MAXBSP: 10
; USE: sf.1,esi.4,sp+C.4
; DEF: ebx.4,esi.4
; DNU: ebx.4,esi.4
 mov     esi.4, ebx.4            ; D5DB01 u=esi.4      d=ebx.4
 mov     %0xC.4, esi.4           ; D5DB03 u=sp+C.4     d=esi.4
 jcnd     lnot(sf.1) , @)(00000000000001C857)         ; D5DB04 u=sf.1

; 1WAY-BLOCK 56 FAKE INBOUNDS: 55 OUTBOUNDS: 57 [START=D5DB04 END=D5DB08] MINREFS: STK=0/ARG=134, MAXBSP: 10
; USE: ax.2
; DEF: bx.2
; DNU: bx.2
 mov     ax.2, bx.2              ; D5DB04 u=ax.2       d=bx.2

; 1WAY-BLOCK 57 INBOUNDS: 55 56 OUTBOUNDS: 59 [START=D5DB08 END=D5DB0F] MINREFS: STK=0/ARG=134, MAXBSP: 18
; USE: sp+10.8
; DEF: ebx.4,edi.4
; DNU: ebx.4,edi.4
 mov     %0x10.4, ebx.4          ; D5DB08 u=sp+10.4    d=ebx.4
 mov     %0x14.4, edi.4          ; D5DB09 u=sp+14.4    d=edi.4
 goto    @)(00000000000001D859)                     ; D5DB0A u=

; 1WAY-BLOCK 58 INBOUNDS: 106 OUTBOUNDS: 121 [START=D5EA7A END=D5EA80] MINREFS: STK=0/ARG=134, MAXBSP: 4
; USE: eax.4
; DEF: sp+0.4
 mov     eax.4, %0x0.4           ; D5EA7A u=eax.4      d=sp+0.4
 goto    @)(00000000000003C8121)                    ; D5EA7B u=

; 1WAY-BLOCK 59 TAILCALL INBOUNDS: 57 OUTBOUNDS: 60 [START=D5F485 END=D5F490] MINREFS: STK=0/ARG=134, MAXBSP: 130
; USE: bp.2,(rax.8,rcx.8,ebp^2.2,rdi.8,st0.8,st1.8,st2.8,st3.8,st4.8,st5.8,st6.8,st7.8,mm0.8,mm1.8,mm2.8,mm3.8,mm4.8,mm5.8,mm6.8,mm7.8,xmm0.16,xmm1.16,xmm2.16,xmm3.16,xmm4.16,xmm5.16,xmm6.16,xmm7.16,xmm8.16,xmm9.16,xmm10.16,xmm11.16,xmm12.16,xmm13.16,xmm14.16,xmm15.16,GLBLOW,LVARS,ARGS,GLBHIGH)
; DEF: bp.2,(cf.1,zf.1,sf.1,of.1,pf.1,rax.8,ecx.4,fps.2,st7.8,fl.1,c0.1,c2.1,c3.1,df.1,if.1,xmm0.16,ALLMEM)
 mov      call !_byteswap_ushort<fast:"unsigned __int16" bp.2> => "unsigned __int16" .2 , bp.2 ; D5F487 u=bp.2       d=bp.2
 call    $nullsub_6              ; D5F48B tailcall u=(rax.8,rcx.8,ebp.4,rdi.8,st0.8,st1.8,st2.8,st3.8,st4.8,st5.8,st6.8,st7.8,mm0.8,mm1.8,mm2.8,mm3.8,mm4.8,mm5.8,mm6.8,mm7.8,xmm0.16,xmm1.16,xmm2.16,xmm3.16,xmm4.16,xmm5.16,xmm6.16,xmm7.16,xmm8.16,xmm9.16,xmm10.16,xmm11.16,xmm12.16,xmm13.16,xmm14.16,xmm15.16,GLBLOW,LVARS,ARGS,GLBHIGH) d=(cf.1,zf.1,sf.1,of.1,pf.1,rax.8,ecx.4,fps.2,st7.8,fl.1,c0.1,c2.1,c3.1,df.1,if.1,xmm0.16,ALLMEM)

; 1WAY-BLOCK 60 FAKE INBOUNDS: 59 OUTBOUNDS: 132 [START=D5F48B END=D5F490] MINREFS: STK=0/ARG=134, MAXBSP: 130
 goto    @)(0000000000000420132)                    ; D5F48B u=

; 2WAY-BLOCK 61 INBOUNDS: 81 OUTBOUNDS: 62 16 [START=D653ED END=D653F3] MINREFS: STK=0/ARG=134, MAXBSP: C
; USE: zf.1
 jcnd    zf.1, @)(000000000000008016)               ; D653ED u=zf.1

; 2WAY-BLOCK 62 INBOUNDS: 61 72 OUTBOUNDS: 63 116 [START=D653F3 END=D653FB] MINREFS: STK=0/ARG=134, MAXBSP: C
; USE: eax.4,edi.4
; DEF: cf.1,zf.1,sf.1,of.1,pf.1
; DNU: cf.1,zf.1,sf.1,of.1,pf.1
 setb    eax.4, edi.4, cf.1      ; D653F3 u=eax.4,edi.4 d=cf.1
 seto    eax.4, edi.4, of.1      ; D653F3 u=eax.4,edi.4 d=of.1
 setz    eax.4, edi.4, zf.1      ; D653F3 u=eax.4,edi.4 d=zf.1
 setp    eax.4, edi.4, pf.1      ; D653F3 u=eax.4,edi.4 d=pf.1
 sets     (eax.4-edi.4) , sf.1     ; D653F3 u=eax.4,edi.4 d=sf.1
 jnz     eax.4, edi.4, @)(00000000000003A0116)      ; D653F5 u=eax.4,edi.4

; 1WAY-BLOCK 63 INBOUNDS: 62 OUTBOUNDS: 36 [START=D653FB END=D65404] MINREFS: STK=0/ARG=134, MAXBSP: C
; USE: ebp.4,ss.2,(GLBLOW,LVARS,ARGS,GLBHIGH)
; DEF: cf.1,zf.1,sf.1,of.1,pf.1
; DNU: cf.1,zf.1,sf.1,of.1,pf.1
 mov      #0.1 , cf.1              ; D653FB u=           d=cf.1
 mov      #0.1 , of.1              ; D653FB u=           d=of.1
 setz     [ss.2: (ebp.4+ #0x10.4 ) ].1 ,  #0.1 , zf.1 ; D653FB u=ebp.4,ss.2,(GLBLOW,LVARS,ARGS,GLBHIGH) d=zf.1
 setp     [ss.2: (ebp.4+ #0x10.4 ) ].1 ,  #0.1 , pf.1 ; D653FB u=ebp.4,ss.2,(GLBLOW,LVARS,ARGS,GLBHIGH) d=pf.1
 sets     [ss.2: (ebp.4+ #0x10.4 ) ].1 , sf.1 ; D653FB u=ebp.4,ss.2,(GLBLOW,LVARS,ARGS,GLBHIGH) d=sf.1
 goto    @)(000000000000012036)                     ; D653FF u=

; 2WAY-BLOCK 64 INBOUNDS: 21 OUTBOUNDS: 65 79 [START=D666EC END=D666F2] MINREFS: STK=0/ARG=134, MAXBSP: C
; USE: cf.1,zf.1
 jcnd     lnot( (cf.1 | zf.1) ) , @)(000000000000027879) ; D666EC u=cf.1,zf.1

; 1WAY-BLOCK 65 INBOUNDS: 64 OUTBOUNDS: 74 [START=D666F2 END=D66703] MINREFS: STK=0/ARG=134, MAXBSP: C
; USE: edx.4,cl.1,esi.4,ds.2,(GLBLOW,LVARS,ARGS,GLBHIGH)
; DEF: edx.4,ecx.4
; DNU: edx.4,ecx.4
 xds     cl.1, ecx.4             ; D666F2 u=cl.1       d=ecx^1.3
 sub      ( xds.4(cl.1) + ( #0xA.4 *edx.4) ) ,  #0x30.4 , edx.4 ; D666F8 u=edx.4,cl.1 d=edx.4
 ldx     ds.2, esi.4, cl.1       ; D666FC u=esi.4,ds.2,(GLBLOW,LVARS,ARGS,GLBHIGH) d=cl.1
 goto    @)(000000000000025074)                     ; D666FE u=

; 1WAY-BLOCK 66 TAILCALL INBOUNDS: 76 OUTBOUNDS: 67 [START=D6C0B1 END=D6C0BE] MINREFS: STK=0/ARG=134, MAXBSP: 130
; USE: edi.4,(rax.8,rcx.8,esi.4,st0.8,st1.8,st2.8,st3.8,st4.8,st5.8,st6.8,st7.8,mm0.8,mm1.8,mm2.8,mm3.8,mm4.8,mm5.8,mm6.8,mm7.8,xmm0.16,xmm1.16,xmm2.16,xmm3.16,xmm4.16,xmm5.16,xmm6.16,xmm7.16,xmm8.16,xmm9.16,xmm10.16,xmm11.16,xmm12.16,xmm13.16,xmm14.16,xmm15.16,GLBLOW,LVARS,ARGS,GLBHIGH)
; DEF: ebp.4,(cf.1,zf.1,sf.1,of.1,pf.1,rax.8,ecx.4,fps.2,st7.8,fl.1,c0.1,c2.1,c3.1,df.1,if.1,xmm0.16,ALLMEM)
 mov     edi.4, ebp.4            ; D6C0B6 u=edi.4      d=ebp.4
 call    $nullsub_4              ; D6C0B9 tailcall u=(rax.8,rcx.8,ebp.4,rdi.8,st0.8,st1.8,st2.8,st3.8,st4.8,st5.8,st6.8,st7.8,mm0.8,mm1.8,mm2.8,mm3.8,mm4.8,mm5.8,mm6.8,mm7.8,xmm0.16,xmm1.16,xmm2.16,xmm3.16,xmm4.16,xmm5.16,xmm6.16,xmm7.16,xmm8.16,xmm9.16,xmm10.16,xmm11.16,xmm12.16,xmm13.16,xmm14.16,xmm15.16,GLBLOW,LVARS,ARGS,GLBHIGH) d=(cf.1,zf.1,sf.1,of.1,pf.1,rax.8,ecx.4,fps.2,st7.8,fl.1,c0.1,c2.1,c3.1,df.1,if.1,xmm0.16,ALLMEM)

; 1WAY-BLOCK 67 FAKE INBOUNDS: 66 OUTBOUNDS: 132 [START=D6C0B9 END=D6C0BE] MINREFS: STK=0/ARG=134, MAXBSP: 130
 goto    @)(0000000000000420132)                    ; D6C0B9 u=

; 1WAY-BLOCK 68 INBOUNDS: 100 OUTBOUNDS: 39 [START=D721DD END=D721E3] MINREFS: STK=0/ARG=134, MAXBSP: C
; USE: ecx.4
; DEF: sp+8.4
 mov     ecx.4, %0x8.4           ; D721DD u=ecx.4      d=sp+8.4
 goto    @)(000000000000013839)                     ; D721DE u=

; 1WAY-BLOCK 69 INBOUNDS: 30 OUTBOUNDS: 110 [START=D7516A END=D7517B] MINREFS: STK=0/ARG=134, MAXBSP: C
; USE: eax.4,edi.4
; DEF: eax.4,sp+4.8
; DNU: eax.4
 mov     eax.4, %0x8.4           ; D7516A u=eax.4      d=sp+8.4
 mov     edi.4, %0x4.4           ; D7516B u=edi.4      d=sp+4.4
 mov     $GetProcAddress.4, eax.4 ; D75171 u=           d=eax.4
 goto    @)(0000000000000370110)                    ; D75176 u=

; 1WAY-BLOCK 70 INBOUNDS: 44 OUTBOUNDS: 88 [START=D78786 END=D78794] MINREFS: STK=0/ARG=134, MAXBSP: C
; USE: ecx.4,ebp.4,esi.4,ss.2
; DEF: cf.1,zf.1,sf.1,of.1,pf.1,(GLBLOW,LVARS,ARGS,GLBHIGH)
; DNU: cf.1,zf.1,sf.1,of.1,pf.1
 stx     esi.4, ss.2,  (ebp.4- #8.4 )  ; D78786 u=ebp.4,esi.4,ss.2 d=(GLBLOW,LVARS,ARGS,GLBHIGH)
 setb    ecx.4,  #0xFFFF.4 , cf.1  ; D78789 u=ecx.4      d=cf.1
 seto    ecx.4,  #0xFFFF.4 , of.1  ; D78789 u=ecx.4      d=of.1
 setz    ecx.4,  #0xFFFF.4 , zf.1  ; D78789 u=ecx.4      d=zf.1
 setp    ecx.4,  #0xFFFF.4 , pf.1  ; D78789 u=ecx.4      d=pf.1
 sets     (ecx.4- #0xFFFF.4 ) , sf.1 ; D78789 u=ecx.4      d=sf.1
 goto    @)(00000000000002C088)                     ; D7878F u=

; 1WAY-BLOCK 71 INBOUNDS: 39 OUTBOUNDS: 72 [START=D81518 END=D8151A] MINREFS: STK=0/ARG=134, MAXBSP: 8
; USE: eax.4,cs.2,(edx.4,rcx.8,ebp.4,rdi.8,st0.8,st1.8,st2.8,st3.8,st4.8,st5.8,st6.8,st7.8,mm0.8,mm1.8,mm2.8,mm3.8,mm4.8,mm5.8,mm6.8,mm7.8,xmm0.16,xmm1.16,xmm2.16,xmm3.16,xmm4.16,xmm5.16,xmm6.16,xmm7.16,xmm8.16,xmm9.16,xmm10.16,xmm11.16,xmm12.16,xmm13.16,xmm14.16,xmm15.16,GLBLOW,LVARS,ARGS,GLBHIGH)
; DEF: (cf.1,zf.1,sf.1,of.1,pf.1,rax.8,ecx.4,fps.2,fl.1,c0.1,c2.1,c3.1,df.1,if.1,ALLMEM)
 icall   cs.2, eax.4             ; D81518 u=eax.4,cs.2,(edx.4,rcx.8,ebp.4,rdi.8,st0.8,st1.8,st2.8,st3.8,st4.8,st5.8,st6.8,st7.8,mm0.8,mm1.8,mm2.8,mm3.8,mm4.8,mm5.8,mm6.8,mm7.8,xmm0.16,xmm1.16,xmm2.16,xmm3.16,xmm4.16,xmm5.16,xmm6.16,xmm7.16,xmm8.16,xmm9.16,xmm10.16,xmm11.16,xmm12.16,xmm13.16,xmm14.16,xmm15.16,GLBLOW,LVARS,ARGS,GLBHIGH) d=(cf.1,zf.1,sf.1,of.1,pf.1,rax.8,ecx.4,fps.2,fl.1,c0.1,c2.1,c3.1,df.1,if.1,ALLMEM)

; 2WAY-BLOCK 72 INBOUNDS: 71 OUTBOUNDS: 73 62 [START=D8151A END=D81522] MINREFS: STK=0/ARG=134, MAXBSP: C
; USE: eax.4
; DEF: cf.1,zf.1,sf.1,of.1,pf.1
; DNU: cf.1,zf.1,sf.1,of.1,pf.1
 mov      #0.1 , cf.1              ; D8151A u=           d=cf.1
 mov      #0.1 , of.1              ; D8151A u=           d=of.1
 setz    eax.4,  #0.4 , zf.1       ; D8151A u=eax.4      d=zf.1
 setp    eax.4,  #0.4 , pf.1       ; D8151A u=eax.4      d=pf.1
 sets    eax.4, sf.1             ; D8151A u=eax.4      d=sf.1
 jnz     eax.4,  #0.4 , @)(00000000000001F062)        ; D8151C u=eax.4

; 1WAY-BLOCK 73 INBOUNDS: 72 OUTBOUNDS: 80 [START=D81522 END=D8153F] MINREFS: STK=0/ARG=134, MAXBSP: C
; USE: ebp.4
; DEF: rax.8,sp+8.4
; DNU: rax.8
 sub     ebp.4,  #0x114.4 , edx.4  ; D81522 u=ebp.4      d=edx.4
 sub     ebp.4,  #0x114.4 , %0x8.4 ; D81532 u=ebp.4      d=sp+8.4
 mov     $LoadLibraryA.4, eax.4  ; D81535 u=           d=eax.4
 goto    @)(000000000000028080)                     ; D8153A u=

; 1WAY-BLOCK 74 INBOUNDS: 65 OUTBOUNDS: 78 [START=D8B6BA END=D8B6C1] MINREFS: STK=0/ARG=134, MAXBSP: C
; USE: cl.1
; DEF: cf.1,zf.1,sf.1,of.1,pf.1
; DNU: cf.1,zf.1,sf.1,of.1,pf.1
 mov      #0.1 , cf.1              ; D8B6BA u=           d=cf.1
 mov      #0.1 , of.1              ; D8B6BA u=           d=of.1
 setz    cl.1,  #0.1 , zf.1        ; D8B6BA u=cl.1       d=zf.1
 setp    cl.1,  #0.1 , pf.1        ; D8B6BA u=cl.1       d=pf.1
 sets    cl.1, sf.1              ; D8B6BA u=cl.1       d=sf.1
 goto    @)(000000000000027078)                     ; D8B6BC u=

; 1WAY-BLOCK 75 INBOUNDS: 45 OUTBOUNDS: 76 [START=D8D1E6 END=D8D1E8] MINREFS: STK=0/ARG=134, MAXBSP: 4
; USE: eax.4,cs.2,(edx.4,rcx.8,ebp.4,rdi.8,st0.8,st1.8,st2.8,st3.8,st4.8,st5.8,st6.8,st7.8,mm0.8,mm1.8,mm2.8,mm3.8,mm4.8,mm5.8,mm6.8,mm7.8,xmm0.16,xmm1.16,xmm2.16,xmm3.16,xmm4.16,xmm5.16,xmm6.16,xmm7.16,xmm8.16,xmm9.16,xmm10.16,xmm11.16,xmm12.16,xmm13.16,xmm14.16,xmm15.16,GLBLOW,LVARS,ARGS,GLBHIGH)
; DEF: (cf.1,zf.1,sf.1,of.1,pf.1,rax.8,ecx.4,fps.2,fl.1,c0.1,c2.1,c3.1,df.1,if.1,ALLMEM)
 icall   cs.2, eax.4             ; D8D1E6 u=eax.4,cs.2,(edx.4,rcx.8,ebp.4,rdi.8,st0.8,st1.8,st2.8,st3.8,st4.8,st5.8,st6.8,st7.8,mm0.8,mm1.8,mm2.8,mm3.8,mm4.8,mm5.8,mm6.8,mm7.8,xmm0.16,xmm1.16,xmm2.16,xmm3.16,xmm4.16,xmm5.16,xmm6.16,xmm7.16,xmm8.16,xmm9.16,xmm10.16,xmm11.16,xmm12.16,xmm13.16,xmm14.16,xmm15.16,GLBLOW,LVARS,ARGS,GLBHIGH) d=(cf.1,zf.1,sf.1,of.1,pf.1,rax.8,ecx.4,fps.2,fl.1,c0.1,c2.1,c3.1,df.1,if.1,ALLMEM)

; 1WAY-BLOCK 76 INBOUNDS: 75 OUTBOUNDS: 66 [START=D8D1E8 END=D8D1F0] MINREFS: STK=0/ARG=134, MAXBSP: 18
; USE: sp+C.C
; DEF: ebx.4,rdi.8
; DNU: ebx.4,rdi.8
 mov     %0xC.4, esi.4           ; D8D1E8 u=sp+C.4     d=esi.4
 mov     %0x10.4, ebx.4          ; D8D1E9 u=sp+10.4    d=ebx.4
 mov     %0x14.4, edi.4          ; D8D1EA u=sp+14.4    d=edi.4
 goto    @)(000000000000021066)                     ; D8D1EB u=

; 1WAY-BLOCK 77 INBOUNDS: 109 OUTBOUNDS: 108 [START=D8F04C END=D8F054] MINREFS: STK=0/ARG=134, MAXBSP: C
; USE: edx.4,ebp.4,ss.2
; DEF: (GLBLOW,LVARS,ARGS,GLBHIGH)
 stx     edx.4, ss.2,  (ebp.4+ #8.4 )  ; D8F04C u=edx.4,ebp.4,ss.2 d=(GLBLOW,LVARS,ARGS,GLBHIGH)
 goto    @)(0000000000000360108)                    ; D8F04F u=

; 2WAY-BLOCK 78 INBOUNDS: 74 OUTBOUNDS: 79 92 [START=D95F1C END=D95F22] MINREFS: STK=0/ARG=134, MAXBSP: C
; USE: zf.1
 jcnd     lnot(zf.1) , @)(00000000000002E092)         ; D95F1C u=zf.1

; 1WAY-BLOCK 79 INBOUNDS: 64 78 91 OUTBOUNDS: 31 [START=D95F22 END=D95F29] MINREFS: STK=0/ARG=134, MAXBSP: C
; DEF: sp+8.4
 mov      #0.4 , %0x8.4            ; D95F22 u=           d=sp+8.4
 goto    @)(00000000000000F831)                     ; D95F24 u=

; 1WAY-BLOCK 80 INBOUNDS: 73 OUTBOUNDS: 81 [START=D9BC60 END=D9BC62] MINREFS: STK=0/ARG=134, MAXBSP: 8
; USE: eax.4,cs.2,(edx.4,rcx.8,ebp.4,rdi.8,st0.8,st1.8,st2.8,st3.8,st4.8,st5.8,st6.8,st7.8,mm0.8,mm1.8,mm2.8,mm3.8,mm4.8,mm5.8,mm6.8,mm7.8,xmm0.16,xmm1.16,xmm2.16,xmm3.16,xmm4.16,xmm5.16,xmm6.16,xmm7.16,xmm8.16,xmm9.16,xmm10.16,xmm11.16,xmm12.16,xmm13.16,xmm14.16,xmm15.16,GLBLOW,LVARS,ARGS,GLBHIGH)
; DEF: (cf.1,zf.1,sf.1,of.1,pf.1,rax.8,ecx.4,fps.2,fl.1,c0.1,c2.1,c3.1,df.1,if.1,ALLMEM)
 icall   cs.2, eax.4             ; D9BC60 u=eax.4,cs.2,(edx.4,rcx.8,ebp.4,rdi.8,st0.8,st1.8,st2.8,st3.8,st4.8,st5.8,st6.8,st7.8,mm0.8,mm1.8,mm2.8,mm3.8,mm4.8,mm5.8,mm6.8,mm7.8,xmm0.16,xmm1.16,xmm2.16,xmm3.16,xmm4.16,xmm5.16,xmm6.16,xmm7.16,xmm8.16,xmm9.16,xmm10.16,xmm11.16,xmm12.16,xmm13.16,xmm14.16,xmm15.16,GLBLOW,LVARS,ARGS,GLBHIGH) d=(cf.1,zf.1,sf.1,of.1,pf.1,rax.8,ecx.4,fps.2,fl.1,c0.1,c2.1,c3.1,df.1,if.1,ALLMEM)

; 1WAY-BLOCK 81 INBOUNDS: 80 OUTBOUNDS: 61 [START=D9BC62 END=D9BC69] MINREFS: STK=0/ARG=134, MAXBSP: C
; USE: eax.4
; DEF: cf.1,zf.1,sf.1,of.1,pf.1
; DNU: cf.1,zf.1,sf.1,of.1,pf.1
 mov      #0.1 , cf.1              ; D9BC62 u=           d=cf.1
 mov      #0.1 , of.1              ; D9BC62 u=           d=of.1
 setz    eax.4,  #0.4 , zf.1       ; D9BC62 u=eax.4      d=zf.1
 setp    eax.4,  #0.4 , pf.1       ; D9BC62 u=eax.4      d=pf.1
 sets    eax.4, sf.1             ; D9BC62 u=eax.4      d=sf.1
 goto    @)(00000000000001E861)                     ; D9BC64 u=

; 1WAY-BLOCK 82 INBOUNDS: 88 OUTBOUNDS: 94 [START=D9E497 END=D9E4A3] MINREFS: STK=0/ARG=134, MAXBSP: C
; USE: eax.4,edi.4,ds.2,(GLBLOW,LVARS,ARGS,GLBHIGH)
; DEF: cf.1,zf.1,sf.1,of.1,pf.1,ebx.4
; DNU: cf.1,zf.1,sf.1,of.1,pf.1
 ldx     ds.2,  ( (eax.4+edi.4) + #0x18.4 ) , ebx.4 ; D9E497 u=eax.4,edi.4,ds.2,(GLBLOW,LVARS,ARGS,GLBHIGH) d=ebx.4
 mov      #0.1 , cf.1              ; D9E49C u=           d=cf.1
 mov      #0.1 , of.1              ; D9E49C u=           d=of.1
 setz    ebx.4,  #0.4 , zf.1       ; D9E49C u=ebx.4      d=zf.1
 setp    ebx.4,  #0.4 , pf.1       ; D9E49C u=ebx.4      d=pf.1
 sets    ebx.4, sf.1             ; D9E49C u=ebx.4      d=sf.1
 goto    @)(00000000000002F094)                     ; D9E49E u=

; 1WAY-BLOCK 83 INBOUNDS: 103 OUTBOUNDS: 132 [START=DACDE2 END=DACDF8] MINREFS: STK=0/ARG=134, MAXBSP: 130
; USE: ecx.4,edi.4,sp+10.8
; DEF: eax.4,ebx.4,bp.2,edi.4
; DNU: eax.4,ebx.4,bp.2,edi.4
 mov     %0x10.4, ebx.4          ; DACDE2 u=sp+10.4    d=ebx.4
 add     ecx.4, edi.4, eax.4     ; DACDE7 u=ecx.4,edi.4 d=eax.4
 mov     %0x14.4, edi.4          ; DACDED u=sp+14.4    d=edi.4
 mov      #0x767F.2 , bp.2         ; DACDF2 u=           d=bp.2
 goto    @)(0000000000000420132)                    ; DACDF7 u=

; 1WAY-BLOCK 84 INBOUNDS: 126 OUTBOUNDS: 132 [START=DC2F1B END=DC2F22] MINREFS: STK=0/ARG=134, MAXBSP: 130
; USE: bx.2
; DEF: ebp.4
; DNU: ebp.4
 xdu     bx.2, ebp.4             ; DC2F1D u=bx.2       d=ebp.4
 goto    @)(0000000000000420132)                    ; DC2F21 u=

; 2WAY-BLOCK 85 INBOUNDS: 8 OUTBOUNDS: 86 109 [START=DC4FE7 END=DC4FED] MINREFS: STK=0/ARG=134, MAXBSP: C
; USE: zf.1
 jcnd    zf.1, @)(0000000000000368109)              ; DC4FE7 u=zf.1

; 2WAY-BLOCK 86 INBOUNDS: 85 OUTBOUNDS: 87 108 [START=DC4FED END=DC4FF6] MINREFS: STK=0/ARG=134, MAXBSP: C
; USE: eax.4
; DEF: cf.1,zf.1,sf.1,of.1,pf.1
; DNU: cf.1,zf.1,sf.1,of.1,pf.1
 setz    eax.4,  #0.4 , cf.1       ; DC4FED u=eax.4      d=cf.1
 seto    eax.4,  #1.4 , of.1       ; DC4FED u=eax.4      d=of.1
 setz    eax.4,  #1.4 , zf.1       ; DC4FED u=eax.4      d=zf.1
 setp    eax.4,  #1.4 , pf.1       ; DC4FED u=eax.4      d=pf.1
 sets     (eax.4- #1.4 ) , sf.1      ; DC4FED u=eax.4      d=sf.1
 jnz     eax.4,  #1.4 , @)(0000000000000360108)       ; DC4FF0 u=eax.4

; 1WAY-BLOCK 87 INBOUNDS: 86 OUTBOUNDS: 114 [START=DC4FF6 END=DC4FFF] MINREFS: STK=0/ARG=134, MAXBSP: C
; USE: ebp.4,esi.4,ss.2
; DEF: zf.1,sf.1,of.1,pf.1,esi.4,(GLBLOW,LVARS,ARGS,GLBHIGH)
; DNU: zf.1,sf.1,of.1,pf.1
 mov      #1.4 , eax.4             ; DC4FF6 assert u=           d=eax.4
 ofadd    #1.4 , esi.4, of.1       ; DC4FF6 u=esi.4      d=of.1
 add     esi.4,  #1.4 , esi.4      ; DC4FF6 u=esi.4      d=esi.4
 setz    esi.4,  #0.4 , zf.1       ; DC4FF6 u=esi.4      d=zf.1
 setp    esi.4,  #0.4 , pf.1       ; DC4FF6 u=esi.4      d=pf.1
 sets    esi.4, sf.1             ; DC4FF6 u=esi.4      d=sf.1
 stx     esi.4, ss.2,  (ebp.4+ #8.4 )  ; DC4FF7 u=ebp.4,esi.4,ss.2 d=(GLBLOW,LVARS,ARGS,GLBHIGH)
 goto    @)(0000000000000390114)                    ; DC4FFA u=

; 2WAY-BLOCK 88 INBOUNDS: 70 OUTBOUNDS: 89 82 [START=DCCCA8 END=DCCCAE] MINREFS: STK=0/ARG=134, MAXBSP: C
; USE: cf.1,zf.1
 jcnd     lnot( (cf.1 | zf.1) ) , @)(000000000000029082) ; DCCCA8 u=cf.1,zf.1

; 2WAY-BLOCK 89 INBOUNDS: 88 OUTBOUNDS: 90 16 [START=DCCCAE END=DCCCBE] MINREFS: STK=0/ARG=134, MAXBSP: C
; USE: eax.4,ecx.4,edi.4,ds.2,(GLBLOW,LVARS,ARGS,GLBHIGH)
; DEF: cf.1,zf.1,sf.1,of.1,pf.1,ecx.4
; DNU: cf.1,zf.1,sf.1,of.1,pf.1
 sub     ecx.4,  [ds.2: ( (eax.4+edi.4) + #0x10.4 ) ].4 , ecx.4 ; DCCCAE u=eax.4,ecx.4,edi.4,ds.2,(GLBLOW,LVARS,ARGS,GLBHIGH) d=ecx.4
 setb    ecx.4,  [ds.2: ( (eax.4+edi.4) + #0x14.4 ) ].4 , cf.1 ; DCCCB4 u=eax.4,ecx.4,edi.4,ds.2,(GLBLOW,LVARS,ARGS,GLBHIGH) d=cf.1
 seto    ecx.4,  [ds.2: ( (eax.4+edi.4) + #0x14.4 ) ].4 , of.1 ; DCCCB4 u=eax.4,ecx.4,edi.4,ds.2,(GLBLOW,LVARS,ARGS,GLBHIGH) d=of.1
 setz    ecx.4,  [ds.2: ( (eax.4+edi.4) + #0x14.4 ) ].4 , zf.1 ; DCCCB4 u=eax.4,ecx.4,edi.4,ds.2,(GLBLOW,LVARS,ARGS,GLBHIGH) d=zf.1
 setp    ecx.4,  [ds.2: ( (eax.4+edi.4) + #0x14.4 ) ].4 , pf.1 ; DCCCB4 u=eax.4,ecx.4,edi.4,ds.2,(GLBLOW,LVARS,ARGS,GLBHIGH) d=pf.1
 sets     (ecx.4- [ds.2: ( (eax.4+edi.4) + #0x14.4 ) ].4 ) , sf.1 ; DCCCB4 u=eax.4,ecx.4,edi.4,ds.2,(GLBLOW,LVARS,ARGS,GLBHIGH) d=sf.1
 jae     ecx.4,  [ds.2: ( (eax.4+edi.4) + #0x14.4 ) ].4 , @)(000000000000008016) ; DCCCB8 u=eax.4,ecx.4,edi.4,ds.2,(GLBLOW,LVARS,ARGS,GLBHIGH)

; 1WAY-BLOCK 90 INBOUNDS: 89 OUTBOUNDS: 119 [START=DCCCBE END=DCCCD2] MINREFS: STK=0/ARG=134, MAXBSP: C
; USE: eax.4,ecx.4,edi.4,ds.2,(GLBLOW,LVARS,ARGS,GLBHIGH)
; DEF: cf.1,zf.1,sf.1,of.1,pf.1,edx.4,ecx.4
; DNU: cf.1,zf.1,sf.1,of.1,pf.1
 ldx     ds.2,  ( (eax.4+edi.4) + #0x1C.4 ) , edx.4 ; DCCCBE u=eax.4,edi.4,ds.2,(GLBLOW,LVARS,ARGS,GLBHIGH) d=edx.4
 ldx     ds.2,  ( (edx.4+ ( #4.4 *ecx.4) ) +edi.4) , ecx.4 ; DCCCC5 u=edx.4,ecx.4,edi.4,ds.2,(GLBLOW,LVARS,ARGS,GLBHIGH) d=ecx.4
 mov      #0.1 , cf.1              ; DCCCCB u=           d=cf.1
 mov      #0.1 , of.1              ; DCCCCB u=           d=of.1
 setz    ecx.4,  #0.4 , zf.1       ; DCCCCB u=ecx.4      d=zf.1
 setp    ecx.4,  #0.4 , pf.1       ; DCCCCB u=ecx.4      d=pf.1
 sets    ecx.4, sf.1             ; DCCCCB u=ecx.4      d=sf.1
 goto    @)(00000000000003B8119)                    ; DCCCCD u=

; 2WAY-BLOCK 91 INBOUNDS: 51 OUTBOUNDS: 92 79 [START=DD6D9D END=DD6DA3] MINREFS: STK=0/ARG=134, MAXBSP: C
; USE: zf.1
 jcnd    zf.1, @)(000000000000027879)               ; DD6D9D u=zf.1

; 1WAY-BLOCK 92 INBOUNDS: 78 91 OUTBOUNDS: 21 [START=DD6DA3 END=DD6DAE] MINREFS: STK=0/ARG=134, MAXBSP: C
; USE: cl.1
; DEF: cf.1,zf.1,sf.1,of.1,pf.1,bl.1
; DNU: cf.1,zf.1,sf.1,of.1,pf.1,bl.1
 setb    cl.1,  #0x30.1 , cf.1     ; DD6DA6 u=cl.1       d=cf.1
 seto    cl.1,  #0x30.1 , of.1     ; DD6DA6 u=cl.1       d=of.1
 sub     cl.1,  #0x30.1 , bl.1     ; DD6DA6 u=cl.1       d=bl.1
 setz    cl.1,  #0x30.1 , zf.1     ; DD6DA6 u=cl.1       d=zf.1
 setp    cl.1,  #0x30.1 , pf.1     ; DD6DA6 u=cl.1       d=pf.1
 sets     (cl.1- #0x30.1 ) , sf.1    ; DD6DA6 u=cl.1       d=sf.1
 goto    @)(00000000000000A821)                     ; DD6DA9 u=

; 1WAY-BLOCK 93 INBOUNDS: 12 OUTBOUNDS: 101 [START=DD83C9 END=DD83DA] MINREFS: STK=0/ARG=134, MAXBSP: 14
; USE: eax.4,ebp.4,ss.2
; DEF: cf.1,zf.1,sf.1,of.1,pf.1,(GLBLOW,LVARS,ARGS,GLBHIGH)
; DNU: cf.1,zf.1,sf.1,of.1,pf.1
 stx     eax.4, ss.2,  (ebp.4- #4.4 )  ; DD83C9 u=eax.4,ebp.4,ss.2 d=(GLBLOW,LVARS,ARGS,GLBHIGH)
 mov      #0.1 , cf.1              ; DD83D3 u=           d=cf.1
 mov      #0.1 , of.1              ; DD83D3 u=           d=of.1
 setz    eax.4,  #0.4 , zf.1       ; DD83D3 u=eax.4      d=zf.1
 setp    eax.4,  #0.4 , pf.1       ; DD83D3 u=eax.4      d=pf.1
 sets    eax.4, sf.1             ; DD83D3 u=eax.4      d=sf.1
 goto    @)(0000000000000328101)                    ; DD83D5 u=

; 2WAY-BLOCK 94 INBOUNDS: 82 OUTBOUNDS: 95 28 [START=DDE891 END=DDE897] MINREFS: STK=0/ARG=134, MAXBSP: C
; USE: zf.1
 jcnd    zf.1, @)(00000000000000E028)               ; DDE891 u=zf.1

; 1WAY-BLOCK 95 INBOUNDS: 94 OUTBOUNDS: 32 [START=DDE897 END=DDE8B6] MINREFS: STK=0/ARG=134, MAXBSP: C
; USE: eax.4,ebx.4,ebp.4,edi.4,ss.2,ds.2,(GLBLOW,LVARS,ARGS,GLBHIGH)
; DEF: cf.1,zf.1,sf.1,of.1,pf.1,edx.4,ebx.4,(GLBLOW,LVARS,ARGS,GLBHIGH)
; DNU: cf.1,zf.1,sf.1,of.1,pf.1,ebx.4
 sub     ebx.4,  #1.4 , ebx.4      ; DDE89B u=ebx.4      d=ebx.4
 add     edi.4,  [ds.2: ( (eax.4+edi.4) + #0x20.4 ) ].4 , edx.4 ; DDE89C u=eax.4,edi.4,ds.2,(GLBLOW,LVARS,ARGS,GLBHIGH) d=edx.4
 stx      #0.4 , ss.2,  (ebp.4+ #8.4 )  ; DDE89F u=ebp.4,ss.2 d=(GLBLOW,LVARS,ARGS,GLBHIGH)
 seto    edi.4,  #0x37E32B68.4 , of.1 ; DDE8A6 u=edi.4      d=of.1
 setz    edi.4,  #0x37E32B68.4 , zf.1 ; DDE8A6 u=edi.4      d=zf.1
 setp    edi.4,  #0x37E32B68.4 , pf.1 ; DDE8A6 u=edi.4      d=pf.1
 sets     (edi.4- #0x37E32B68.4 ) , sf.1 ; DDE8A6 u=edi.4      d=sf.1
 stx     edx.4, ss.2,  (ebp.4- #0xC.4 )  ; DDE8AD u=edx.4,ebp.4,ss.2 d=(GLBLOW,LVARS,ARGS,GLBHIGH)
 mov      #1.1 , cf.1              ; DDE8B0 u=           d=cf.1
 goto    @)(000000000000010032)                     ; DDE8B1 u=

; 2WAY-BLOCK 96 INBOUNDS: 115 OUTBOUNDS: 97 98 [START=DDECA6 END=DDECAC] MINREFS: STK=0/ARG=134, MAXBSP: 14
; USE: zf.1
 jcnd    zf.1, @)(000000000000031098)               ; DDECA6 u=zf.1

; 2WAY-BLOCK 97 INBOUNDS: 96 OUTBOUNDS: 98 11 [START=DDECAC END=DDECBF] MINREFS: STK=0/ARG=134, MAXBSP: 14
; USE: edi.4,ds.2,(GLBLOW,LVARS,ARGS,GLBHIGH)
; DEF: cf.1,zf.1,sf.1,of.1,pf.1,eax.4
; DNU: cf.1,zf.1,sf.1,of.1,pf.1,eax.4
 mov      #0x5A4D.4 , eax.4        ; DDECAC u=           d=eax.4
 setb     [ds.2:edi.4].2 ,  #0x5A4D.2 , cf.1 ; DDECB6 u=edi.4,ds.2,(GLBLOW,LVARS,ARGS,GLBHIGH) d=cf.1
 seto     [ds.2:edi.4].2 ,  #0x5A4D.2 , of.1 ; DDECB6 u=edi.4,ds.2,(GLBLOW,LVARS,ARGS,GLBHIGH) d=of.1
 setz     [ds.2:edi.4].2 ,  #0x5A4D.2 , zf.1 ; DDECB6 u=edi.4,ds.2,(GLBLOW,LVARS,ARGS,GLBHIGH) d=zf.1
 setp     [ds.2:edi.4].2 ,  #0x5A4D.2 , pf.1 ; DDECB6 u=edi.4,ds.2,(GLBLOW,LVARS,ARGS,GLBHIGH) d=pf.1
 sets     ( [ds.2:edi.4].2 - #0x5A4D.2 ) , sf.1 ; DDECB6 u=edi.4,ds.2,(GLBLOW,LVARS,ARGS,GLBHIGH) d=sf.1
 jz       [ds.2:edi.4].2 ,  #0x5A4D.2 , @)(000000000000005811) ; DDECB9 u=edi.4,ds.2,(GLBLOW,LVARS,ARGS,GLBHIGH)

; 1WAY-BLOCK 98 INBOUNDS: 11 96 97 101 117 OUTBOUNDS: 24 [START=DDECBF END=DDECC7] MINREFS: STK=0/ARG=134, MAXBSP: 18
; USE: sp+14.4
; DEF: cf.1,zf.1,sf.1,of.1,pf.1,eax.4,edi.4
; DNU: cf.1,zf.1,sf.1,of.1,pf.1,eax.4,edi.4
 mov      #0.1 , cf.1              ; DDECBF u=           d=cf.1
 mov      #0.1 , of.1              ; DDECBF u=           d=of.1
 mov      #0.4 , eax.4             ; DDECBF u=           d=eax.4
 mov      #1.1 , zf.1              ; DDECBF u=           d=zf.1
 setp     #0.4 ,  #0.4 , pf.1        ; DDECBF u=           d=pf.1
 mov      #0.1 , sf.1              ; DDECBF u=           d=sf.1
 mov     %0x14.4, edi.4          ; DDECC1 u=sp+14.4    d=edi.4
 goto    @)(00000000000000C024)                     ; DDECC2 u=

; 2WAY-BLOCK 99 INBOUNDS: 29 OUTBOUNDS: 100 50 [START=DDFE51 END=DDFE57] MINREFS: STK=0/ARG=134, MAXBSP: C
; USE: cf.1
 jcnd    cf.1, @)(000000000000019050)               ; DDFE51 u=cf.1

; 1WAY-BLOCK 100 INBOUNDS: 13 48 99 OUTBOUNDS: 68 [START=DDFE57 END=DDFE67] MINREFS: STK=0/ARG=134, MAXBSP: C
; USE: ebp.4,ss.2,(GLBLOW,LVARS,ARGS,GLBHIGH)
; DEF: eax.4,ecx.4
; DNU: eax.4,ecx.4
 ldx     ss.2,  (ebp.4+ #8.4 ) , eax.4 ; DDFE57 u=ebp.4,ss.2,(GLBLOW,LVARS,ARGS,GLBHIGH) d=eax.4
 sub     ebp.4,  #0x114.4 , ecx.4  ; DDFE5C u=ebp.4      d=ecx.4
 goto    @)(000000000000022068)                     ; DDFE62 u=

; 2WAY-BLOCK 101 INBOUNDS: 93 OUTBOUNDS: 102 98 [START=DEEA34 END=DEEA3A] MINREFS: STK=0/ARG=134, MAXBSP: 14
; USE: zf.1
 jcnd    zf.1, @)(000000000000031098)               ; DEEA34 u=zf.1

; 1WAY-BLOCK 102 INBOUNDS: 101 OUTBOUNDS: 44 [START=DEEA3A END=DEEA42] MINREFS: STK=0/ARG=134, MAXBSP: 14
; USE: edx.4,ds.2,(GLBLOW,LVARS,ARGS,GLBHIGH)
; DEF: edx.4
; DNU: edx.4
 ldx     ds.2,  (edx.4+ #0x7C.4 ) , edx.4 ; DEEA3A u=edx.4,ds.2,(GLBLOW,LVARS,ARGS,GLBHIGH) d=edx.4
 goto    @)(000000000000016044)                     ; DEEA3D u=

; 1WAY-BLOCK 103 INBOUNDS: 128 129 OUTBOUNDS: 83 [START=DF21B1 END=DF21BB] MINREFS: STK=0/ARG=134, MAXBSP: 10
; USE: eax.4,bx.2,sp+C.4
; DEF: eax.4,ebx.4,esi.4
; DNU: eax^2.2,ebx.4,esi.4
 mov     %0xC.4, esi.4           ; DF21B1 u=sp+C.4     d=esi.4
 mov     eax.4, ett.4            ; DF21B2 u=eax.4      d=ett.4
 mov     bx.2, ax.2              ; DF21B2 split2 u=bx.2       d=ax.2
 mov     ett.4, ebx.4            ; DF21B2 u=ett.4      d=ebx.4
 xds     ax.2, eax.4             ; DF21B3 u=ax.2       d=eax^2.2
 goto    @)(000000000000029883)                     ; DF21B6 u=

; 1WAY-BLOCK 104 INBOUNDS: 26 OUTBOUNDS: 105 [START=DF3D77 END=DF3D7D] MINREFS: STK=0/ARG=134, MAXBSP: C
; USE: ebp.4,ss.2,(GLBLOW,LVARS,ARGS,GLBHIGH)
; DEF: edx.4,ecx.4
; DNU: edx.4,ecx.4
 ldx     ss.2,  (ebp.4+ #0xC.4 ) , ecx.4 ; DF3D77 u=ebp.4,ss.2,(GLBLOW,LVARS,ARGS,GLBHIGH) d=ecx.4
 ldx     ss.2,  (ebp.4- #0xC.4 ) , edx.4 ; DF3D7A u=ebp.4,ss.2,(GLBLOW,LVARS,ARGS,GLBHIGH) d=edx.4

; 1WAY-BLOCK 105 INBOUNDS: 35 104 OUTBOUNDS: 6 [START=DF3D7D END=DF3DA2] MINREFS: STK=0/ARG=134, MAXBSP: C
; USE: edx.4,ebx.4,ebp.4,edi.4,ss.2,ds.2,(GLBLOW,LVARS,ARGS,GLBHIGH)
; DEF: cf.1,zf.1,sf.1,of.1,pf.1,eax.4,esi.4,sp+8.4
; DNU: cf.1,zf.1,sf.1,of.1,pf.1,eax.4
 add     ebx.4,  [ss.2: (ebp.4+ #8.4 ) ].4 , esi.4 ; DF3D80 u=ebx.4,ebp.4,ss.2,(GLBLOW,LVARS,ARGS,GLBHIGH) d=esi.4
 ldx     ss.2,  (ebp.4+ #0x10.4 ) , %0x8.4 ; DF3D8F u=ebp.4,ss.2,(GLBLOW,LVARS,ARGS,GLBHIGH) d=sp+8.4
 sar     esi.4,  #1.1 , esi.4      ; DF3D90 u=esi.4      d=esi.4
 ldx     ds.2,  (edx.4+ ( #4.4 *esi.4) ) , eax.4 ; DF3D98 u=edx.4,esi.4,ds.2,(GLBLOW,LVARS,ARGS,GLBHIGH) d=eax.4
 cfadd   edi.4, eax.4, cf.1      ; DF3D9B u=eax.4,edi.4 d=cf.1
 ofadd   edi.4, eax.4, of.1      ; DF3D9B u=eax.4,edi.4 d=of.1
 setz     (edi.4+eax.4) ,  #0.4 , zf.1 ; DF3D9B u=eax.4,edi.4 d=zf.1
 setp     (edi.4+eax.4) ,  #0.4 , pf.1 ; DF3D9B u=eax.4,edi.4 d=pf.1
 sets     (edi.4+eax.4) , sf.1     ; DF3D9B u=eax.4,edi.4 d=sf.1
 add     edi.4, eax.4, eax.4     ; DF3D9B u=eax.4,edi.4 d=eax.4
 goto    @)(00000000000000306)                      ; DF3D9D u=

; 1WAY-BLOCK 106 INBOUNDS: 23 OUTBOUNDS: 58 [START=DF49B8 END=DF49BE] MINREFS: STK=0/ARG=134, MAXBSP: 8
; USE: ecx.4
; DEF: sp+4.4
 mov     ecx.4, %0x4.4           ; DF49B8 u=ecx.4      d=sp+4.4
 goto    @)(00000000000001D058)                     ; DF49B9 u=

; 1WAY-BLOCK 107 INBOUNDS: 7 OUTBOUNDS: 108 [START=DF7560 END=DF7563] MINREFS: STK=0/ARG=134, MAXBSP: C
; USE: esi.4
; DEF: ebx.4
; DNU: ebx.4
 mov      #0xFFFFFFFF.4 , eax.4    ; DF7560 assert u=           d=eax.4
 sub     esi.4,  #1.4 , ebx.4      ; DF7560 u=esi.4      d=ebx.4

; 1WAY-BLOCK 108 INBOUNDS: 77 86 107 114 OUTBOUNDS: 26 [START=DF7563 END=DF756B] MINREFS: STK=0/ARG=134, MAXBSP: C
; USE: ebx.4,ebp.4,ss.2,(GLBLOW,LVARS,ARGS,GLBHIGH)
; DEF: cf.1,zf.1,sf.1,of.1,pf.1
; DNU: cf.1,zf.1,sf.1,of.1,pf.1
 setb     [ss.2: (ebp.4+ #8.4 ) ].4 , ebx.4, cf.1 ; DF7563 u=ebx.4,ebp.4,ss.2,(GLBLOW,LVARS,ARGS,GLBHIGH) d=cf.1
 seto     [ss.2: (ebp.4+ #8.4 ) ].4 , ebx.4, of.1 ; DF7563 u=ebx.4,ebp.4,ss.2,(GLBLOW,LVARS,ARGS,GLBHIGH) d=of.1
 setz     [ss.2: (ebp.4+ #8.4 ) ].4 , ebx.4, zf.1 ; DF7563 u=ebx.4,ebp.4,ss.2,(GLBLOW,LVARS,ARGS,GLBHIGH) d=zf.1
 setp     [ss.2: (ebp.4+ #8.4 ) ].4 , ebx.4, pf.1 ; DF7563 u=ebx.4,ebp.4,ss.2,(GLBLOW,LVARS,ARGS,GLBHIGH) d=pf.1
 sets     ( [ss.2: (ebp.4+ #8.4 ) ].4 -ebx.4) , sf.1 ; DF7563 u=ebx.4,ebp.4,ss.2,(GLBLOW,LVARS,ARGS,GLBHIGH) d=sf.1
 goto    @)(00000000000000D026)                     ; DF7566 u=

; 1WAY-BLOCK 109 INBOUNDS: 85 OUTBOUNDS: 77 [START=DFC05A END=DFC080] MINREFS: STK=0/ARG=134, MAXBSP: C
; USE: ebx.4,ebp.4,rdi.8,ss.2,ds.2,(GLBLOW,LVARS,ARGS,GLBHIGH)
; DEF: rax.8,ecx.4,(GLBLOW,LVARS,ARGS,GLBHIGH)
; DNU: edx.4
 add      [ds.2: ( ( [ss.2: (ebp.4- #4.4 ) ].4 +edi.4) + #0x24.4 ) ].4 ,  ( #2.4 *esi.4) , eax.4 ; DFC068 u=ebp.4,rdi.8,ss.2,ds.2,(GLBLOW,LVARS,ARGS,GLBHIGH) d=eax.4
 xdu      [ds.2: (eax.4+edi.4) ].2 , ecx.4 ; DFC071 u=eax.4,edi.4,ds.2,(GLBLOW,LVARS,ARGS,GLBHIGH) d=ecx.4
 add     ebx.4,  #1.4 , edx.4      ; DFC075 u=ebx.4      d=edx.4
 stx     ecx.4, ss.2,  (ebp.4- #8.4 )  ; DFC078 u=ecx.4,ebp.4,ss.2 d=(GLBLOW,LVARS,ARGS,GLBHIGH)
 goto    @)(000000000000026877)                     ; DFC07B u=

; 1WAY-BLOCK 110 INBOUNDS: 69 OUTBOUNDS: 111 [START=DFD9D1 END=DFD9D3] MINREFS: STK=0/ARG=134, MAXBSP: 4
; USE: eax.4,cs.2,(edx.4,rcx.8,ebp.4,rdi.8,st0.8,st1.8,st2.8,st3.8,st4.8,st5.8,st6.8,st7.8,mm0.8,mm1.8,mm2.8,mm3.8,mm4.8,mm5.8,mm6.8,mm7.8,xmm0.16,xmm1.16,xmm2.16,xmm3.16,xmm4.16,xmm5.16,xmm6.16,xmm7.16,xmm8.16,xmm9.16,xmm10.16,xmm11.16,xmm12.16,xmm13.16,xmm14.16,xmm15.16,GLBLOW,LVARS,ARGS,GLBHIGH)
; DEF: (cf.1,zf.1,sf.1,of.1,pf.1,rax.8,ecx.4,fps.2,fl.1,c0.1,c2.1,c3.1,df.1,if.1,ALLMEM)
 icall   cs.2, eax.4             ; DFD9D1 u=eax.4,cs.2,(edx.4,rcx.8,ebp.4,rdi.8,st0.8,st1.8,st2.8,st3.8,st4.8,st5.8,st6.8,st7.8,mm0.8,mm1.8,mm2.8,mm3.8,mm4.8,mm5.8,mm6.8,mm7.8,xmm0.16,xmm1.16,xmm2.16,xmm3.16,xmm4.16,xmm5.16,xmm6.16,xmm7.16,xmm8.16,xmm9.16,xmm10.16,xmm11.16,xmm12.16,xmm13.16,xmm14.16,xmm15.16,GLBLOW,LVARS,ARGS,GLBHIGH) d=(cf.1,zf.1,sf.1,of.1,pf.1,rax.8,ecx.4,fps.2,fl.1,c0.1,c2.1,c3.1,df.1,if.1,ALLMEM)

; 1WAY-BLOCK 111 INBOUNDS: 110 OUTBOUNDS: 9 [START=DFD9D3 END=DFD9E1] MINREFS: STK=0/ARG=134, MAXBSP: 18
; USE: sp+C.C
; DEF: ebx.4,rdi.8
; DNU: ebx.4,rdi.8
 mov     %0xC.4, esi.4           ; DFD9D3 u=sp+C.4     d=esi.4
 mov     %0x10.4, ebx.4          ; DFD9DA u=sp+10.4    d=ebx.4
 mov     %0x14.4, edi.4          ; DFD9DB u=sp+14.4    d=edi.4
 goto    @)(00000000000000489)                      ; DFD9DC u=

; 1WAY-BLOCK 112 TAILCALL INBOUNDS: 18 OUTBOUNDS: 113 [START=DFF249 END=DFF251] MINREFS: STK=0/ARG=134, MAXBSP: 130
; USE: (rax.8,rcx.8,ebp.4,rdi.8,st0.8,st1.8,st2.8,st3.8,st4.8,st5.8,st6.8,st7.8,mm0.8,mm1.8,mm2.8,mm3.8,mm4.8,mm5.8,mm6.8,mm7.8,xmm0.16,xmm1.16,xmm2.16,xmm3.16,xmm4.16,xmm5.16,xmm6.16,xmm7.16,xmm8.16,xmm9.16,xmm10.16,xmm11.16,xmm12.16,xmm13.16,xmm14.16,xmm15.16,GLBLOW,LVARS,ARGS,GLBHIGH)
; DEF: (cf.1,zf.1,sf.1,of.1,pf.1,rax.8,ecx.4,fps.2,st7.8,fl.1,c0.1,c2.1,c3.1,df.1,if.1,xmm0.16,ALLMEM)
 call    $nullsub_3              ; DFF24C tailcall u=(rax.8,rcx.8,ebp.4,rdi.8,st0.8,st1.8,st2.8,st3.8,st4.8,st5.8,st6.8,st7.8,mm0.8,mm1.8,mm2.8,mm3.8,mm4.8,mm5.8,mm6.8,mm7.8,xmm0.16,xmm1.16,xmm2.16,xmm3.16,xmm4.16,xmm5.16,xmm6.16,xmm7.16,xmm8.16,xmm9.16,xmm10.16,xmm11.16,xmm12.16,xmm13.16,xmm14.16,xmm15.16,GLBLOW,LVARS,ARGS,GLBHIGH) d=(cf.1,zf.1,sf.1,of.1,pf.1,rax.8,ecx.4,fps.2,st7.8,fl.1,c0.1,c2.1,c3.1,df.1,if.1,xmm0.16,ALLMEM)

; 1WAY-BLOCK 113 FAKE INBOUNDS: 112 OUTBOUNDS: 132 [START=DFF24C END=DFF251] MINREFS: STK=0/ARG=134, MAXBSP: 130
 goto    @)(0000000000000420132)                    ; DFF24C u=

; 1WAY-BLOCK 114 INBOUNDS: 87 OUTBOUNDS: 108 [START=E0152E END=E01533] MINREFS: STK=0/ARG=134, MAXBSP: C
 goto    @)(0000000000000360108)                    ; E0152E u=

; 1WAY-BLOCK 115 INBOUNDS: 118 OUTBOUNDS: 96 [START=E03C57 END=E03C5E] MINREFS: STK=0/ARG=134, MAXBSP: 14
; USE: ecx.4
; DEF: cf.1,zf.1,sf.1,of.1,pf.1
; DNU: cf.1,zf.1,sf.1,of.1,pf.1
 mov      #0.1 , cf.1              ; E03C57 u=           d=cf.1
 mov      #0.1 , of.1              ; E03C57 u=           d=of.1
 setz    ecx.4,  #0.4 , zf.1       ; E03C57 u=ecx.4      d=zf.1
 setp    ecx.4,  #0.4 , pf.1       ; E03C57 u=ecx.4      d=pf.1
 sets    ecx.4, sf.1             ; E03C57 u=ecx.4      d=sf.1
 goto    @)(000000000000030096)                     ; E03C59 u=

; 1WAY-BLOCK 116 INBOUNDS: 62 OUTBOUNDS: 22 [START=E0B064 END=E0B076] MINREFS: STK=0/ARG=134, MAXBSP: C
; USE: esi.4,ds.2,(GLBLOW,LVARS,ARGS,GLBHIGH)
; DEF: cf.1,zf.1,sf.1,of.1,pf.1,ecx.4
; DNU: cf.1,zf.1,sf.1,of.1,pf.1,ecx.4
 setb     [ds.2: (esi.4+ #1.4 ) ].1 ,  #0x23.1 , cf.1 ; E0B064 u=esi.4,ds.2,(GLBLOW,LVARS,ARGS,GLBHIGH) d=cf.1
 seto     [ds.2: (esi.4+ #1.4 ) ].1 ,  #0x23.1 , of.1 ; E0B064 u=esi.4,ds.2,(GLBLOW,LVARS,ARGS,GLBHIGH) d=of.1
 setz     [ds.2: (esi.4+ #1.4 ) ].1 ,  #0x23.1 , zf.1 ; E0B064 u=esi.4,ds.2,(GLBLOW,LVARS,ARGS,GLBHIGH) d=zf.1
 setp     [ds.2: (esi.4+ #1.4 ) ].1 ,  #0x23.1 , pf.1 ; E0B064 u=esi.4,ds.2,(GLBLOW,LVARS,ARGS,GLBHIGH) d=pf.1
 sets     ( [ds.2: (esi.4+ #1.4 ) ].1 - #0x23.1 ) , sf.1 ; E0B064 u=esi.4,ds.2,(GLBLOW,LVARS,ARGS,GLBHIGH) d=sf.1
 add     esi.4,  #1.4 , ecx.4      ; E0B06E u=esi.4      d=ecx.4
 goto    @)(00000000000000B022)                     ; E0B071 u=

; 2WAY-BLOCK 117 INBOUNDS: 1 OUTBOUNDS: 118 98 [START=E111C2 END=E111C8] MINREFS: STK=0/ARG=134, MAXBSP: 14
; USE: zf.1
 jcnd    zf.1, @)(000000000000031098)               ; E111C2 u=zf.1

; 1WAY-BLOCK 118 INBOUNDS: 117 OUTBOUNDS: 115 [START=E111C8 END=E111D0] MINREFS: STK=0/ARG=134, MAXBSP: 14
; USE: ebp.4,ss.2,(GLBLOW,LVARS,ARGS,GLBHIGH)
; DEF: ecx.4
; DNU: ecx.4
 ldx     ss.2,  (ebp.4+ #0xC.4 ) , ecx.4 ; E111C8 u=ebp.4,ss.2,(GLBLOW,LVARS,ARGS,GLBHIGH) d=ecx.4
 goto    @)(0000000000000398115)                    ; E111CB u=

; 2WAY-BLOCK 119 INBOUNDS: 90 OUTBOUNDS: 120 128 [START=E1C17C END=E1C182] MINREFS: STK=0/ARG=134, MAXBSP: C
; USE: zf.1
 jcnd     lnot(zf.1) , @)(0000000000000400128)        ; E1C17C u=zf.1

; 1WAY-BLOCK 120 INBOUNDS: 119 OUTBOUNDS: 132 [START=E1C182 END=E1C191] MINREFS: STK=0/ARG=134, MAXBSP: 130
; USE: sp+C.C
; DEF: cf.1,zf.1,sf.1,of.1,pf.1,eax.4,ebx.4,rdi.8
; DNU: cf.1,zf.1,sf.1,of.1,pf.1,eax.4,ebx.4,rdi.8
 mov     %0xC.4, esi.4           ; E1C182 u=sp+C.4     d=esi.4
 mov     %0x10.4, ebx.4          ; E1C186 u=sp+10.4    d=ebx.4
 mov      #0.4 , eax.4             ; E1C187 u=           d=eax.4
 mov      #0.1 , cf.1              ; E1C187 u=           d=cf.1
 mov      #0.1 , of.1              ; E1C187 u=           d=of.1
 mov      #1.1 , zf.1              ; E1C187 u=           d=zf.1
 setp     #0.4 ,  #0.4 , pf.1        ; E1C187 u=           d=pf.1
 mov      #0.1 , sf.1              ; E1C187 u=           d=sf.1
 mov     %0x14.4, edi.4          ; E1C18C u=sp+14.4    d=edi.4
 goto    @)(0000000000000420132)                    ; E1C190 u=

; 1WAY-BLOCK 121 INBOUNDS: 58 OUTBOUNDS: 122 [START=E1D068 END=E1D06D] MINREFS: STK=0/ARG=134, MAXBSP: 0
; USE: (rax.8,rcx.8,ebp.4,rdi.8,st0.8,st1.8,st2.8,st3.8,st4.8,st5.8,st6.8,st7.8,mm0.8,mm1.8,mm2.8,mm3.8,mm4.8,mm5.8,mm6.8,mm7.8,xmm0.16,xmm1.16,xmm2.16,xmm3.16,xmm4.16,xmm5.16,xmm6.16,xmm7.16,xmm8.16,xmm9.16,xmm10.16,xmm11.16,xmm12.16,xmm13.16,xmm14.16,xmm15.16,GLBLOW,LVARS,ARGS,GLBHIGH)
; DEF: (cf.1,zf.1,sf.1,of.1,pf.1,rax.8,ecx.4,fps.2,st7.8,fl.1,c0.1,c2.1,c3.1,df.1,if.1,xmm0.16,ALLMEM)
 call    $sub_C6CFD7             ; E1D068 u=(rax.8,rcx.8,ebp.4,rdi.8,st0.8,st1.8,st2.8,st3.8,st4.8,st5.8,st6.8,st7.8,mm0.8,mm1.8,mm2.8,mm3.8,mm4.8,mm5.8,mm6.8,mm7.8,xmm0.16,xmm1.16,xmm2.16,xmm3.16,xmm4.16,xmm5.16,xmm6.16,xmm7.16,xmm8.16,xmm9.16,xmm10.16,xmm11.16,xmm12.16,xmm13.16,xmm14.16,xmm15.16,GLBLOW,LVARS,ARGS,GLBHIGH) d=(cf.1,zf.1,sf.1,of.1,pf.1,rax.8,ecx.4,fps.2,st7.8,fl.1,c0.1,c2.1,c3.1,df.1,if.1,xmm0.16,ALLMEM)

; 2WAY-BLOCK 122 PROP INBOUNDS: 121 OUTBOUNDS: 123 124 [START=E1D06D END=E1D077] MINREFS: STK=0/ARG=134, MAXBSP: C
; USE-DEF LISTS ARE NOT READY
 cfadd   &(%0x0).4,  #0xC.4 , cf.1 ; E1D06D u=           d=cf.1
 ofadd    #0xC.4 , &(%0x0).4, of.1 ; E1D06D u=           d=of.1
 setz    &(%0xC).4,  #0.4 , zf.1   ; E1D06D u=           d=zf.1
 setp    &(%0xC).4,  #0.4 , pf.1   ; E1D06D u=           d=pf.1
 sets    &(%0xC).4, sf.1         ; E1D06D u=           d=sf.1
 mov      call !_byteswap_ushort<fast:"unsigned __int16" di.2> => "unsigned __int16" .2 , di.2 ; E1D070 u=di.2       d=di.2
 jcnd     lnot( ( (sf.1 ^ of.1)  | zf.1) ) , @)(00000000000003E0124) ; E1D073 u=zf.1,sf.1,of.1

; 1WAY-BLOCK 123 FAKE INBOUNDS: 122 OUTBOUNDS: 124 [START=E1D073 END=E1D077] MINREFS: STK=0/ARG=134, MAXBSP: C
; USE: dx.2
; DEF: bx.2
; DNU: bx.2
 mov     dx.2, bx.2              ; E1D073 u=dx.2       d=bx.2

; 2WAY-BLOCK 124 INBOUNDS: 122 123 OUTBOUNDS: 125 126 [START=E1D077 END=E1D07B] MINREFS: STK=0/ARG=134, MAXBSP: 10
; USE: zf.1,sp+C.4
; DEF: esi.4
; DNU: esi.4
 mov     %0xC.4, esi.4           ; E1D077 u=sp+C.4     d=esi.4
 jcnd    zf.1, @)(00000000000003F0126)              ; E1D078 u=zf.1

; 1WAY-BLOCK 125 FAKE INBOUNDS: 124 OUTBOUNDS: 126 [START=E1D078 END=E1D07B] MINREFS: STK=0/ARG=134, MAXBSP: 10
; USE: edi.4
; DEF: ebx.4
; DNU: ebx.4
 mov     edi.4, ebx.4            ; E1D078 u=edi.4      d=ebx.4

; 1WAY-BLOCK 126 INBOUNDS: 124 125 OUTBOUNDS: 84 [START=E1D07B END=E1D08C] MINREFS: STK=0/ARG=134, MAXBSP: 18
; USE: sp+10.8
; DEF: ebx.4,edi.4
; DNU: ebx.4,edi.4
 mov     %0x10.4, ebx.4          ; E1D07B u=sp+10.4    d=ebx.4
 mov     %0x14.4, edi.4          ; E1D086 u=sp+14.4    d=edi.4
 goto    @)(00000000000002A084)                     ; E1D087 u=

; 2WAY-BLOCK 127 INBOUNDS: 3 OUTBOUNDS: 128 16 [START=E289FD END=E28A03] MINREFS: STK=0/ARG=134, MAXBSP: C
; USE: zf.1
 jcnd    zf.1, @)(000000000000008016)               ; E289FD u=zf.1

; 2WAY-BLOCK 128 INBOUNDS: 119 127 OUTBOUNDS: 129 103 [START=E28A03 END=E28A0B] MINREFS: STK=0/ARG=134, MAXBSP: C
; USE: eax.4,ecx.4
; DEF: cf.1,zf.1,sf.1,of.1,pf.1
; DNU: cf.1,zf.1,sf.1,of.1,pf.1
 setb    ecx.4, eax.4, cf.1      ; E28A03 u=eax.4,ecx.4 d=cf.1
 seto    ecx.4, eax.4, of.1      ; E28A03 u=eax.4,ecx.4 d=of.1
 setz    ecx.4, eax.4, zf.1      ; E28A03 u=eax.4,ecx.4 d=zf.1
 setp    ecx.4, eax.4, pf.1      ; E28A03 u=eax.4,ecx.4 d=pf.1
 sets     (ecx.4-eax.4) , sf.1     ; E28A03 u=eax.4,ecx.4 d=sf.1
 jb      ecx.4, eax.4, @)(0000000000000338103)      ; E28A05 u=eax.4,ecx.4

; 2WAY-BLOCK 129 INBOUNDS: 128 OUTBOUNDS: 130 103 [START=E28A0B END=E28A20] MINREFS: STK=0/ARG=134, MAXBSP: C
; USE: eax.4,ecx.4,ebp.4,ss.2,(GLBLOW,LVARS,ARGS,GLBHIGH)
; DEF: cf.1,zf.1,sf.1,of.1,pf.1,edx.4
; DNU: cf.1,zf.1,sf.1,of.1,pf.1
 add      [ss.2: (ebp.4- #0x10.4 ) ].4 , eax.4, edx.4 ; E28A15 u=eax.4,ebp.4,ss.2,(GLBLOW,LVARS,ARGS,GLBHIGH) d=edx.4
 setb    ecx.4, edx.4, cf.1      ; E28A18 u=edx.4,ecx.4 d=cf.1
 seto    ecx.4, edx.4, of.1      ; E28A18 u=edx.4,ecx.4 d=of.1
 setz    ecx.4, edx.4, zf.1      ; E28A18 u=edx.4,ecx.4 d=zf.1
 setp    ecx.4, edx.4, pf.1      ; E28A18 u=edx.4,ecx.4 d=pf.1
 sets     (ecx.4-edx.4) , sf.1     ; E28A18 u=edx.4,ecx.4 d=sf.1
 jae     ecx.4, edx.4, @)(0000000000000338103)      ; E28A1A u=edx.4,ecx.4

; 1WAY-BLOCK 130 INBOUNDS: 129 OUTBOUNDS: 40 [START=E28A20 END=E28A3F] MINREFS: STK=0/ARG=134, MAXBSP: C
; USE: ecx.4,edi.4,ds.2,(GLBLOW,LVARS,ARGS,GLBHIGH)
; DEF: cf.1,zf.1,sf.1,of.1,pf.1,eax.4,cl.1,esi.4
; DNU: cf.1,zf.1,sf.1,of.1,pf.1,esi.4
 add     ecx.4, edi.4, eax.4     ; E28A20 u=ecx.4,edi.4 d=eax.4
 ldx     ds.2,  (ecx.4+edi.4) , cl.1 ; E28A23 u=ecx.4,edi.4,ds.2,(GLBLOW,LVARS,ARGS,GLBHIGH) d=cl.1
 mov     eax.4, esi.4            ; E28A2D u=eax.4      d=esi.4
 mov      #0.1 , cf.1              ; E28A38 u=           d=cf.1
 mov      #0.1 , of.1              ; E28A38 u=           d=of.1
 setz    cl.1,  #0.1 , zf.1        ; E28A38 u=cl.1       d=zf.1
 setp    cl.1,  #0.1 , pf.1        ; E28A38 u=cl.1       d=pf.1
 sets    cl.1, sf.1              ; E28A38 u=cl.1       d=sf.1
 goto    @)(000000000000014040)                     ; E28A3A u=

; 1WAY-BLOCK 131 INBOUNDS: 43 OUTBOUNDS: 15 [START=E2EBAE END=E2EBB6] MINREFS: STK=0/ARG=134, MAXBSP: C
; USE: cl.1,esi.4
; DEF: cf.1,zf.1,sf.1,of.1,pf.1,esi.4
; DNU: cf.1,zf.1,sf.1,of.1,pf.1,esi.4
 add     esi.4,  #1.4 , esi.4      ; E2EBAE u=esi.4      d=esi.4
 mov      #0.1 , cf.1              ; E2EBAF u=           d=cf.1
 mov      #0.1 , of.1              ; E2EBAF u=           d=of.1
 setz    cl.1,  #0.1 , zf.1        ; E2EBAF u=cl.1       d=zf.1
 setp    cl.1,  #0.1 , pf.1        ; E2EBAF u=cl.1       d=pf.1
 sets    cl.1, sf.1              ; E2EBAF u=cl.1       d=sf.1
 goto    @)(000000000000007815)                     ; E2EBB1 u=

; STOP-BLOCK 132 FAKE INBOUNDS: 10 25 60 67 83 84 113 120 [START=FFFFFFFF END=FFFFFFFF] MINREFS: STK=0/ARG=134, MAXBSP: 0
; USE: (rax.8,ebx.4,rdi.8,st7.8,xmm0.16)

