; STKD=0 MINREF=17/END=168 ARGS: OFF=16C/MINREF=26C/END=26C/SHADOW=0
; SAVEDREGS: ebx.4,esi.4,ebp.4
; 1WAY-BLOCK 0 FAKE OUTBOUNDS: 1 [START=E0E0CA END=E0E0CA] MINREFS: STK=168/ARG=26C, MAXBSP: 0
; DEF: (al.1,eax^2.2,edx.4,rcx.8,sp.2,ebp.4,esi.4,cs.2,fl.1,sp+28.4,sp+2D.1)

; 0WAY-BLOCK 1 PROP COMB INBOUNDS: 0 [START=E0E0CA END=E0E21A] MINREFS: STK=17/ARG=26C, MAXBSP: 168
; USE-DEF LISTS ARE NOT READY
 mov      #0.1 , bl.1              ; E0E0CE u=           d=bl.1
 add     ecx.4,  #1.4 , ecx.4{1}   ; E0E0D1 u=ecx.4      d=ecx.4
 mov     esi.4{2}, %0x1F.4{2}    ; E0E0D3 u=esi.4      d=sp+1F.4
 mov     edx.4{3}, %0x1B.4{3}    ; E0E0D4 u=edx.4      d=sp+1B.4
 call    !_BitScanReverse <fast:"unsigned int *" &(edx.4{5})<0/4>.4,"unsigned int" ebx.4{4}> => "unsigned __int8" .0 ; E0E0D5 u=ebx.4      d=edx.4
 cfshl   ebx.4{4}, cl.1{1}, tt.1{6} ; E0E0D8 u=cl.1,ebx.4 d=tt.1
 mov      call !__ROL4__<fast:_DWORD ebx.4{4},char cl.1{1}> => _DWORD .4 , ebx.4{7} ; E0E0D8 u=cl.1,ebx.4 d=ebx.4
 add     ecx.4{1},  #2.4 , ecx.4   ; E0E0DC u=ecx.4      d=ecx.4
 ext     ch.1,  #0x3A.1 , ch.1     ; E0E0DD u=ch.1       d=ch.1
 mov     al.1{8}, t0.1{8}        ; E0E0E0 split1 u=al.1       d=t0.1
 mov     dx.2{5}, ax.2{5}        ; E0E0E0 u=dx.2       d=ax.2
 mov     t0.1{8}, dl.1{8}        ; E0E0E0 split1 u=t0.1       d=dl.1
 mov      #0xF3.1 , dh.1           ; E0E0E2 u=           d=dh.1
 mov     &(%0x17).4, %0x13.4     ; E0E0E6 u=           d=sp+13.4
 add     bp.2,  #1.2 , bp.2{9}     ; E0E0ED u=bp.2       d=bp.2
 sub     edx.4,  ( xdu.4(tt.1{6}) + #0x55350FD7.4 ) , %0xF.4 ; E0E0F2 u=edx.4,tt.1 d=sp+F.4
 add     ecx.4,  #3.4 , ecx.4      ; E0E0F3 u=ecx.4      d=ecx.4
 add      ( CF(ebp.4+esi.4{2}) +ch.1) ,  #0x61.1 , ch.1 ; E0E0F4 u=ch.1,ebp.4,esi.4 d=ch.1
 mov     ebx.4{7}, %0xB.4{7}     ; E0E102 u=ebx.4      d=sp+B.4
 add     ecx.4,  #2.4 , ecx.4{10}  ; E0E106 u=ecx.4      d=ecx.4
 add     eax.4,  #0x697925A1.4 , %0x7.4 ; E0E107 u=eax.4      d=sp+7.4
 mov      #0.2 , dx.2{11}          ; E0E108 split2 u=           d=dx.2
 ext     dx.2{11}, dx.2          ; E0E10E u=dx.2       d=dx.2
 add     cx.2{10},  #1.2 , cx.2    ; E0E110 u=cx.2       d=cx.2
 ext     bp.2{9}, ax.2           ; E0E11F u=bp.2       d=ax.2
 mov     fl.1{12}, ah.1{12}      ; E0E134 u=fl.1       d=ah.1
 sub     ax.2,  #1.2 , ax.2        ; E0E13A split2 u=ax.2       d=ax.2
 mov     sp.2, bx.2{13}          ; E0E13B not_combinable split2 u=sp.2       d=bx.2
 add     ecx.4,  #2.4 , ecx.4{14}  ; E0E141 u=ecx.4      d=ecx.4
 ext     ah.1, cl.1{14}, ah.1    ; E0E144 u=ah.1,cl.1  d=ah.1
 add     ecx.4{14},  #3.4 , ecx.4  ; E0E17B u=ecx.4      d=ecx.4
 sub     ch.1,  #1.1 , ch.1        ; E0E17C u=ch.1       d=ch.1
 mov      #0.1 , dh.1{15}          ; E0E188 u=           d=dh.1
 add     ecx.4,  #2.4 , ecx.4{16}  ; E0E190 u=ecx.4      d=ecx.4
 ext     dh.1{15},  #0xCD.1 , dh.1 ; E0E191 u=dh.1       d=dh.1
 sar      xdu.2( low.1( call !_byteswap_ushort<fast:"unsigned __int16" bx.2{13}> => "unsigned __int16" .2 ) ) , cl.1{16}, bx.2 ; E0E194 u=cl.1,bx.2  d=bx.2
 ext     bh.1, cl.1{16}, bh.1    ; E0E197 u=cl.1,bh.1  d=bh.1
 mov      #0xFFFFFFFF.4 , eax.4{17} ; E0E199 u=           d=eax.4
 ext     ax.2{17}, ax.2          ; E0E19A u=ax.2       d=ax.2
 xor      call !__ROL4__<fast:_DWORD  ( ( (&(%0x28{18}).4- (eax.4{20}- #1.4 ) {19})  ^ %0x28.4) - #0x32FD3056.4 ) ,char  #1.1 > => _DWORD .4 ,  #0x8D9294CA.4 , ebx.4{21} ; E0E1EB u=eax.4,sp+28.4 d=ebx.4
 sub     &(%0x28{18}).4,  (eax.4{20}- #1.4 ) {19}, %0x29.4 ; E0E1F2 u=eax.4      d=sp+29.4
 add     ecx.4{16},  #4.4 , ecx.4  ; E0E1F3 u=ecx.4      d=ecx.4
 mul      #8.1 , ch.1, ch.1        ; E0E1F4 u=ch.1       d=ch.1
 xor     ebx.4{21}, %0x2A.4, %0x2A.4 ; E0E1FE u=ebx.4,sp+2A.4 d=sp+2A.4
 add     ecx.4,  #2.4 , ecx.4{22}  ; E0E201 u=ecx.4      d=ecx.4
 setz    ecx.4{22},  #0.4 , ch.1   ; E0E202 u=ecx.4      d=ch.1
 add     ecx.4,  #1.4 , ecx.4      ; E0E209 u=ecx.4      d=ecx.4
 ext     bx.2{21}, bx.2          ; E0E210 u=bx.2       d=bx.2
 ijmp    cs.2,  (ebx.4- #7.4 )       ; E1A28D u=ebx.4,cs.2

; STOP-BLOCK 2 FAKE [START=FFFFFFFF END=FFFFFFFF] MINREFS: STK=168/ARG=26C, MAXBSP: 0

